SQL> set lines 200
SQL> set pages 100
SQL> select to_char(sysdate, 'dd-mm-yyyy hh:mi:ss') from dual;

TO_CHAR(SYSDATE,'DD                                                                                                                                                                                     
-------------------                                                                                                                                                                                     
01-04-2021 10:34:47                                                                                                                                                                                     

SQL> insert into login_lab_bd values( 'Filimon Adrian', '334CC', 'Lab5', user, sysdate, null, null);

1 row created.

SQL> select * from login_lab_bd;

NUME_STUD                      GRUPA      LABORATOR  NUME_USER  DATA_IN   DATA_SF       DURATA                                                                                                          
------------------------------ ---------- ---------- ---------- --------- --------- ----------                                                                                                          
Filimon Adrian                 334CC      Lab5       SCOTT      01-APR-21                                                                                                                               
Filimon Adrian                 334CC      Lab2       SCOTT      12-MAR-21 12-MAR-21        156                                                                                                          
Filimon Adrian                 334CC      Lab3       SCOTT      18-MAR-21 18-MAR-21        108                                                                                                          
Filimon Adrian                 334CC      Lab3       SCOTT      18-MAR-21 18-MAR-21         37                                                                                                          
Filimon Adrian                 334CC      Lab4       SCOTT      26-MAR-21 26-MAR-21        127                                                                                                          

SQL> 
SQL> select * from angajati;

    ID_ANG NUME                           FUNCTIE                  ID_SEF DATA_ANG     SALARIU   COMISION     ID_DEP                                                                                    
---------- ------------------------------ -------------------- ---------- --------- ---------- ---------- ----------                                                                                    
      7369 SMITH                          CLERK                      7902 17-DEC-80        800                    20                                                                                    
      7499 ALLEN                          SALESMAN                   7698 20-FEB-81       1600        300         30                                                                                    
      7521 WARD                           SALESMAN                   7698 22-FEB-81       1250        500         30                                                                                    
      7566 JONES                          MANAGER                    7839 02-APR-81       2975                    20                                                                                    
      7654 MARTIN                         SALESMAN                   7698 28-SEP-81       1250       1400         30                                                                                    
      7698 BLAKE                          MANAGER                    7839 01-MAY-81       2850                    30                                                                                    
      7782 CLARK                          MANAGER                    7839 09-JUN-81       2450                    10                                                                                    
      7788 SCOTT                          ANALYST                    7566 19-APR-87       3000                    20                                                                                    
      7839 KING                           PRESIDENT                       17-NOV-81       5000                    10                                                                                    
      7844 TURNER                         SALESMAN                   7698 08-SEP-81       1500          0         30                                                                                    
      7876 ADAMS                          CLERK                      7788 23-MAY-87       1100                    20                                                                                    
      7900 JAMES                          CLERK                      7698 03-DEC-81        950                    30                                                                                    
      7902 FORD                           ANALYST                    7566 03-DEC-81       3000                    20                                                                                    
      7934 MILLER                         CLERK                      7782 23-JAN-82       1300                    10                                                                                    
      1111 IONESCU                        CLERK                                          12345                                                                                                          

15 rows selected.

SQL> select nume, functie, den_dep
  2  from angajati, departamente
  3  where functi = 'ANALYST';
where functi = 'ANALYST'
      *
ERROR at line 3:
ORA-00904: "FUNCTI": invalid identifier 


SQL> where functi = 'ANALYST';select nume, functie, den_dep
SP2-0734: unknown command beginning "where func..." - rest of line ignored.
SQL> from angajati, departamente
SP2-0734: unknown command beginning "from angaj..." - rest of line ignored.
SQL> where functie = 'ANALYST';
SP2-0734: unknown command beginning "where func..." - rest of line ignored.
SQL> select nume, functie, den_dep
  2  from angajati, departamente
  3  where functie = 'ANALYST';

NUME                           FUNCTIE              DEN_DEP                                                                                                                                             
------------------------------ -------------------- ------------------------------                                                                                                                      
SCOTT                          ANALYST              ACCOUNTING                                                                                                                                          
SCOTT                          ANALYST              RESEARCH                                                                                                                                            
SCOTT                          ANALYST              SALES                                                                                                                                               
SCOTT                          ANALYST              OPERATIONS                                                                                                                                          
FORD                           ANALYST              ACCOUNTING                                                                                                                                          
FORD                           ANALYST              RESEARCH                                                                                                                                            
FORD                           ANALYST              SALES                                                                                                                                               
FORD                           ANALYST              OPERATIONS                                                                                                                                          

8 rows selected.

SQL> select nume, functie, den_dep
  2  from angajati
  3      CROSS JOIN departamente
  4  where functie = 'ANALYST';

NUME                           FUNCTIE              DEN_DEP                                                                                                                                             
------------------------------ -------------------- ------------------------------                                                                                                                      
SCOTT                          ANALYST              ACCOUNTING                                                                                                                                          
SCOTT                          ANALYST              RESEARCH                                                                                                                                            
SCOTT                          ANALYST              SALES                                                                                                                                               
SCOTT                          ANALYST              OPERATIONS                                                                                                                                          
FORD                           ANALYST              ACCOUNTING                                                                                                                                          
FORD                           ANALYST              RESEARCH                                                                                                                                            
FORD                           ANALYST              SALES                                                                                                                                               
FORD                           ANALYST              OPERATIONS                                                                                                                                          

8 rows selected.

SQL> select
  2      a.id_dep,
  3      d.den_dep,
  4      a.nume,
  5      a.functie
  6  from
  7      angajati a,
  8      departamente d
  9  where
 10      a.id_dep = d.id_dep AND
 11      a.id_dep = 10
 12  ORDER BY 3;

    ID_DEP DEN_DEP                        NUME                           FUNCTIE                                                                                                                        
---------- ------------------------------ ------------------------------ --------------------                                                                                                           
        10 ACCOUNTING                     CLARK                          MANAGER                                                                                                                        
        10 ACCOUNTING                     KING                           PRESIDENT                                                                                                                      
        10 ACCOUNTING                     MILLER                         CLERK                                                                                                                          

SQL> SELECT
  2      angajati.id_dep,
  3      angajati.den_dep,
  4      angajati.nume,
  5      angajati.functie
  6  FROM
  7      angajati,
  8      departamente
  9  WHERE
 10      angajati.id_dep = departamente.id_dep AND
 11      angajati.id_dep = 10
 12  ORDER BY 3;
    angajati.den_dep,
    *
ERROR at line 3:
ORA-00904: "ANGAJATI"."DEN_DEP": invalid identifier 


SQL> SELECT
  2      angajati.id_dep,
  3      angajati.den_dep,
  4      angajati.nume,
  5      angajati.functie
  6  FROM
  7      angajati,
  8      departamente
  9  WHERE
 10      angajati.id_dep = departamente.id_dep AND
 11      angajati.id_dep = 10
 12  ORDER BY 3;
    angajati.den_dep,
    *
ERROR at line 3:
ORA-00904: "ANGAJATI"."DEN_DEP": invalid identifier 


SQL> SELECT
  2      angajati.id_dep,
  3      departamente.den_dep,
  4      angajati.nume,
  5      angajati.functie
  6  FROM
  7      angajati,
  8      departamente
  9  WHERE
 10      angajati.id_dep = departamente.id_dep AND
 11      angajati.id_dep = 10
 12  ORDER BY 3;

    ID_DEP DEN_DEP                        NUME                           FUNCTIE                                                                                                                        
---------- ------------------------------ ------------------------------ --------------------                                                                                                           
        10 ACCOUNTING                     CLARK                          MANAGER                                                                                                                        
        10 ACCOUNTING                     KING                           PRESIDENT                                                                                                                      
        10 ACCOUNTING                     MILLER                         CLERK                                                                                                                          

SQL> SELECT
  2      a.id_dep,
  3      d.den_dep,
  4      a.nume,
  5      a.functie
  6  FROM
  7      angaajati a
  8      JOIN departamente d ON a.id_dep = d.id_dep
  9  WHERE
 10      a.id_dep = 10
 11  ORDER BY 3;
    angaajati a
    *
ERROR at line 7:
ORA-00942: table or view does not exist 


SQL> SELECT
  2      a.id_dep,
  3      d.den_dep,
  4      a.nume,
  5      a.functie
  6  FROM
  7      angajati a
  8      JOIN departamente d ON a.id_dep = d.id_dep
  9  WHERE
 10      a.id_dep = 10
 11  ORDER BY 3;

    ID_DEP DEN_DEP                        NUME                           FUNCTIE                                                                                                                        
---------- ------------------------------ ------------------------------ --------------------                                                                                                           
        10 ACCOUNTING                     CLARK                          MANAGER                                                                                                                        
        10 ACCOUNTING                     KING                           PRESIDENT                                                                                                                      
        10 ACCOUNTING                     MILLER                         CLERK                                                                                                                          

SQL> SELECT
  2      a.id_dep,
  3      d.den_dep,
  4      a.nume,
  5      a.functie
  6  FROM
  7      angajati a
  8      INNER JOIN departamente d ON a.id_dep = d.id_dep
  9  WHERE
 10      a.id_dep = 10
 11  ORDER BY 3;

    ID_DEP DEN_DEP                        NUME                           FUNCTIE                                                                                                                        
---------- ------------------------------ ------------------------------ --------------------                                                                                                           
        10 ACCOUNTING                     CLARK                          MANAGER                                                                                                                        
        10 ACCOUNTING                     KING                           PRESIDENT                                                                                                                      
        10 ACCOUNTING                     MILLER                         CLERK                                                                                                                          

SQL> SELECT
  2      id_dep,
  3      d.den_dep,
  4      a.nume,
  5      a.functie
  6  FROM
  7      angajati a
  8      INNER JOIJN departamente d USING  (id_dep)
  9  WHERE
 10      id_dep = 10
 11  ORDER BY 3;
    INNER JOIJN departamente d USING  (id_dep)
          *
ERROR at line 8:
ORA-00905: missing keyword 


SQL> SELECT
  2      id_dep,
  3      d.den_dep,
  4      a.nume,
  5      a.functie
  6  FROM
  7      angajati a
  8      INNER JOIN departamente d USING  (id_dep)
  9  WHERE
 10      id_dep = 10
 11  ORDER BY 3;

    ID_DEP DEN_DEP                        NUME                           FUNCTIE                                                                                                                        
---------- ------------------------------ ------------------------------ --------------------                                                                                                           
        10 ACCOUNTING                     CLARK                          MANAGER                                                                                                                        
        10 ACCOUNTING                     KING                           PRESIDENT                                                                                                                      
        10 ACCOUNTING                     MILLER                         CLERK                                                                                                                          

SQL> SELECT
  2      id_dep,
  3      d.den_dep,
  4      a.nume,
  5      a.functie
  6  FROM
  7      angajati a
  8      JOIN departamente d USING (id_dep)
  9  WHERE
 10      id_dep = 10;

    ID_DEP DEN_DEP                        NUME                           FUNCTIE                                                                                                                        
---------- ------------------------------ ------------------------------ --------------------                                                                                                           
        10 ACCOUNTING                     CLARK                          MANAGER                                                                                                                        
        10 ACCOUNTING                     KING                           PRESIDENT                                                                                                                      
        10 ACCOUNTING                     MILLER                         CLERK                                                                                                                          

SQL> ORDERR BY 3;
SP2-0734: unknown command beginning "ORDERR BY ..." - rest of line ignored.
SQL> SELECT
  2      id_dep,
  3      d.den_dep,
  4      a.nume,
  5      a.functie
  6  FROM
  7      angajati a
  8      JOIN departamente d USING (id_dep)
  9  WHERE
 10      id_dep = 10;

    ID_DEP DEN_DEP                        NUME                           FUNCTIE                                                                                                                        
---------- ------------------------------ ------------------------------ --------------------                                                                                                           
        10 ACCOUNTING                     CLARK                          MANAGER                                                                                                                        
        10 ACCOUNTING                     KING                           PRESIDENT                                                                                                                      
        10 ACCOUNTING                     MILLER                         CLERK                                                                                                                          

SQL> ORDERR BY 3;
SP2-0734: unknown command beginning "ORDERR BY ..." - rest of line ignored.
SQL> SELECT
  2      id_dep,
  3      d.den_dep,
  4      a.nume,
  5      a.functie
  6  FROM
  7      angajati a
  8      JOIN departamente d USING (id_dep)
  9  WHERE
 10      id_dep = 10
 11  ORDERR BY 3;
ORDERR BY 3
*
ERROR at line 11:
ORA-00933: SQL command not properly ended 


SQL> SELECT
  2      id_dep,
  3      d.den_dep,
  4      a.nume,
  5      a.functie
  6  FROM
  7      angajati a
  8      JOIN departamente d USING (id_dep)
  9  WHERE
 10      id_dep = 10
 11  ORDER BY 3;

    ID_DEP DEN_DEP                        NUME                           FUNCTIE                                                                                                                        
---------- ------------------------------ ------------------------------ --------------------                                                                                                           
        10 ACCOUNTING                     CLARK                          MANAGER                                                                                                                        
        10 ACCOUNTING                     KING                           PRESIDENT                                                                                                                      
        10 ACCOUNTING                     MILLER                         CLERK                                                                                                                          

SQL> SELECT
  2      id_dep,
  3      den_dep,
  4      nume,
  5      functie
  6  FROM
  7      angajati
  8      NATURAL JOIN departamente
  9  WHERE
 10      id_dep = 10;

    ID_DEP DEN_DEP                        NUME                           FUNCTIE                                                                                                                        
---------- ------------------------------ ------------------------------ --------------------                                                                                                           
        10 ACCOUNTING                     CLARK                          MANAGER                                                                                                                        
        10 ACCOUNTING                     KING                           PRESIDENT                                                                                                                      
        10 ACCOUNTING                     MILLER                         CLERK                                                                                                                          

SQL> ORDER BY 3;
SP2-0042: unknown command "ORDER BY 3" - rest of line ignored.
SQL> SELECT
  2      id_dep,
  3      den_dep,
  4      nume,
  5      functie
  6  FROM
  7      angajati
  8      NATURAL JOIN departamente
  9  WHERE
 10      id_dep = 10
 11  ORDER BY 3;

    ID_DEP DEN_DEP                        NUME                           FUNCTIE                                                                                                                        
---------- ------------------------------ ------------------------------ --------------------                                                                                                           
        10 ACCOUNTING                     CLARK                          MANAGER                                                                                                                        
        10 ACCOUNTING                     KING                           PRESIDENT                                                                                                                      
        10 ACCOUNTING                     MILLER                         CLERK                                                                                                                          

SQL> SELECT
  2      a.nume,
  3      a.salariu,
  4      g.grad
  5  FROM
  6      angajati a,
  7      grila_salariu g
  8  WHERE
  9      a.salariu BETWEEN g.nivel_inf AND g.nivel_sup AND
 10      a.id_dep = 20;

NUME                              SALARIU       GRAD                                                                                                                                                    
------------------------------ ---------- ----------                                                                                                                                                    
SMITH                                 800          1                                                                                                                                                    
ADAMS                                1100          1                                                                                                                                                    
JONES                                2975          4                                                                                                                                                    
FORD                                 3000          4                                                                                                                                                    
SCOTT                                3000          4                                                                                                                                                    

SQL> SELECT
  2      a.nume,
  3      a.salariu,
  4      g.grad
  5  FROM
  6      angajati a,
  7      INNER JOIN grila_salariu g ON a.salariu BETWEEN g.nivel_inf AND g.nivel_sup
  8  WHERE
  9      a.id_dep = 20;
    INNER JOIN grila_salariu g ON a.salariu BETWEEN g.nivel_inf AND g.nivel_sup
    *
ERROR at line 7:
ORA-00942: table or view does not exist 


SQL> SELECT
  2      a.nume,
  3      a.salariu,
  4      g.grad
  5  FROM
  6      angajati a
  7      INNER JOIN grila_salariu g ON a.salariu BETWEEN g.nivel_inf AND g.nivel_sup
  8  WHERE
  9      a.id_dep = 20;

NUME                              SALARIU       GRAD                                                                                                                                                    
------------------------------ ---------- ----------                                                                                                                                                    
SMITH                                 800          1                                                                                                                                                    
ADAMS                                1100          1                                                                                                                                                    
JONES                                2975          4                                                                                                                                                    
FORD                                 3000          4                                                                                                                                                    
SCOTT                                3000          4                                                                                                                                                    

SQL> select * from grila_salariu;

      GRAD  NIVEL_INF  NIVEL_SUP                                                                                                                                                                        
---------- ---------- ----------                                                                                                                                                                        
         1        700       1200                                                                                                                                                                        
         2       1201       1400                                                                                                                                                                        
         3       1401       2000                                                                                                                                                                        
         4       2001       3000                                                                                                                                                                        
         5       3001       9999                                                                                                                                                                        

SQL> SELECT
  2      a.nume,
  3      a.salariu,
  4      g.grad.,
  5      d.den_dep
  6  FROM
  7      angajati a, grila_salariu g, departamente d
  8  WHERE
  9      a.salariu BETWEEN g.nivel_inf AND g.nivel_sup AND
 10      d.id_dep = a.id_dep AND
 11      a.id_dep = 20;
    g.grad.,
           *
ERROR at line 4:
ORA-01747: invalid user.table.column, table.column, or column specification 


SQL> ORDER BY 3, 1;
SP2-0734: unknown command beginning "ORDER BY 3..." - rest of line ignored.
SQL> SELECT
  2      a.nume,
  3      a.salariu,
  4      g.grad.,
  5      d.den_dep
  6  FROM
  7      angajati a, grila_salariu g, departamente d
  8  WHERE
  9      a.salariu BETWEEN g.nivel_inf AND g.nivel_sup AND
 10      d.id_dep = a.id_dep AND
 11      a.id_dep = 20
 12  ORDER BY 3, 1;
    g.grad.,
           *
ERROR at line 4:
ORA-01747: invalid user.table.column, table.column, or column specification 


SQL> SELECT
  2      a.nume,
  3      a.salariu,
  4      g.grad,
  5      d.den_dep
  6  FROM
  7      angajati a, grila_salariu g, departamente d
  8  WHERE
  9      a.salariu BETWEEN g.nivel_inf AND g.nivel_sup AND
 10      d.id_dep = a.id_dep AND
 11      a.id_dep = 20
 12  ORDER BY 3, 1;

NUME                              SALARIU       GRAD DEN_DEP                                                                                                                                            
------------------------------ ---------- ---------- ------------------------------                                                                                                                     
ADAMS                                1100          1 RESEARCH                                                                                                                                           
SMITH                                 800          1 RESEARCH                                                                                                                                           
FORD                                 3000          4 RESEARCH                                                                                                                                           
JONES                                2975          4 RESEARCH                                                                                                                                           
SCOTT                                3000          4 RESEARCH                                                                                                                                           

SQL> SELECT
  2      a.nume,
  3      a.salariu,
  4      g.grad,
  5      d.den_dep
  6  FROM
  7      angajati a
  8      INNER JOIN grila_salariu g
  9              ON a.salariu BETWEEN g.nivel_inf AND g.nivel_sup
 10      INNER JOIN departamente d
 11              ON d.id_dep = a.id_dep
 12  WHERE a.id_dep = 20
 13  ORDER BY 3, 1;

NUME                              SALARIU       GRAD DEN_DEP                                                                                                                                            
------------------------------ ---------- ---------- ------------------------------                                                                                                                     
ADAMS                                1100          1 RESEARCH                                                                                                                                           
SMITH                                 800          1 RESEARCH                                                                                                                                           
FORD                                 3000          4 RESEARCH                                                                                                                                           
JONES                                2975          4 RESEARCH                                                                                                                                           
SCOTT                                3000          4 RESEARCH                                                                                                                                           

SQL> SELECT
  2      a.nume,
  3      a.salariu,
  4      g.grad,
  5      d.den_dep
  6  FROM
  7      angajati a
  8      JOIN departamente d
  9              ON d.id_dep = a.id_dep
 10      JOIN grila_salariu g
 11              ON a.salariu >= g.nivel_inf AND a.salariu <= g.nivel_sup
 12  WHERE a.id_dep = 20
 13  ORDER BY 3, 1;

NUME                              SALARIU       GRAD DEN_DEP                                                                                                                                            
------------------------------ ---------- ---------- ------------------------------                                                                                                                     
ADAMS                                1100          1 RESEARCH                                                                                                                                           
SMITH                                 800          1 RESEARCH                                                                                                                                           
FORD                                 3000          4 RESEARCH                                                                                                                                           
JONES                                2975          4 RESEARCH                                                                                                                                           
SCOTT                                3000          4 RESEARCH                                                                                                                                           

SQL> SELECT
  2      a1.nume "Nume angajat",
  3      a1.functie "Functie angajat",
  4      a2.nume "Nume sef",
  5      a2.functie "Functie sef"
  6  FROM
  7      angajati a1,
  8      angajati a2
  9  WHERE
 10      a1.id_sef = a2.id_ang AND
 11      a1.id_dep = 10;

Nume angajat                   Functie angajat      Nume sef                       Functie sef                                                                                                          
------------------------------ -------------------- ------------------------------ --------------------                                                                                                 
MILLER                         CLERK                CLARK                          MANAGER                                                                                                              
CLARK                          MANAGER              KING                           PRESIDENT                                                                                                            

SQL> SELECT
  2      a1.nume "Nume angajat",
  3      a1.functie "Functie angajat",
  4      a2.nume "Nume sef",
  5      a2.functie "Functie sef"
  6  FROM
  7      angajati a1,
  8          INNER JOIN angajati a2
  9                  ON a1.id_sef = a2.id_ang
 10  WHERE
 11      a1.id_dep = 10;
        INNER JOIN angajati a2
        *
ERROR at line 8:
ORA-00942: table or view does not exist 


SQL> SELECT
  2      a1.nume "Nume angajat",
  3      a1.functie "Functie angajat",
  4      a2.nume "Nume sef",
  5      a2.functie "Functie sef"
  6  FROM
  7      angajati a1
  8          INNER JOIN angajati a2
  9                  ON a1.id_sef = a2.id_ang
 10  WHERE
 11      a1.id_dep = 10;

Nume angajat                   Functie angajat      Nume sef                       Functie sef                                                                                                          
------------------------------ -------------------- ------------------------------ --------------------                                                                                                 
MILLER                         CLERK                CLARK                          MANAGER                                                                                                              
CLARK                          MANAGER              KING                           PRESIDENT                                                                                                            

SQL> SELECT
  2      d.id_dep,
  3      d.den_dep,
  4      a.nume,
  5      a.functie
  6  FROM
  7      departamente d,
  8      angajati a
  9  WHERE
 10      d.id_dep = a.id_dep(+)
 11  ORDER BY a.id_dep;

    ID_DEP DEN_DEP                        NUME                           FUNCTIE                                                                                                                        
---------- ------------------------------ ------------------------------ --------------------                                                                                                           
        10 ACCOUNTING                     CLARK                          MANAGER                                                                                                                        
        10 ACCOUNTING                     MILLER                         CLERK                                                                                                                          
        10 ACCOUNTING                     KING                           PRESIDENT                                                                                                                      
        20 RESEARCH                       JONES                          MANAGER                                                                                                                        
        20 RESEARCH                       SMITH                          CLERK                                                                                                                          
        20 RESEARCH                       SCOTT                          ANALYST                                                                                                                        
        20 RESEARCH                       FORD                           ANALYST                                                                                                                        
        20 RESEARCH                       ADAMS                          CLERK                                                                                                                          
        30 SALES                          WARD                           SALESMAN                                                                                                                       
        30 SALES                          TURNER                         SALESMAN                                                                                                                       
        30 SALES                          ALLEN                          SALESMAN                                                                                                                       
        30 SALES                          JAMES                          CLERK                                                                                                                          
        30 SALES                          MARTIN                         SALESMAN                                                                                                                       
        30 SALES                          BLAKE                          MANAGER                                                                                                                        
        40 OPERATIONS                                                                                                                                                                                   

15 rows selected.

SQL> SELECT
  2      d.id_dep,
  3      d.den_dep,
  4      a.nume,
  5      a.functie
  6  FROM
  7      departamente d
  8          LEFT OUTER JOIN angajati a
  9                  ON d.id_dep - a.id_dep
 10  ORDER BY a.id_dep;
ORDER BY a.id_dep
*
ERROR at line 10:
ORA-00920: invalid relational operator 


SQL> SELECT
  2      d.id_dep,
  3      d.den_dep,
  4      a.nume,
  5      a.functie
  6  FROM
  7      departamente d
  8          LEFT OUTER JOIN angajati a
  9                  ON d.id_dep = a.id_dep
 10  ORDER BY a.id_dep;

    ID_DEP DEN_DEP                        NUME                           FUNCTIE                                                                                                                        
---------- ------------------------------ ------------------------------ --------------------                                                                                                           
        10 ACCOUNTING                     CLARK                          MANAGER                                                                                                                        
        10 ACCOUNTING                     MILLER                         CLERK                                                                                                                          
        10 ACCOUNTING                     KING                           PRESIDENT                                                                                                                      
        20 RESEARCH                       JONES                          MANAGER                                                                                                                        
        20 RESEARCH                       SMITH                          CLERK                                                                                                                          
        20 RESEARCH                       SCOTT                          ANALYST                                                                                                                        
        20 RESEARCH                       FORD                           ANALYST                                                                                                                        
        20 RESEARCH                       ADAMS                          CLERK                                                                                                                          
        30 SALES                          WARD                           SALESMAN                                                                                                                       
        30 SALES                          TURNER                         SALESMAN                                                                                                                       
        30 SALES                          ALLEN                          SALESMAN                                                                                                                       
        30 SALES                          JAMES                          CLERK                                                                                                                          
        30 SALES                          MARTIN                         SALESMAN                                                                                                                       
        30 SALES                          BLAKE                          MANAGER                                                                                                                        
        40 OPERATIONS                                                                                                                                                                                   

15 rows selected.

SQL> SELECT
  2      a.nume,
  3      a.salariu,
  4      g.grad
  5  FROM grila_salariu g
  6      FULL OUTER JOIN angajati a
  7              ON a.salariu * 2 BETWEEN g.nivel_inf AND g.nivel_sup
  8  ORDER BY a.nume;

NUME                              SALARIU       GRAD                                                                                                                                                    
------------------------------ ---------- ----------                                                                                                                                                    
ADAMS                                1100          4                                                                                                                                                    
ALLEN                                1600          5                                                                                                                                                    
BLAKE                                2850          5                                                                                                                                                    
CLARK                                2450          5                                                                                                                                                    
FORD                                 3000          5                                                                                                                                                    
IONESCU                             12345                                                                                                                                                               
JAMES                                 950          3                                                                                                                                                    
JONES                                2975          5                                                                                                                                                    
KING                                 5000                                                                                                                                                               
MARTIN                               1250          4                                                                                                                                                    
MILLER                               1300          4                                                                                                                                                    
SCOTT                                3000          5                                                                                                                                                    
SMITH                                 800          3                                                                                                                                                    
TURNER                               1500          4                                                                                                                                                    
WARD                                 1250          4                                                                                                                                                    
                                                   2                                                                                                                                                    
                                                   1                                                                                                                                                    

17 rows selected.

SQL> SELECT
  2      d.den_dep,
  3      a.nume,
  4      a.salariu,
  5      g.grad
  6  FROM grila_salariu g
  7          FULL OUTER JOIN angajati a
  8                  RIGHT OUTER JOIN departamente d
  9                          ON d.id_dep = a.id_dep
 10                  ON a.salariu * 2 BETWEEN g.nivel_inf AND g.nivel_sup
 11  ORDER BY d.den_dep, a.nume, g.grad;

DEN_DEP                        NUME                              SALARIU       GRAD                                                                                                                     
------------------------------ ------------------------------ ---------- ----------                                                                                                                     
ACCOUNTING                     CLARK                                2450          5                                                                                                                     
ACCOUNTING                     KING                                 5000                                                                                                                                
ACCOUNTING                     MILLER                               1300          4                                                                                                                     
OPERATIONS                                                                                                                                                                                              
RESEARCH                       ADAMS                                1100          4                                                                                                                     
RESEARCH                       FORD                                 3000          5                                                                                                                     
RESEARCH                       JONES                                2975          5                                                                                                                     
RESEARCH                       SCOTT                                3000          5                                                                                                                     
RESEARCH                       SMITH                                 800          3                                                                                                                     
SALES                          ALLEN                                1600          5                                                                                                                     
SALES                          BLAKE                                2850          5                                                                                                                     
SALES                          JAMES                                 950          3                                                                                                                     
SALES                          MARTIN                               1250          4                                                                                                                     
SALES                          TURNER                               1500          4                                                                                                                     
SALES                          WARD                                 1250          4                                                                                                                     
                                                                                  1                                                                                                                     
                                                                                  2                                                                                                                     

17 rows selected.

SQL> SELECT
  2      d.den_dep,
  3      a.nume,
  4      a.salariu,
  5      g.grad
  6  FROM
  7      angajati a
  8      FULL OUTER JOIN grila_salariu g
  9              ON a.salariu * 2 BETWEEN g.nivel_inf AND g.nivel_sup
 10      FULL OUTER JOIN departamente d
 11              ON d.id_dep = a.id_dep
 12  ORDER BY d.den_dep, a.nume, g.grad;

DEN_DEP                        NUME                              SALARIU       GRAD                                                                                                                     
------------------------------ ------------------------------ ---------- ----------                                                                                                                     
ACCOUNTING                     CLARK                                2450          5                                                                                                                     
ACCOUNTING                     KING                                 5000                                                                                                                                
ACCOUNTING                     MILLER                               1300          4                                                                                                                     
OPERATIONS                                                                                                                                                                                              
RESEARCH                       ADAMS                                1100          4                                                                                                                     
RESEARCH                       FORD                                 3000          5                                                                                                                     
RESEARCH                       JONES                                2975          5                                                                                                                     
RESEARCH                       SCOTT                                3000          5                                                                                                                     
RESEARCH                       SMITH                                 800          3                                                                                                                     
SALES                          ALLEN                                1600          5                                                                                                                     
SALES                          BLAKE                                2850          5                                                                                                                     
SALES                          JAMES                                 950          3                                                                                                                     
SALES                          MARTIN                               1250          4                                                                                                                     
SALES                          TURNER                               1500          4                                                                                                                     
SALES                          WARD                                 1250          4                                                                                                                     
                               IONESCU                             12345                                                                                                                                
                                                                                  1                                                                                                                     
                                                                                  2                                                                                                                     

18 rows selected.

SQL> SELECT
  2      id_dep,
  3      nume,
  4      functie,
  5      salariu
  6  from
  7      ANGAJATI
  8  where
  9      id_dep = 10
 10  UNION
 11  SELECT
 12      id_dep,
 13      nume,
 14      functie,
 15      salariu
 16  FROM angajati
 17  WHERE
 18      id_dep = 30;

    ID_DEP NUME                           FUNCTIE                 SALARIU                                                                                                                               
---------- ------------------------------ -------------------- ----------                                                                                                                               
        10 CLARK                          MANAGER                    2450                                                                                                                               
        10 KING                           PRESIDENT                  5000                                                                                                                               
        10 MILLER                         CLERK                      1300                                                                                                                               
        30 ALLEN                          SALESMAN                   1600                                                                                                                               
        30 BLAKE                          MANAGER                    2850                                                                                                                               
        30 JAMES                          CLERK                       950                                                                                                                               
        30 MARTIN                         SALESMAN                   1250                                                                                                                               
        30 TURNER                         SALESMAN                   1500                                                                                                                               
        30 WARD                           SALESMAN                   1250                                                                                                                               

9 rows selected.

SQL> select
  2      id_dep, nume, 'are salariul' are, salariu sal_com
  3  from angajati
  4  where id_dep = 10
  5  UNION
  6  select id_dep, nume, 'are comisionul' are, comision sal_com
  7  from angajati
  8  where id_dep = 30;

    ID_DEP NUME                           ARE               SAL_COM                                                                                                                                     
---------- ------------------------------ -------------- ----------                                                                                                                                     
        10 CLARK                          are salariul         2450                                                                                                                                     
        10 KING                           are salariul         5000                                                                                                                                     
        10 MILLER                         are salariul         1300                                                                                                                                     
        30 ALLEN                          are comisionul        300                                                                                                                                     
        30 BLAKE                          are comisionul                                                                                                                                                
        30 JAMES                          are comisionul                                                                                                                                                
        30 MARTIN                         are comisionul       1400                                                                                                                                     
        30 TURNER                         are comisionul          0                                                                                                                                     
        30 WARD                           are comisionul        500                                                                                                                                     

9 rows selected.

SQL> select functie from angajati where id_dep = 10
  2  union all
  3  select functie from angajati where id_dep = 20;

FUNCTIE                                                                                                                                                                                                 
--------------------                                                                                                                                                                                    
MANAGER                                                                                                                                                                                                 
PRESIDENT                                                                                                                                                                                               
CLERK                                                                                                                                                                                                   
CLERK                                                                                                                                                                                                   
MANAGER                                                                                                                                                                                                 
ANALYST                                                                                                                                                                                                 
CLERK                                                                                                                                                                                                   
ANALYST                                                                                                                                                                                                 

8 rows selected.

SQL> select functie, nvl(comision, 0) comision
  2      from angajati where id_dep = 10
  3  intersect
  4  select functie, nvl(comision, 0)
  5      from angajati where id_dep = 20
  6  intersect
  7  select functie, nvl(comision, 0)
  8      from angajati where id_dep = 30;

FUNCTIE                COMISION                                                                                                                                                                         
-------------------- ----------                                                                                                                                                                         
CLERK                         0                                                                                                                                                                         
MANAGER                       0                                                                                                                                                                         

SQL> select functie
  2      FROM angajati
  3      WHERE id_dep = 10
  4  MINUS
  5  select functie
  6      from angajati
  7      where id_dep = 30;

FUNCTIE                                                                                                                                                                                                 
--------------------                                                                                                                                                                                    
PRESIDENT                                                                                                                                                                                               

SQL> select * from angajati;

    ID_ANG NUME                           FUNCTIE                  ID_SEF DATA_ANG     SALARIU   COMISION     ID_DEP                                                                                    
---------- ------------------------------ -------------------- ---------- --------- ---------- ---------- ----------                                                                                    
      7369 SMITH                          CLERK                      7902 17-DEC-80        800                    20                                                                                    
      7499 ALLEN                          SALESMAN                   7698 20-FEB-81       1600        300         30                                                                                    
      7521 WARD                           SALESMAN                   7698 22-FEB-81       1250        500         30                                                                                    
      7566 JONES                          MANAGER                    7839 02-APR-81       2975                    20                                                                                    
      7654 MARTIN                         SALESMAN                   7698 28-SEP-81       1250       1400         30                                                                                    
      7698 BLAKE                          MANAGER                    7839 01-MAY-81       2850                    30                                                                                    
      7782 CLARK                          MANAGER                    7839 09-JUN-81       2450                    10                                                                                    
      7788 SCOTT                          ANALYST                    7566 19-APR-87       3000                    20                                                                                    
      7839 KING                           PRESIDENT                       17-NOV-81       5000                    10                                                                                    
      7844 TURNER                         SALESMAN                   7698 08-SEP-81       1500          0         30                                                                                    
      7876 ADAMS                          CLERK                      7788 23-MAY-87       1100                    20                                                                                    
      7900 JAMES                          CLERK                      7698 03-DEC-81        950                    30                                                                                    
      7902 FORD                           ANALYST                    7566 03-DEC-81       3000                    20                                                                                    
      7934 MILLER                         CLERK                      7782 23-JAN-82       1300                    10                                                                                    
      1111 IONESCU                        CLERK                                          12345                                                                                                          

15 rows selected.

SQL> select * from departamente;

    ID_DEP DEN_DEP                        SEDIU                                                                                                                                                         
---------- ------------------------------ --------------------                                                                                                                                          
        10 ACCOUNTING                     NEW YORK                                                                                                                                                      
        20 RESEARCH                       DALLAS                                                                                                                                                        
        30 SALES                          CHICAGO                                                                                                                                                       
        40 OPERATIONS                     BOSTON                                                                                                                                                        

SQL> SELECT
  2      d.den_dep AS "Den_depart_subalt",
  3      a1.nume AS "Nume_subalt",
  4      a1.data_ang AS "Data_ang_subalt",
  5      a2.nume AS "Nume_sef",
  6      a2.data_ang AS "Data_ang_sef"
  7  
SQL> FROM
SP2-0042: unknown command "FROM" - rest of line ignored.
SQL>     angajati a1,
SP2-0734: unknown command beginning "angajati a..." - rest of line ignored.
SQL>     angajati a2,
SP2-0734: unknown command beginning "angajati a..." - rest of line ignored.
SQL>     departamente d
SP2-0734: unknown command beginning "departamen..." - rest of line ignored.
SP2-0044: For a list of known commands enter HELP
and to leave enter EXIT.
SQL> WHERE
SP2-0042: unknown command "WHERE" - rest of line ignored.
SQL>     nvl(a1.comision, 0) = 0 AND
SP2-0734: unknown command beginning "nvl(a1.com..." - rest of line ignored.
SQL>     a1.data_ang < a2.data_ang;
  6*     a2.data_ang AS "Data_ang_sef"1.data_ang < a2.data_ang
SQL> 
SQL> 
SQL> 
SQL> 
SQL> SELECT
  2      d.den_dep AS "Den_depart_subalt",
  3      a1.nume AS "Nume_subalt",
  4      a1.data_ang AS "Data_ang_subalt",
  5      a2.nume AS "Nume_sef",
  6      a2.data_ang AS "Data_ang_sef"
  7  FROM
  8      angajati a1,
  9      angajati a2,
 10      departamente d;

Den_depart_subalt              Nume_subalt                    Data_ang_ Nume_sef                       Data_ang_                                                                                        
------------------------------ ------------------------------ --------- ------------------------------ ---------                                                                                        
ACCOUNTING                     SMITH                          17-DEC-80 SMITH                          17-DEC-80                                                                                        
ACCOUNTING                     SMITH                          17-DEC-80 ALLEN                          20-FEB-81                                                                                        
ACCOUNTING                     SMITH                          17-DEC-80 WARD                           22-FEB-81                                                                                        
ACCOUNTING                     SMITH                          17-DEC-80 JONES                          02-APR-81                                                                                        
ACCOUNTING                     SMITH                          17-DEC-80 MARTIN                         28-SEP-81                                                                                        
ACCOUNTING                     SMITH                          17-DEC-80 BLAKE                          01-MAY-81                                                                                        
ACCOUNTING                     SMITH                          17-DEC-80 CLARK                          09-JUN-81                                                                                        
ACCOUNTING                     SMITH                          17-DEC-80 SCOTT                          19-APR-87                                                                                        
ACCOUNTING                     SMITH                          17-DEC-80 KING                           17-NOV-81                                                                                        
ACCOUNTING                     SMITH                          17-DEC-80 TURNER                         08-SEP-81                                                                                        
ACCOUNTING                     SMITH                          17-DEC-80 ADAMS                          23-MAY-87                                                                                        
ACCOUNTING                     SMITH                          17-DEC-80 JAMES                          03-DEC-81                                                                                        
ACCOUNTING                     SMITH                          17-DEC-80 FORD                           03-DEC-81                                                                                        
ACCOUNTING                     SMITH                          17-DEC-80 MILLER                         23-JAN-82                                                                                        
ACCOUNTING                     SMITH                          17-DEC-80 IONESCU                                                                                                                         
ACCOUNTING                     ALLEN                          20-FEB-81 SMITH                          17-DEC-80                                                                                        
ACCOUNTING                     ALLEN                          20-FEB-81 ALLEN                          20-FEB-81                                                                                        
ACCOUNTING                     ALLEN                          20-FEB-81 WARD                           22-FEB-81                                                                                        
ACCOUNTING                     ALLEN                          20-FEB-81 JONES                          02-APR-81                                                                                        
ACCOUNTING                     ALLEN                          20-FEB-81 MARTIN                         28-SEP-81                                                                                        
ACCOUNTING                     ALLEN                          20-FEB-81 BLAKE                          01-MAY-81                                                                                        
ACCOUNTING                     ALLEN                          20-FEB-81 CLARK                          09-JUN-81                                                                                        
ACCOUNTING                     ALLEN                          20-FEB-81 SCOTT                          19-APR-87                                                                                        
ACCOUNTING                     ALLEN                          20-FEB-81 KING                           17-NOV-81                                                                                        
ACCOUNTING                     ALLEN                          20-FEB-81 TURNER                         08-SEP-81                                                                                        
ACCOUNTING                     ALLEN                          20-FEB-81 ADAMS                          23-MAY-87                                                                                        
ACCOUNTING                     ALLEN                          20-FEB-81 JAMES                          03-DEC-81                                                                                        
ACCOUNTING                     ALLEN                          20-FEB-81 FORD                           03-DEC-81                                                                                        
ACCOUNTING                     ALLEN                          20-FEB-81 MILLER                         23-JAN-82                                                                                        
ACCOUNTING                     ALLEN                          20-FEB-81 IONESCU                                                                                                                         
ACCOUNTING                     WARD                           22-FEB-81 SMITH                          17-DEC-80                                                                                        
ACCOUNTING                     WARD                           22-FEB-81 ALLEN                          20-FEB-81                                                                                        
ACCOUNTING                     WARD                           22-FEB-81 WARD                           22-FEB-81                                                                                        
ACCOUNTING                     WARD                           22-FEB-81 JONES                          02-APR-81                                                                                        
ACCOUNTING                     WARD                           22-FEB-81 MARTIN                         28-SEP-81                                                                                        
ACCOUNTING                     WARD                           22-FEB-81 BLAKE                          01-MAY-81                                                                                        
ACCOUNTING                     WARD                           22-FEB-81 CLARK                          09-JUN-81                                                                                        
ACCOUNTING                     WARD                           22-FEB-81 SCOTT                          19-APR-87                                                                                        
ACCOUNTING                     WARD                           22-FEB-81 KING                           17-NOV-81                                                                                        
ACCOUNTING                     WARD                           22-FEB-81 TURNER                         08-SEP-81                                                                                        
ACCOUNTING                     WARD                           22-FEB-81 ADAMS                          23-MAY-87                                                                                        
ACCOUNTING                     WARD                           22-FEB-81 JAMES                          03-DEC-81                                                                                        
ACCOUNTING                     WARD                           22-FEB-81 FORD                           03-DEC-81                                                                                        
ACCOUNTING                     WARD                           22-FEB-81 MILLER                         23-JAN-82                                                                                        
ACCOUNTING                     WARD                           22-FEB-81 IONESCU                                                                                                                         
ACCOUNTING                     JONES                          02-APR-81 SMITH                          17-DEC-80                                                                                        
ACCOUNTING                     JONES                          02-APR-81 ALLEN                          20-FEB-81                                                                                        
ACCOUNTING                     JONES                          02-APR-81 WARD                           22-FEB-81                                                                                        
ACCOUNTING                     JONES                          02-APR-81 JONES                          02-APR-81                                                                                        
ACCOUNTING                     JONES                          02-APR-81 MARTIN                         28-SEP-81                                                                                        
ACCOUNTING                     JONES                          02-APR-81 BLAKE                          01-MAY-81                                                                                        
ACCOUNTING                     JONES                          02-APR-81 CLARK                          09-JUN-81                                                                                        
ACCOUNTING                     JONES                          02-APR-81 SCOTT                          19-APR-87                                                                                        
ACCOUNTING                     JONES                          02-APR-81 KING                           17-NOV-81                                                                                        
ACCOUNTING                     JONES                          02-APR-81 TURNER                         08-SEP-81                                                                                        
ACCOUNTING                     JONES                          02-APR-81 ADAMS                          23-MAY-87                                                                                        
ACCOUNTING                     JONES                          02-APR-81 JAMES                          03-DEC-81                                                                                        
ACCOUNTING                     JONES                          02-APR-81 FORD                           03-DEC-81                                                                                        
ACCOUNTING                     JONES                          02-APR-81 MILLER                         23-JAN-82                                                                                        
ACCOUNTING                     JONES                          02-APR-81 IONESCU                                                                                                                         
ACCOUNTING                     MARTIN                         28-SEP-81 SMITH                          17-DEC-80                                                                                        
ACCOUNTING                     MARTIN                         28-SEP-81 ALLEN                          20-FEB-81                                                                                        
ACCOUNTING                     MARTIN                         28-SEP-81 WARD                           22-FEB-81                                                                                        
ACCOUNTING                     MARTIN                         28-SEP-81 JONES                          02-APR-81                                                                                        
ACCOUNTING                     MARTIN                         28-SEP-81 MARTIN                         28-SEP-81                                                                                        
ACCOUNTING                     MARTIN                         28-SEP-81 BLAKE                          01-MAY-81                                                                                        
ACCOUNTING                     MARTIN                         28-SEP-81 CLARK                          09-JUN-81                                                                                        
ACCOUNTING                     MARTIN                         28-SEP-81 SCOTT                          19-APR-87                                                                                        
ACCOUNTING                     MARTIN                         28-SEP-81 KING                           17-NOV-81                                                                                        
ACCOUNTING                     MARTIN                         28-SEP-81 TURNER                         08-SEP-81                                                                                        
ACCOUNTING                     MARTIN                         28-SEP-81 ADAMS                          23-MAY-87                                                                                        
ACCOUNTING                     MARTIN                         28-SEP-81 JAMES                          03-DEC-81                                                                                        
ACCOUNTING                     MARTIN                         28-SEP-81 FORD                           03-DEC-81                                                                                        
ACCOUNTING                     MARTIN                         28-SEP-81 MILLER                         23-JAN-82                                                                                        
ACCOUNTING                     MARTIN                         28-SEP-81 IONESCU                                                                                                                         
ACCOUNTING                     BLAKE                          01-MAY-81 SMITH                          17-DEC-80                                                                                        
ACCOUNTING                     BLAKE                          01-MAY-81 ALLEN                          20-FEB-81                                                                                        
ACCOUNTING                     BLAKE                          01-MAY-81 WARD                           22-FEB-81                                                                                        
ACCOUNTING                     BLAKE                          01-MAY-81 JONES                          02-APR-81                                                                                        
ACCOUNTING                     BLAKE                          01-MAY-81 MARTIN                         28-SEP-81                                                                                        
ACCOUNTING                     BLAKE                          01-MAY-81 BLAKE                          01-MAY-81                                                                                        
ACCOUNTING                     BLAKE                          01-MAY-81 CLARK                          09-JUN-81                                                                                        
ACCOUNTING                     BLAKE                          01-MAY-81 SCOTT                          19-APR-87                                                                                        
ACCOUNTING                     BLAKE                          01-MAY-81 KING                           17-NOV-81                                                                                        
ACCOUNTING                     BLAKE                          01-MAY-81 TURNER                         08-SEP-81                                                                                        
ACCOUNTING                     BLAKE                          01-MAY-81 ADAMS                          23-MAY-87                                                                                        
ACCOUNTING                     BLAKE                          01-MAY-81 JAMES                          03-DEC-81                                                                                        
ACCOUNTING                     BLAKE                          01-MAY-81 FORD                           03-DEC-81                                                                                        
ACCOUNTING                     BLAKE                          01-MAY-81 MILLER                         23-JAN-82                                                                                        
ACCOUNTING                     BLAKE                          01-MAY-81 IONESCU                                                                                                                         
ACCOUNTING                     CLARK                          09-JUN-81 SMITH                          17-DEC-80                                                                                        
ACCOUNTING                     CLARK                          09-JUN-81 ALLEN                          20-FEB-81                                                                                        
ACCOUNTING                     CLARK                          09-JUN-81 WARD                           22-FEB-81                                                                                        
ACCOUNTING                     CLARK                          09-JUN-81 JONES                          02-APR-81                                                                                        
ACCOUNTING                     CLARK                          09-JUN-81 MARTIN                         28-SEP-81                                                                                        
ACCOUNTING                     CLARK                          09-JUN-81 BLAKE                          01-MAY-81                                                                                        
ACCOUNTING                     CLARK                          09-JUN-81 CLARK                          09-JUN-81                                                                                        

Den_depart_subalt              Nume_subalt                    Data_ang_ Nume_sef                       Data_ang_                                                                                        
------------------------------ ------------------------------ --------- ------------------------------ ---------                                                                                        
ACCOUNTING                     CLARK                          09-JUN-81 SCOTT                          19-APR-87                                                                                        
ACCOUNTING                     CLARK                          09-JUN-81 KING                           17-NOV-81                                                                                        
ACCOUNTING                     CLARK                          09-JUN-81 TURNER                         08-SEP-81                                                                                        
ACCOUNTING                     CLARK                          09-JUN-81 ADAMS                          23-MAY-87                                                                                        
ACCOUNTING                     CLARK                          09-JUN-81 JAMES                          03-DEC-81                                                                                        
ACCOUNTING                     CLARK                          09-JUN-81 FORD                           03-DEC-81                                                                                        
ACCOUNTING                     CLARK                          09-JUN-81 MILLER                         23-JAN-82                                                                                        
ACCOUNTING                     CLARK                          09-JUN-81 IONESCU                                                                                                                         
ACCOUNTING                     SCOTT                          19-APR-87 SMITH                          17-DEC-80                                                                                        
ACCOUNTING                     SCOTT                          19-APR-87 ALLEN                          20-FEB-81                                                                                        
ACCOUNTING                     SCOTT                          19-APR-87 WARD                           22-FEB-81                                                                                        
ACCOUNTING                     SCOTT                          19-APR-87 JONES                          02-APR-81                                                                                        
ACCOUNTING                     SCOTT                          19-APR-87 MARTIN                         28-SEP-81                                                                                        
ACCOUNTING                     SCOTT                          19-APR-87 BLAKE                          01-MAY-81                                                                                        
ACCOUNTING                     SCOTT                          19-APR-87 CLARK                          09-JUN-81                                                                                        
ACCOUNTING                     SCOTT                          19-APR-87 SCOTT                          19-APR-87                                                                                        
ACCOUNTING                     SCOTT                          19-APR-87 KING                           17-NOV-81                                                                                        
ACCOUNTING                     SCOTT                          19-APR-87 TURNER                         08-SEP-81                                                                                        
ACCOUNTING                     SCOTT                          19-APR-87 ADAMS                          23-MAY-87                                                                                        
ACCOUNTING                     SCOTT                          19-APR-87 JAMES                          03-DEC-81                                                                                        
ACCOUNTING                     SCOTT                          19-APR-87 FORD                           03-DEC-81                                                                                        
ACCOUNTING                     SCOTT                          19-APR-87 MILLER                         23-JAN-82                                                                                        
ACCOUNTING                     SCOTT                          19-APR-87 IONESCU                                                                                                                         
ACCOUNTING                     KING                           17-NOV-81 SMITH                          17-DEC-80                                                                                        
ACCOUNTING                     KING                           17-NOV-81 ALLEN                          20-FEB-81                                                                                        
ACCOUNTING                     KING                           17-NOV-81 WARD                           22-FEB-81                                                                                        
ACCOUNTING                     KING                           17-NOV-81 JONES                          02-APR-81                                                                                        
ACCOUNTING                     KING                           17-NOV-81 MARTIN                         28-SEP-81                                                                                        
ACCOUNTING                     KING                           17-NOV-81 BLAKE                          01-MAY-81                                                                                        
ACCOUNTING                     KING                           17-NOV-81 CLARK                          09-JUN-81                                                                                        
ACCOUNTING                     KING                           17-NOV-81 SCOTT                          19-APR-87                                                                                        
ACCOUNTING                     KING                           17-NOV-81 KING                           17-NOV-81                                                                                        
ACCOUNTING                     KING                           17-NOV-81 TURNER                         08-SEP-81                                                                                        
ACCOUNTING                     KING                           17-NOV-81 ADAMS                          23-MAY-87                                                                                        
ACCOUNTING                     KING                           17-NOV-81 JAMES                          03-DEC-81                                                                                        
ACCOUNTING                     KING                           17-NOV-81 FORD                           03-DEC-81                                                                                        
ACCOUNTING                     KING                           17-NOV-81 MILLER                         23-JAN-82                                                                                        
ACCOUNTING                     KING                           17-NOV-81 IONESCU                                                                                                                         
ACCOUNTING                     TURNER                         08-SEP-81 SMITH                          17-DEC-80                                                                                        
ACCOUNTING                     TURNER                         08-SEP-81 ALLEN                          20-FEB-81                                                                                        
ACCOUNTING                     TURNER                         08-SEP-81 WARD                           22-FEB-81                                                                                        
ACCOUNTING                     TURNER                         08-SEP-81 JONES                          02-APR-81                                                                                        
ACCOUNTING                     TURNER                         08-SEP-81 MARTIN                         28-SEP-81                                                                                        
ACCOUNTING                     TURNER                         08-SEP-81 BLAKE                          01-MAY-81                                                                                        
ACCOUNTING                     TURNER                         08-SEP-81 CLARK                          09-JUN-81                                                                                        
ACCOUNTING                     TURNER                         08-SEP-81 SCOTT                          19-APR-87                                                                                        
ACCOUNTING                     TURNER                         08-SEP-81 KING                           17-NOV-81                                                                                        
ACCOUNTING                     TURNER                         08-SEP-81 TURNER                         08-SEP-81                                                                                        
ACCOUNTING                     TURNER                         08-SEP-81 ADAMS                          23-MAY-87                                                                                        
ACCOUNTING                     TURNER                         08-SEP-81 JAMES                          03-DEC-81                                                                                        
ACCOUNTING                     TURNER                         08-SEP-81 FORD                           03-DEC-81                                                                                        
ACCOUNTING                     TURNER                         08-SEP-81 MILLER                         23-JAN-82                                                                                        
ACCOUNTING                     TURNER                         08-SEP-81 IONESCU                                                                                                                         
ACCOUNTING                     ADAMS                          23-MAY-87 SMITH                          17-DEC-80                                                                                        
ACCOUNTING                     ADAMS                          23-MAY-87 ALLEN                          20-FEB-81                                                                                        
ACCOUNTING                     ADAMS                          23-MAY-87 WARD                           22-FEB-81                                                                                        
ACCOUNTING                     ADAMS                          23-MAY-87 JONES                          02-APR-81                                                                                        
ACCOUNTING                     ADAMS                          23-MAY-87 MARTIN                         28-SEP-81                                                                                        
ACCOUNTING                     ADAMS                          23-MAY-87 BLAKE                          01-MAY-81                                                                                        
ACCOUNTING                     ADAMS                          23-MAY-87 CLARK                          09-JUN-81                                                                                        
ACCOUNTING                     ADAMS                          23-MAY-87 SCOTT                          19-APR-87                                                                                        
ACCOUNTING                     ADAMS                          23-MAY-87 KING                           17-NOV-81                                                                                        
ACCOUNTING                     ADAMS                          23-MAY-87 TURNER                         08-SEP-81                                                                                        
ACCOUNTING                     ADAMS                          23-MAY-87 ADAMS                          23-MAY-87                                                                                        
ACCOUNTING                     ADAMS                          23-MAY-87 JAMES                          03-DEC-81                                                                                        
ACCOUNTING                     ADAMS                          23-MAY-87 FORD                           03-DEC-81                                                                                        
ACCOUNTING                     ADAMS                          23-MAY-87 MILLER                         23-JAN-82                                                                                        
ACCOUNTING                     ADAMS                          23-MAY-87 IONESCU                                                                                                                         
ACCOUNTING                     JAMES                          03-DEC-81 SMITH                          17-DEC-80                                                                                        
ACCOUNTING                     JAMES                          03-DEC-81 ALLEN                          20-FEB-81                                                                                        
ACCOUNTING                     JAMES                          03-DEC-81 WARD                           22-FEB-81                                                                                        
ACCOUNTING                     JAMES                          03-DEC-81 JONES                          02-APR-81                                                                                        
ACCOUNTING                     JAMES                          03-DEC-81 MARTIN                         28-SEP-81                                                                                        
ACCOUNTING                     JAMES                          03-DEC-81 BLAKE                          01-MAY-81                                                                                        
ACCOUNTING                     JAMES                          03-DEC-81 CLARK                          09-JUN-81                                                                                        
ACCOUNTING                     JAMES                          03-DEC-81 SCOTT                          19-APR-87                                                                                        
ACCOUNTING                     JAMES                          03-DEC-81 KING                           17-NOV-81                                                                                        
ACCOUNTING                     JAMES                          03-DEC-81 TURNER                         08-SEP-81                                                                                        
ACCOUNTING                     JAMES                          03-DEC-81 ADAMS                          23-MAY-87                                                                                        
ACCOUNTING                     JAMES                          03-DEC-81 JAMES                          03-DEC-81                                                                                        
ACCOUNTING                     JAMES                          03-DEC-81 FORD                           03-DEC-81                                                                                        
ACCOUNTING                     JAMES                          03-DEC-81 MILLER                         23-JAN-82                                                                                        
ACCOUNTING                     JAMES                          03-DEC-81 IONESCU                                                                                                                         
ACCOUNTING                     FORD                           03-DEC-81 SMITH                          17-DEC-80                                                                                        
ACCOUNTING                     FORD                           03-DEC-81 ALLEN                          20-FEB-81                                                                                        
ACCOUNTING                     FORD                           03-DEC-81 WARD                           22-FEB-81                                                                                        
ACCOUNTING                     FORD                           03-DEC-81 JONES                          02-APR-81                                                                                        
ACCOUNTING                     FORD                           03-DEC-81 MARTIN                         28-SEP-81                                                                                        
ACCOUNTING                     FORD                           03-DEC-81 BLAKE                          01-MAY-81                                                                                        
ACCOUNTING                     FORD                           03-DEC-81 CLARK                          09-JUN-81                                                                                        
ACCOUNTING                     FORD                           03-DEC-81 SCOTT                          19-APR-87                                                                                        
ACCOUNTING                     FORD                           03-DEC-81 KING                           17-NOV-81                                                                                        
ACCOUNTING                     FORD                           03-DEC-81 TURNER                         08-SEP-81                                                                                        
ACCOUNTING                     FORD                           03-DEC-81 ADAMS                          23-MAY-87                                                                                        
ACCOUNTING                     FORD                           03-DEC-81 JAMES                          03-DEC-81                                                                                        
ACCOUNTING                     FORD                           03-DEC-81 FORD                           03-DEC-81                                                                                        
ACCOUNTING                     FORD                           03-DEC-81 MILLER                         23-JAN-82                                                                                        

Den_depart_subalt              Nume_subalt                    Data_ang_ Nume_sef                       Data_ang_                                                                                        
------------------------------ ------------------------------ --------- ------------------------------ ---------                                                                                        
ACCOUNTING                     FORD                           03-DEC-81 IONESCU                                                                                                                         
ACCOUNTING                     MILLER                         23-JAN-82 SMITH                          17-DEC-80                                                                                        
ACCOUNTING                     MILLER                         23-JAN-82 ALLEN                          20-FEB-81                                                                                        
ACCOUNTING                     MILLER                         23-JAN-82 WARD                           22-FEB-81                                                                                        
ACCOUNTING                     MILLER                         23-JAN-82 JONES                          02-APR-81                                                                                        
ACCOUNTING                     MILLER                         23-JAN-82 MARTIN                         28-SEP-81                                                                                        
ACCOUNTING                     MILLER                         23-JAN-82 BLAKE                          01-MAY-81                                                                                        
ACCOUNTING                     MILLER                         23-JAN-82 CLARK                          09-JUN-81                                                                                        
ACCOUNTING                     MILLER                         23-JAN-82 SCOTT                          19-APR-87                                                                                        
ACCOUNTING                     MILLER                         23-JAN-82 KING                           17-NOV-81                                                                                        
ACCOUNTING                     MILLER                         23-JAN-82 TURNER                         08-SEP-81                                                                                        
ACCOUNTING                     MILLER                         23-JAN-82 ADAMS                          23-MAY-87                                                                                        
ACCOUNTING                     MILLER                         23-JAN-82 JAMES                          03-DEC-81                                                                                        
ACCOUNTING                     MILLER                         23-JAN-82 FORD                           03-DEC-81                                                                                        
ACCOUNTING                     MILLER                         23-JAN-82 MILLER                         23-JAN-82                                                                                        
ACCOUNTING                     MILLER                         23-JAN-82 IONESCU                                                                                                                         
ACCOUNTING                     IONESCU                                  SMITH                          17-DEC-80                                                                                        
ACCOUNTING                     IONESCU                                  ALLEN                          20-FEB-81                                                                                        
ACCOUNTING                     IONESCU                                  WARD                           22-FEB-81                                                                                        
ACCOUNTING                     IONESCU                                  JONES                          02-APR-81                                                                                        
ACCOUNTING                     IONESCU                                  MARTIN                         28-SEP-81                                                                                        
ACCOUNTING                     IONESCU                                  BLAKE                          01-MAY-81                                                                                        
ACCOUNTING                     IONESCU                                  CLARK                          09-JUN-81                                                                                        
ACCOUNTING                     IONESCU                                  SCOTT                          19-APR-87                                                                                        
ACCOUNTING                     IONESCU                                  KING                           17-NOV-81                                                                                        
ACCOUNTING                     IONESCU                                  TURNER                         08-SEP-81                                                                                        
ACCOUNTING                     IONESCU                                  ADAMS                          23-MAY-87                                                                                        
ACCOUNTING                     IONESCU                                  JAMES                          03-DEC-81                                                                                        
ACCOUNTING                     IONESCU                                  FORD                           03-DEC-81                                                                                        
ACCOUNTING                     IONESCU                                  MILLER                         23-JAN-82                                                                                        
ACCOUNTING                     IONESCU                                  IONESCU                                                                                                                         
RESEARCH                       SMITH                          17-DEC-80 SMITH                          17-DEC-80                                                                                        
RESEARCH                       SMITH                          17-DEC-80 ALLEN                          20-FEB-81                                                                                        
RESEARCH                       SMITH                          17-DEC-80 WARD                           22-FEB-81                                                                                        
RESEARCH                       SMITH                          17-DEC-80 JONES                          02-APR-81                                                                                        
RESEARCH                       SMITH                          17-DEC-80 MARTIN                         28-SEP-81                                                                                        
RESEARCH                       SMITH                          17-DEC-80 BLAKE                          01-MAY-81                                                                                        
RESEARCH                       SMITH                          17-DEC-80 CLARK                          09-JUN-81                                                                                        
RESEARCH                       SMITH                          17-DEC-80 SCOTT                          19-APR-87                                                                                        
RESEARCH                       SMITH                          17-DEC-80 KING                           17-NOV-81                                                                                        
RESEARCH                       SMITH                          17-DEC-80 TURNER                         08-SEP-81                                                                                        
RESEARCH                       SMITH                          17-DEC-80 ADAMS                          23-MAY-87                                                                                        
RESEARCH                       SMITH                          17-DEC-80 JAMES                          03-DEC-81                                                                                        
RESEARCH                       SMITH                          17-DEC-80 FORD                           03-DEC-81                                                                                        
RESEARCH                       SMITH                          17-DEC-80 MILLER                         23-JAN-82                                                                                        
RESEARCH                       SMITH                          17-DEC-80 IONESCU                                                                                                                         
RESEARCH                       ALLEN                          20-FEB-81 SMITH                          17-DEC-80                                                                                        
RESEARCH                       ALLEN                          20-FEB-81 ALLEN                          20-FEB-81                                                                                        
RESEARCH                       ALLEN                          20-FEB-81 WARD                           22-FEB-81                                                                                        
RESEARCH                       ALLEN                          20-FEB-81 JONES                          02-APR-81                                                                                        
RESEARCH                       ALLEN                          20-FEB-81 MARTIN                         28-SEP-81                                                                                        
RESEARCH                       ALLEN                          20-FEB-81 BLAKE                          01-MAY-81                                                                                        
RESEARCH                       ALLEN                          20-FEB-81 CLARK                          09-JUN-81                                                                                        
RESEARCH                       ALLEN                          20-FEB-81 SCOTT                          19-APR-87                                                                                        
RESEARCH                       ALLEN                          20-FEB-81 KING                           17-NOV-81                                                                                        
RESEARCH                       ALLEN                          20-FEB-81 TURNER                         08-SEP-81                                                                                        
RESEARCH                       ALLEN                          20-FEB-81 ADAMS                          23-MAY-87                                                                                        
RESEARCH                       ALLEN                          20-FEB-81 JAMES                          03-DEC-81                                                                                        
RESEARCH                       ALLEN                          20-FEB-81 FORD                           03-DEC-81                                                                                        
RESEARCH                       ALLEN                          20-FEB-81 MILLER                         23-JAN-82                                                                                        
RESEARCH                       ALLEN                          20-FEB-81 IONESCU                                                                                                                         
RESEARCH                       WARD                           22-FEB-81 SMITH                          17-DEC-80                                                                                        
RESEARCH                       WARD                           22-FEB-81 ALLEN                          20-FEB-81                                                                                        
RESEARCH                       WARD                           22-FEB-81 WARD                           22-FEB-81                                                                                        
RESEARCH                       WARD                           22-FEB-81 JONES                          02-APR-81                                                                                        
RESEARCH                       WARD                           22-FEB-81 MARTIN                         28-SEP-81                                                                                        
RESEARCH                       WARD                           22-FEB-81 BLAKE                          01-MAY-81                                                                                        
RESEARCH                       WARD                           22-FEB-81 CLARK                          09-JUN-81                                                                                        
RESEARCH                       WARD                           22-FEB-81 SCOTT                          19-APR-87                                                                                        
RESEARCH                       WARD                           22-FEB-81 KING                           17-NOV-81                                                                                        
RESEARCH                       WARD                           22-FEB-81 TURNER                         08-SEP-81                                                                                        
RESEARCH                       WARD                           22-FEB-81 ADAMS                          23-MAY-87                                                                                        
RESEARCH                       WARD                           22-FEB-81 JAMES                          03-DEC-81                                                                                        
RESEARCH                       WARD                           22-FEB-81 FORD                           03-DEC-81                                                                                        
RESEARCH                       WARD                           22-FEB-81 MILLER                         23-JAN-82                                                                                        
RESEARCH                       WARD                           22-FEB-81 IONESCU                                                                                                                         
RESEARCH                       JONES                          02-APR-81 SMITH                          17-DEC-80                                                                                        
RESEARCH                       JONES                          02-APR-81 ALLEN                          20-FEB-81                                                                                        
RESEARCH                       JONES                          02-APR-81 WARD                           22-FEB-81                                                                                        
RESEARCH                       JONES                          02-APR-81 JONES                          02-APR-81                                                                                        
RESEARCH                       JONES                          02-APR-81 MARTIN                         28-SEP-81                                                                                        
RESEARCH                       JONES                          02-APR-81 BLAKE                          01-MAY-81                                                                                        
RESEARCH                       JONES                          02-APR-81 CLARK                          09-JUN-81                                                                                        
RESEARCH                       JONES                          02-APR-81 SCOTT                          19-APR-87                                                                                        
RESEARCH                       JONES                          02-APR-81 KING                           17-NOV-81                                                                                        
RESEARCH                       JONES                          02-APR-81 TURNER                         08-SEP-81                                                                                        
RESEARCH                       JONES                          02-APR-81 ADAMS                          23-MAY-87                                                                                        
RESEARCH                       JONES                          02-APR-81 JAMES                          03-DEC-81                                                                                        
RESEARCH                       JONES                          02-APR-81 FORD                           03-DEC-81                                                                                        
RESEARCH                       JONES                          02-APR-81 MILLER                         23-JAN-82                                                                                        
RESEARCH                       JONES                          02-APR-81 IONESCU                                                                                                                         
RESEARCH                       MARTIN                         28-SEP-81 SMITH                          17-DEC-80                                                                                        
RESEARCH                       MARTIN                         28-SEP-81 ALLEN                          20-FEB-81                                                                                        
RESEARCH                       MARTIN                         28-SEP-81 WARD                           22-FEB-81                                                                                        
RESEARCH                       MARTIN                         28-SEP-81 JONES                          02-APR-81                                                                                        
RESEARCH                       MARTIN                         28-SEP-81 MARTIN                         28-SEP-81                                                                                        
RESEARCH                       MARTIN                         28-SEP-81 BLAKE                          01-MAY-81                                                                                        

Den_depart_subalt              Nume_subalt                    Data_ang_ Nume_sef                       Data_ang_                                                                                        
------------------------------ ------------------------------ --------- ------------------------------ ---------                                                                                        
RESEARCH                       MARTIN                         28-SEP-81 CLARK                          09-JUN-81                                                                                        
RESEARCH                       MARTIN                         28-SEP-81 SCOTT                          19-APR-87                                                                                        
RESEARCH                       MARTIN                         28-SEP-81 KING                           17-NOV-81                                                                                        
RESEARCH                       MARTIN                         28-SEP-81 TURNER                         08-SEP-81                                                                                        
RESEARCH                       MARTIN                         28-SEP-81 ADAMS                          23-MAY-87                                                                                        
RESEARCH                       MARTIN                         28-SEP-81 JAMES                          03-DEC-81                                                                                        
RESEARCH                       MARTIN                         28-SEP-81 FORD                           03-DEC-81                                                                                        
RESEARCH                       MARTIN                         28-SEP-81 MILLER                         23-JAN-82                                                                                        
RESEARCH                       MARTIN                         28-SEP-81 IONESCU                                                                                                                         
RESEARCH                       BLAKE                          01-MAY-81 SMITH                          17-DEC-80                                                                                        
RESEARCH                       BLAKE                          01-MAY-81 ALLEN                          20-FEB-81                                                                                        
RESEARCH                       BLAKE                          01-MAY-81 WARD                           22-FEB-81                                                                                        
RESEARCH                       BLAKE                          01-MAY-81 JONES                          02-APR-81                                                                                        
RESEARCH                       BLAKE                          01-MAY-81 MARTIN                         28-SEP-81                                                                                        
RESEARCH                       BLAKE                          01-MAY-81 BLAKE                          01-MAY-81                                                                                        
RESEARCH                       BLAKE                          01-MAY-81 CLARK                          09-JUN-81                                                                                        
RESEARCH                       BLAKE                          01-MAY-81 SCOTT                          19-APR-87                                                                                        
RESEARCH                       BLAKE                          01-MAY-81 KING                           17-NOV-81                                                                                        
RESEARCH                       BLAKE                          01-MAY-81 TURNER                         08-SEP-81                                                                                        
RESEARCH                       BLAKE                          01-MAY-81 ADAMS                          23-MAY-87                                                                                        
RESEARCH                       BLAKE                          01-MAY-81 JAMES                          03-DEC-81                                                                                        
RESEARCH                       BLAKE                          01-MAY-81 FORD                           03-DEC-81                                                                                        
RESEARCH                       BLAKE                          01-MAY-81 MILLER                         23-JAN-82                                                                                        
RESEARCH                       BLAKE                          01-MAY-81 IONESCU                                                                                                                         
RESEARCH                       CLARK                          09-JUN-81 SMITH                          17-DEC-80                                                                                        
RESEARCH                       CLARK                          09-JUN-81 ALLEN                          20-FEB-81                                                                                        
RESEARCH                       CLARK                          09-JUN-81 WARD                           22-FEB-81                                                                                        
RESEARCH                       CLARK                          09-JUN-81 JONES                          02-APR-81                                                                                        
RESEARCH                       CLARK                          09-JUN-81 MARTIN                         28-SEP-81                                                                                        
RESEARCH                       CLARK                          09-JUN-81 BLAKE                          01-MAY-81                                                                                        
RESEARCH                       CLARK                          09-JUN-81 CLARK                          09-JUN-81                                                                                        
RESEARCH                       CLARK                          09-JUN-81 SCOTT                          19-APR-87                                                                                        
RESEARCH                       CLARK                          09-JUN-81 KING                           17-NOV-81                                                                                        
RESEARCH                       CLARK                          09-JUN-81 TURNER                         08-SEP-81                                                                                        
RESEARCH                       CLARK                          09-JUN-81 ADAMS                          23-MAY-87                                                                                        
RESEARCH                       CLARK                          09-JUN-81 JAMES                          03-DEC-81                                                                                        
RESEARCH                       CLARK                          09-JUN-81 FORD                           03-DEC-81                                                                                        
RESEARCH                       CLARK                          09-JUN-81 MILLER                         23-JAN-82                                                                                        
RESEARCH                       CLARK                          09-JUN-81 IONESCU                                                                                                                         
RESEARCH                       SCOTT                          19-APR-87 SMITH                          17-DEC-80                                                                                        
RESEARCH                       SCOTT                          19-APR-87 ALLEN                          20-FEB-81                                                                                        
RESEARCH                       SCOTT                          19-APR-87 WARD                           22-FEB-81                                                                                        
RESEARCH                       SCOTT                          19-APR-87 JONES                          02-APR-81                                                                                        
RESEARCH                       SCOTT                          19-APR-87 MARTIN                         28-SEP-81                                                                                        
RESEARCH                       SCOTT                          19-APR-87 BLAKE                          01-MAY-81                                                                                        
RESEARCH                       SCOTT                          19-APR-87 CLARK                          09-JUN-81                                                                                        
RESEARCH                       SCOTT                          19-APR-87 SCOTT                          19-APR-87                                                                                        
RESEARCH                       SCOTT                          19-APR-87 KING                           17-NOV-81                                                                                        
RESEARCH                       SCOTT                          19-APR-87 TURNER                         08-SEP-81                                                                                        
RESEARCH                       SCOTT                          19-APR-87 ADAMS                          23-MAY-87                                                                                        
RESEARCH                       SCOTT                          19-APR-87 JAMES                          03-DEC-81                                                                                        
RESEARCH                       SCOTT                          19-APR-87 FORD                           03-DEC-81                                                                                        
RESEARCH                       SCOTT                          19-APR-87 MILLER                         23-JAN-82                                                                                        
RESEARCH                       SCOTT                          19-APR-87 IONESCU                                                                                                                         
RESEARCH                       KING                           17-NOV-81 SMITH                          17-DEC-80                                                                                        
RESEARCH                       KING                           17-NOV-81 ALLEN                          20-FEB-81                                                                                        
RESEARCH                       KING                           17-NOV-81 WARD                           22-FEB-81                                                                                        
RESEARCH                       KING                           17-NOV-81 JONES                          02-APR-81                                                                                        
RESEARCH                       KING                           17-NOV-81 MARTIN                         28-SEP-81                                                                                        
RESEARCH                       KING                           17-NOV-81 BLAKE                          01-MAY-81                                                                                        
RESEARCH                       KING                           17-NOV-81 CLARK                          09-JUN-81                                                                                        
RESEARCH                       KING                           17-NOV-81 SCOTT                          19-APR-87                                                                                        
RESEARCH                       KING                           17-NOV-81 KING                           17-NOV-81                                                                                        
RESEARCH                       KING                           17-NOV-81 TURNER                         08-SEP-81                                                                                        
RESEARCH                       KING                           17-NOV-81 ADAMS                          23-MAY-87                                                                                        
RESEARCH                       KING                           17-NOV-81 JAMES                          03-DEC-81                                                                                        
RESEARCH                       KING                           17-NOV-81 FORD                           03-DEC-81                                                                                        
RESEARCH                       KING                           17-NOV-81 MILLER                         23-JAN-82                                                                                        
RESEARCH                       KING                           17-NOV-81 IONESCU                                                                                                                         
RESEARCH                       TURNER                         08-SEP-81 SMITH                          17-DEC-80                                                                                        
RESEARCH                       TURNER                         08-SEP-81 ALLEN                          20-FEB-81                                                                                        
RESEARCH                       TURNER                         08-SEP-81 WARD                           22-FEB-81                                                                                        
RESEARCH                       TURNER                         08-SEP-81 JONES                          02-APR-81                                                                                        
RESEARCH                       TURNER                         08-SEP-81 MARTIN                         28-SEP-81                                                                                        
RESEARCH                       TURNER                         08-SEP-81 BLAKE                          01-MAY-81                                                                                        
RESEARCH                       TURNER                         08-SEP-81 CLARK                          09-JUN-81                                                                                        
RESEARCH                       TURNER                         08-SEP-81 SCOTT                          19-APR-87                                                                                        
RESEARCH                       TURNER                         08-SEP-81 KING                           17-NOV-81                                                                                        
RESEARCH                       TURNER                         08-SEP-81 TURNER                         08-SEP-81                                                                                        
RESEARCH                       TURNER                         08-SEP-81 ADAMS                          23-MAY-87                                                                                        
RESEARCH                       TURNER                         08-SEP-81 JAMES                          03-DEC-81                                                                                        
RESEARCH                       TURNER                         08-SEP-81 FORD                           03-DEC-81                                                                                        
RESEARCH                       TURNER                         08-SEP-81 MILLER                         23-JAN-82                                                                                        
RESEARCH                       TURNER                         08-SEP-81 IONESCU                                                                                                                         
RESEARCH                       ADAMS                          23-MAY-87 SMITH                          17-DEC-80                                                                                        
RESEARCH                       ADAMS                          23-MAY-87 ALLEN                          20-FEB-81                                                                                        
RESEARCH                       ADAMS                          23-MAY-87 WARD                           22-FEB-81                                                                                        
RESEARCH                       ADAMS                          23-MAY-87 JONES                          02-APR-81                                                                                        
RESEARCH                       ADAMS                          23-MAY-87 MARTIN                         28-SEP-81                                                                                        
RESEARCH                       ADAMS                          23-MAY-87 BLAKE                          01-MAY-81                                                                                        
RESEARCH                       ADAMS                          23-MAY-87 CLARK                          09-JUN-81                                                                                        
RESEARCH                       ADAMS                          23-MAY-87 SCOTT                          19-APR-87                                                                                        
RESEARCH                       ADAMS                          23-MAY-87 KING                           17-NOV-81                                                                                        
RESEARCH                       ADAMS                          23-MAY-87 TURNER                         08-SEP-81                                                                                        
RESEARCH                       ADAMS                          23-MAY-87 ADAMS                          23-MAY-87                                                                                        
RESEARCH                       ADAMS                          23-MAY-87 JAMES                          03-DEC-81                                                                                        
RESEARCH                       ADAMS                          23-MAY-87 FORD                           03-DEC-81                                                                                        

Den_depart_subalt              Nume_subalt                    Data_ang_ Nume_sef                       Data_ang_                                                                                        
------------------------------ ------------------------------ --------- ------------------------------ ---------                                                                                        
RESEARCH                       ADAMS                          23-MAY-87 MILLER                         23-JAN-82                                                                                        
RESEARCH                       ADAMS                          23-MAY-87 IONESCU                                                                                                                         
RESEARCH                       JAMES                          03-DEC-81 SMITH                          17-DEC-80                                                                                        
RESEARCH                       JAMES                          03-DEC-81 ALLEN                          20-FEB-81                                                                                        
RESEARCH                       JAMES                          03-DEC-81 WARD                           22-FEB-81                                                                                        
RESEARCH                       JAMES                          03-DEC-81 JONES                          02-APR-81                                                                                        
RESEARCH                       JAMES                          03-DEC-81 MARTIN                         28-SEP-81                                                                                        
RESEARCH                       JAMES                          03-DEC-81 BLAKE                          01-MAY-81                                                                                        
RESEARCH                       JAMES                          03-DEC-81 CLARK                          09-JUN-81                                                                                        
RESEARCH                       JAMES                          03-DEC-81 SCOTT                          19-APR-87                                                                                        
RESEARCH                       JAMES                          03-DEC-81 KING                           17-NOV-81                                                                                        
RESEARCH                       JAMES                          03-DEC-81 TURNER                         08-SEP-81                                                                                        
RESEARCH                       JAMES                          03-DEC-81 ADAMS                          23-MAY-87                                                                                        
RESEARCH                       JAMES                          03-DEC-81 JAMES                          03-DEC-81                                                                                        
RESEARCH                       JAMES                          03-DEC-81 FORD                           03-DEC-81                                                                                        
RESEARCH                       JAMES                          03-DEC-81 MILLER                         23-JAN-82                                                                                        
RESEARCH                       JAMES                          03-DEC-81 IONESCU                                                                                                                         
RESEARCH                       FORD                           03-DEC-81 SMITH                          17-DEC-80                                                                                        
RESEARCH                       FORD                           03-DEC-81 ALLEN                          20-FEB-81                                                                                        
RESEARCH                       FORD                           03-DEC-81 WARD                           22-FEB-81                                                                                        
RESEARCH                       FORD                           03-DEC-81 JONES                          02-APR-81                                                                                        
RESEARCH                       FORD                           03-DEC-81 MARTIN                         28-SEP-81                                                                                        
RESEARCH                       FORD                           03-DEC-81 BLAKE                          01-MAY-81                                                                                        
RESEARCH                       FORD                           03-DEC-81 CLARK                          09-JUN-81                                                                                        
RESEARCH                       FORD                           03-DEC-81 SCOTT                          19-APR-87                                                                                        
RESEARCH                       FORD                           03-DEC-81 KING                           17-NOV-81                                                                                        
RESEARCH                       FORD                           03-DEC-81 TURNER                         08-SEP-81                                                                                        
RESEARCH                       FORD                           03-DEC-81 ADAMS                          23-MAY-87                                                                                        
RESEARCH                       FORD                           03-DEC-81 JAMES                          03-DEC-81                                                                                        
RESEARCH                       FORD                           03-DEC-81 FORD                           03-DEC-81                                                                                        
RESEARCH                       FORD                           03-DEC-81 MILLER                         23-JAN-82                                                                                        
RESEARCH                       FORD                           03-DEC-81 IONESCU                                                                                                                         
RESEARCH                       MILLER                         23-JAN-82 SMITH                          17-DEC-80                                                                                        
RESEARCH                       MILLER                         23-JAN-82 ALLEN                          20-FEB-81                                                                                        
RESEARCH                       MILLER                         23-JAN-82 WARD                           22-FEB-81                                                                                        
RESEARCH                       MILLER                         23-JAN-82 JONES                          02-APR-81                                                                                        
RESEARCH                       MILLER                         23-JAN-82 MARTIN                         28-SEP-81                                                                                        
RESEARCH                       MILLER                         23-JAN-82 BLAKE                          01-MAY-81                                                                                        
RESEARCH                       MILLER                         23-JAN-82 CLARK                          09-JUN-81                                                                                        
RESEARCH                       MILLER                         23-JAN-82 SCOTT                          19-APR-87                                                                                        
RESEARCH                       MILLER                         23-JAN-82 KING                           17-NOV-81                                                                                        
RESEARCH                       MILLER                         23-JAN-82 TURNER                         08-SEP-81                                                                                        
RESEARCH                       MILLER                         23-JAN-82 ADAMS                          23-MAY-87                                                                                        
RESEARCH                       MILLER                         23-JAN-82 JAMES                          03-DEC-81                                                                                        
RESEARCH                       MILLER                         23-JAN-82 FORD                           03-DEC-81                                                                                        
RESEARCH                       MILLER                         23-JAN-82 MILLER                         23-JAN-82                                                                                        
RESEARCH                       MILLER                         23-JAN-82 IONESCU                                                                                                                         
RESEARCH                       IONESCU                                  SMITH                          17-DEC-80                                                                                        
RESEARCH                       IONESCU                                  ALLEN                          20-FEB-81                                                                                        
RESEARCH                       IONESCU                                  WARD                           22-FEB-81                                                                                        
RESEARCH                       IONESCU                                  JONES                          02-APR-81                                                                                        
RESEARCH                       IONESCU                                  MARTIN                         28-SEP-81                                                                                        
RESEARCH                       IONESCU                                  BLAKE                          01-MAY-81                                                                                        
RESEARCH                       IONESCU                                  CLARK                          09-JUN-81                                                                                        
RESEARCH                       IONESCU                                  SCOTT                          19-APR-87                                                                                        
RESEARCH                       IONESCU                                  KING                           17-NOV-81                                                                                        
RESEARCH                       IONESCU                                  TURNER                         08-SEP-81                                                                                        
RESEARCH                       IONESCU                                  ADAMS                          23-MAY-87                                                                                        
RESEARCH                       IONESCU                                  JAMES                          03-DEC-81                                                                                        
RESEARCH                       IONESCU                                  FORD                           03-DEC-81                                                                                        
RESEARCH                       IONESCU                                  MILLER                         23-JAN-82                                                                                        
RESEARCH                       IONESCU                                  IONESCU                                                                                                                         
SALES                          SMITH                          17-DEC-80 SMITH                          17-DEC-80                                                                                        
SALES                          SMITH                          17-DEC-80 ALLEN                          20-FEB-81                                                                                        
SALES                          SMITH                          17-DEC-80 WARD                           22-FEB-81                                                                                        
SALES                          SMITH                          17-DEC-80 JONES                          02-APR-81                                                                                        
SALES                          SMITH                          17-DEC-80 MARTIN                         28-SEP-81                                                                                        
SALES                          SMITH                          17-DEC-80 BLAKE                          01-MAY-81                                                                                        
SALES                          SMITH                          17-DEC-80 CLARK                          09-JUN-81                                                                                        
SALES                          SMITH                          17-DEC-80 SCOTT                          19-APR-87                                                                                        
SALES                          SMITH                          17-DEC-80 KING                           17-NOV-81                                                                                        
SALES                          SMITH                          17-DEC-80 TURNER                         08-SEP-81                                                                                        
SALES                          SMITH                          17-DEC-80 ADAMS                          23-MAY-87                                                                                        
SALES                          SMITH                          17-DEC-80 JAMES                          03-DEC-81                                                                                        
SALES                          SMITH                          17-DEC-80 FORD                           03-DEC-81                                                                                        
SALES                          SMITH                          17-DEC-80 MILLER                         23-JAN-82                                                                                        
SALES                          SMITH                          17-DEC-80 IONESCU                                                                                                                         
SALES                          ALLEN                          20-FEB-81 SMITH                          17-DEC-80                                                                                        
SALES                          ALLEN                          20-FEB-81 ALLEN                          20-FEB-81                                                                                        
SALES                          ALLEN                          20-FEB-81 WARD                           22-FEB-81                                                                                        
SALES                          ALLEN                          20-FEB-81 JONES                          02-APR-81                                                                                        
SALES                          ALLEN                          20-FEB-81 MARTIN                         28-SEP-81                                                                                        
SALES                          ALLEN                          20-FEB-81 BLAKE                          01-MAY-81                                                                                        
SALES                          ALLEN                          20-FEB-81 CLARK                          09-JUN-81                                                                                        
SALES                          ALLEN                          20-FEB-81 SCOTT                          19-APR-87                                                                                        
SALES                          ALLEN                          20-FEB-81 KING                           17-NOV-81                                                                                        
SALES                          ALLEN                          20-FEB-81 TURNER                         08-SEP-81                                                                                        
SALES                          ALLEN                          20-FEB-81 ADAMS                          23-MAY-87                                                                                        
SALES                          ALLEN                          20-FEB-81 JAMES                          03-DEC-81                                                                                        
SALES                          ALLEN                          20-FEB-81 FORD                           03-DEC-81                                                                                        
SALES                          ALLEN                          20-FEB-81 MILLER                         23-JAN-82                                                                                        
SALES                          ALLEN                          20-FEB-81 IONESCU                                                                                                                         
SALES                          WARD                           22-FEB-81 SMITH                          17-DEC-80                                                                                        
SALES                          WARD                           22-FEB-81 ALLEN                          20-FEB-81                                                                                        
SALES                          WARD                           22-FEB-81 WARD                           22-FEB-81                                                                                        
SALES                          WARD                           22-FEB-81 JONES                          02-APR-81                                                                                        
SALES                          WARD                           22-FEB-81 MARTIN                         28-SEP-81                                                                                        

Den_depart_subalt              Nume_subalt                    Data_ang_ Nume_sef                       Data_ang_                                                                                        
------------------------------ ------------------------------ --------- ------------------------------ ---------                                                                                        
SALES                          WARD                           22-FEB-81 BLAKE                          01-MAY-81                                                                                        
SALES                          WARD                           22-FEB-81 CLARK                          09-JUN-81                                                                                        
SALES                          WARD                           22-FEB-81 SCOTT                          19-APR-87                                                                                        
SALES                          WARD                           22-FEB-81 KING                           17-NOV-81                                                                                        
SALES                          WARD                           22-FEB-81 TURNER                         08-SEP-81                                                                                        
SALES                          WARD                           22-FEB-81 ADAMS                          23-MAY-87                                                                                        
SALES                          WARD                           22-FEB-81 JAMES                          03-DEC-81                                                                                        
SALES                          WARD                           22-FEB-81 FORD                           03-DEC-81                                                                                        
SALES                          WARD                           22-FEB-81 MILLER                         23-JAN-82                                                                                        
SALES                          WARD                           22-FEB-81 IONESCU                                                                                                                         
SALES                          JONES                          02-APR-81 SMITH                          17-DEC-80                                                                                        
SALES                          JONES                          02-APR-81 ALLEN                          20-FEB-81                                                                                        
SALES                          JONES                          02-APR-81 WARD                           22-FEB-81                                                                                        
SALES                          JONES                          02-APR-81 JONES                          02-APR-81                                                                                        
SALES                          JONES                          02-APR-81 MARTIN                         28-SEP-81                                                                                        
SALES                          JONES                          02-APR-81 BLAKE                          01-MAY-81                                                                                        
SALES                          JONES                          02-APR-81 CLARK                          09-JUN-81                                                                                        
SALES                          JONES                          02-APR-81 SCOTT                          19-APR-87                                                                                        
SALES                          JONES                          02-APR-81 KING                           17-NOV-81                                                                                        
SALES                          JONES                          02-APR-81 TURNER                         08-SEP-81                                                                                        
SALES                          JONES                          02-APR-81 ADAMS                          23-MAY-87                                                                                        
SALES                          JONES                          02-APR-81 JAMES                          03-DEC-81                                                                                        
SALES                          JONES                          02-APR-81 FORD                           03-DEC-81                                                                                        
SALES                          JONES                          02-APR-81 MILLER                         23-JAN-82                                                                                        
SALES                          JONES                          02-APR-81 IONESCU                                                                                                                         
SALES                          MARTIN                         28-SEP-81 SMITH                          17-DEC-80                                                                                        
SALES                          MARTIN                         28-SEP-81 ALLEN                          20-FEB-81                                                                                        
SALES                          MARTIN                         28-SEP-81 WARD                           22-FEB-81                                                                                        
SALES                          MARTIN                         28-SEP-81 JONES                          02-APR-81                                                                                        
SALES                          MARTIN                         28-SEP-81 MARTIN                         28-SEP-81                                                                                        
SALES                          MARTIN                         28-SEP-81 BLAKE                          01-MAY-81                                                                                        
SALES                          MARTIN                         28-SEP-81 CLARK                          09-JUN-81                                                                                        
SALES                          MARTIN                         28-SEP-81 SCOTT                          19-APR-87                                                                                        
SALES                          MARTIN                         28-SEP-81 KING                           17-NOV-81                                                                                        
SALES                          MARTIN                         28-SEP-81 TURNER                         08-SEP-81                                                                                        
SALES                          MARTIN                         28-SEP-81 ADAMS                          23-MAY-87                                                                                        
SALES                          MARTIN                         28-SEP-81 JAMES                          03-DEC-81                                                                                        
SALES                          MARTIN                         28-SEP-81 FORD                           03-DEC-81                                                                                        
SALES                          MARTIN                         28-SEP-81 MILLER                         23-JAN-82                                                                                        
SALES                          MARTIN                         28-SEP-81 IONESCU                                                                                                                         
SALES                          BLAKE                          01-MAY-81 SMITH                          17-DEC-80                                                                                        
SALES                          BLAKE                          01-MAY-81 ALLEN                          20-FEB-81                                                                                        
SALES                          BLAKE                          01-MAY-81 WARD                           22-FEB-81                                                                                        
SALES                          BLAKE                          01-MAY-81 JONES                          02-APR-81                                                                                        
SALES                          BLAKE                          01-MAY-81 MARTIN                         28-SEP-81                                                                                        
SALES                          BLAKE                          01-MAY-81 BLAKE                          01-MAY-81                                                                                        
SALES                          BLAKE                          01-MAY-81 CLARK                          09-JUN-81                                                                                        
SALES                          BLAKE                          01-MAY-81 SCOTT                          19-APR-87                                                                                        
SALES                          BLAKE                          01-MAY-81 KING                           17-NOV-81                                                                                        
SALES                          BLAKE                          01-MAY-81 TURNER                         08-SEP-81                                                                                        
SALES                          BLAKE                          01-MAY-81 ADAMS                          23-MAY-87                                                                                        
SALES                          BLAKE                          01-MAY-81 JAMES                          03-DEC-81                                                                                        
SALES                          BLAKE                          01-MAY-81 FORD                           03-DEC-81                                                                                        
SALES                          BLAKE                          01-MAY-81 MILLER                         23-JAN-82                                                                                        
SALES                          BLAKE                          01-MAY-81 IONESCU                                                                                                                         
SALES                          CLARK                          09-JUN-81 SMITH                          17-DEC-80                                                                                        
SALES                          CLARK                          09-JUN-81 ALLEN                          20-FEB-81                                                                                        
SALES                          CLARK                          09-JUN-81 WARD                           22-FEB-81                                                                                        
SALES                          CLARK                          09-JUN-81 JONES                          02-APR-81                                                                                        
SALES                          CLARK                          09-JUN-81 MARTIN                         28-SEP-81                                                                                        
SALES                          CLARK                          09-JUN-81 BLAKE                          01-MAY-81                                                                                        
SALES                          CLARK                          09-JUN-81 CLARK                          09-JUN-81                                                                                        
SALES                          CLARK                          09-JUN-81 SCOTT                          19-APR-87                                                                                        
SALES                          CLARK                          09-JUN-81 KING                           17-NOV-81                                                                                        
SALES                          CLARK                          09-JUN-81 TURNER                         08-SEP-81                                                                                        
SALES                          CLARK                          09-JUN-81 ADAMS                          23-MAY-87                                                                                        
SALES                          CLARK                          09-JUN-81 JAMES                          03-DEC-81                                                                                        
SALES                          CLARK                          09-JUN-81 FORD                           03-DEC-81                                                                                        
SALES                          CLARK                          09-JUN-81 MILLER                         23-JAN-82                                                                                        
SALES                          CLARK                          09-JUN-81 IONESCU                                                                                                                         
SALES                          SCOTT                          19-APR-87 SMITH                          17-DEC-80                                                                                        
SALES                          SCOTT                          19-APR-87 ALLEN                          20-FEB-81                                                                                        
SALES                          SCOTT                          19-APR-87 WARD                           22-FEB-81                                                                                        
SALES                          SCOTT                          19-APR-87 JONES                          02-APR-81                                                                                        
SALES                          SCOTT                          19-APR-87 MARTIN                         28-SEP-81                                                                                        
SALES                          SCOTT                          19-APR-87 BLAKE                          01-MAY-81                                                                                        
SALES                          SCOTT                          19-APR-87 CLARK                          09-JUN-81                                                                                        
SALES                          SCOTT                          19-APR-87 SCOTT                          19-APR-87                                                                                        
SALES                          SCOTT                          19-APR-87 KING                           17-NOV-81                                                                                        
SALES                          SCOTT                          19-APR-87 TURNER                         08-SEP-81                                                                                        
SALES                          SCOTT                          19-APR-87 ADAMS                          23-MAY-87                                                                                        
SALES                          SCOTT                          19-APR-87 JAMES                          03-DEC-81                                                                                        
SALES                          SCOTT                          19-APR-87 FORD                           03-DEC-81                                                                                        
SALES                          SCOTT                          19-APR-87 MILLER                         23-JAN-82                                                                                        
SALES                          SCOTT                          19-APR-87 IONESCU                                                                                                                         
SALES                          KING                           17-NOV-81 SMITH                          17-DEC-80                                                                                        
SALES                          KING                           17-NOV-81 ALLEN                          20-FEB-81                                                                                        
SALES                          KING                           17-NOV-81 WARD                           22-FEB-81                                                                                        
SALES                          KING                           17-NOV-81 JONES                          02-APR-81                                                                                        
SALES                          KING                           17-NOV-81 MARTIN                         28-SEP-81                                                                                        
SALES                          KING                           17-NOV-81 BLAKE                          01-MAY-81                                                                                        
SALES                          KING                           17-NOV-81 CLARK                          09-JUN-81                                                                                        
SALES                          KING                           17-NOV-81 SCOTT                          19-APR-87                                                                                        
SALES                          KING                           17-NOV-81 KING                           17-NOV-81                                                                                        
SALES                          KING                           17-NOV-81 TURNER                         08-SEP-81                                                                                        
SALES                          KING                           17-NOV-81 ADAMS                          23-MAY-87                                                                                        
SALES                          KING                           17-NOV-81 JAMES                          03-DEC-81                                                                                        

Den_depart_subalt              Nume_subalt                    Data_ang_ Nume_sef                       Data_ang_                                                                                        
------------------------------ ------------------------------ --------- ------------------------------ ---------                                                                                        
SALES                          KING                           17-NOV-81 FORD                           03-DEC-81                                                                                        
SALES                          KING                           17-NOV-81 MILLER                         23-JAN-82                                                                                        
SALES                          KING                           17-NOV-81 IONESCU                                                                                                                         
SALES                          TURNER                         08-SEP-81 SMITH                          17-DEC-80                                                                                        
SALES                          TURNER                         08-SEP-81 ALLEN                          20-FEB-81                                                                                        
SALES                          TURNER                         08-SEP-81 WARD                           22-FEB-81                                                                                        
SALES                          TURNER                         08-SEP-81 JONES                          02-APR-81                                                                                        
SALES                          TURNER                         08-SEP-81 MARTIN                         28-SEP-81                                                                                        
SALES                          TURNER                         08-SEP-81 BLAKE                          01-MAY-81                                                                                        
SALES                          TURNER                         08-SEP-81 CLARK                          09-JUN-81                                                                                        
SALES                          TURNER                         08-SEP-81 SCOTT                          19-APR-87                                                                                        
SALES                          TURNER                         08-SEP-81 KING                           17-NOV-81                                                                                        
SALES                          TURNER                         08-SEP-81 TURNER                         08-SEP-81                                                                                        
SALES                          TURNER                         08-SEP-81 ADAMS                          23-MAY-87                                                                                        
SALES                          TURNER                         08-SEP-81 JAMES                          03-DEC-81                                                                                        
SALES                          TURNER                         08-SEP-81 FORD                           03-DEC-81                                                                                        
SALES                          TURNER                         08-SEP-81 MILLER                         23-JAN-82                                                                                        
SALES                          TURNER                         08-SEP-81 IONESCU                                                                                                                         
SALES                          ADAMS                          23-MAY-87 SMITH                          17-DEC-80                                                                                        
SALES                          ADAMS                          23-MAY-87 ALLEN                          20-FEB-81                                                                                        
SALES                          ADAMS                          23-MAY-87 WARD                           22-FEB-81                                                                                        
SALES                          ADAMS                          23-MAY-87 JONES                          02-APR-81                                                                                        
SALES                          ADAMS                          23-MAY-87 MARTIN                         28-SEP-81                                                                                        
SALES                          ADAMS                          23-MAY-87 BLAKE                          01-MAY-81                                                                                        
SALES                          ADAMS                          23-MAY-87 CLARK                          09-JUN-81                                                                                        
SALES                          ADAMS                          23-MAY-87 SCOTT                          19-APR-87                                                                                        
SALES                          ADAMS                          23-MAY-87 KING                           17-NOV-81                                                                                        
SALES                          ADAMS                          23-MAY-87 TURNER                         08-SEP-81                                                                                        
SALES                          ADAMS                          23-MAY-87 ADAMS                          23-MAY-87                                                                                        
SALES                          ADAMS                          23-MAY-87 JAMES                          03-DEC-81                                                                                        
SALES                          ADAMS                          23-MAY-87 FORD                           03-DEC-81                                                                                        
SALES                          ADAMS                          23-MAY-87 MILLER                         23-JAN-82                                                                                        
SALES                          ADAMS                          23-MAY-87 IONESCU                                                                                                                         
SALES                          JAMES                          03-DEC-81 SMITH                          17-DEC-80                                                                                        
SALES                          JAMES                          03-DEC-81 ALLEN                          20-FEB-81                                                                                        
SALES                          JAMES                          03-DEC-81 WARD                           22-FEB-81                                                                                        
SALES                          JAMES                          03-DEC-81 JONES                          02-APR-81                                                                                        
SALES                          JAMES                          03-DEC-81 MARTIN                         28-SEP-81                                                                                        
SALES                          JAMES                          03-DEC-81 BLAKE                          01-MAY-81                                                                                        
SALES                          JAMES                          03-DEC-81 CLARK                          09-JUN-81                                                                                        
SALES                          JAMES                          03-DEC-81 SCOTT                          19-APR-87                                                                                        
SALES                          JAMES                          03-DEC-81 KING                           17-NOV-81                                                                                        
SALES                          JAMES                          03-DEC-81 TURNER                         08-SEP-81                                                                                        
SALES                          JAMES                          03-DEC-81 ADAMS                          23-MAY-87                                                                                        
SALES                          JAMES                          03-DEC-81 JAMES                          03-DEC-81                                                                                        
SALES                          JAMES                          03-DEC-81 FORD                           03-DEC-81                                                                                        
SALES                          JAMES                          03-DEC-81 MILLER                         23-JAN-82                                                                                        
SALES                          JAMES                          03-DEC-81 IONESCU                                                                                                                         
SALES                          FORD                           03-DEC-81 SMITH                          17-DEC-80                                                                                        
SALES                          FORD                           03-DEC-81 ALLEN                          20-FEB-81                                                                                        
SALES                          FORD                           03-DEC-81 WARD                           22-FEB-81                                                                                        
SALES                          FORD                           03-DEC-81 JONES                          02-APR-81                                                                                        
SALES                          FORD                           03-DEC-81 MARTIN                         28-SEP-81                                                                                        
SALES                          FORD                           03-DEC-81 BLAKE                          01-MAY-81                                                                                        
SALES                          FORD                           03-DEC-81 CLARK                          09-JUN-81                                                                                        
SALES                          FORD                           03-DEC-81 SCOTT                          19-APR-87                                                                                        
SALES                          FORD                           03-DEC-81 KING                           17-NOV-81                                                                                        
SALES                          FORD                           03-DEC-81 TURNER                         08-SEP-81                                                                                        
SALES                          FORD                           03-DEC-81 ADAMS                          23-MAY-87                                                                                        
SALES                          FORD                           03-DEC-81 JAMES                          03-DEC-81                                                                                        
SALES                          FORD                           03-DEC-81 FORD                           03-DEC-81                                                                                        
SALES                          FORD                           03-DEC-81 MILLER                         23-JAN-82                                                                                        
SALES                          FORD                           03-DEC-81 IONESCU                                                                                                                         
SALES                          MILLER                         23-JAN-82 SMITH                          17-DEC-80                                                                                        
SALES                          MILLER                         23-JAN-82 ALLEN                          20-FEB-81                                                                                        
SALES                          MILLER                         23-JAN-82 WARD                           22-FEB-81                                                                                        
SALES                          MILLER                         23-JAN-82 JONES                          02-APR-81                                                                                        
SALES                          MILLER                         23-JAN-82 MARTIN                         28-SEP-81                                                                                        
SALES                          MILLER                         23-JAN-82 BLAKE                          01-MAY-81                                                                                        
SALES                          MILLER                         23-JAN-82 CLARK                          09-JUN-81                                                                                        
SALES                          MILLER                         23-JAN-82 SCOTT                          19-APR-87                                                                                        
SALES                          MILLER                         23-JAN-82 KING                           17-NOV-81                                                                                        
SALES                          MILLER                         23-JAN-82 TURNER                         08-SEP-81                                                                                        
SALES                          MILLER                         23-JAN-82 ADAMS                          23-MAY-87                                                                                        
SALES                          MILLER                         23-JAN-82 JAMES                          03-DEC-81                                                                                        
SALES                          MILLER                         23-JAN-82 FORD                           03-DEC-81                                                                                        
SALES                          MILLER                         23-JAN-82 MILLER                         23-JAN-82                                                                                        
SALES                          MILLER                         23-JAN-82 IONESCU                                                                                                                         
SALES                          IONESCU                                  SMITH                          17-DEC-80                                                                                        
SALES                          IONESCU                                  ALLEN                          20-FEB-81                                                                                        
SALES                          IONESCU                                  WARD                           22-FEB-81                                                                                        
SALES                          IONESCU                                  JONES                          02-APR-81                                                                                        
SALES                          IONESCU                                  MARTIN                         28-SEP-81                                                                                        
SALES                          IONESCU                                  BLAKE                          01-MAY-81                                                                                        
SALES                          IONESCU                                  CLARK                          09-JUN-81                                                                                        
SALES                          IONESCU                                  SCOTT                          19-APR-87                                                                                        
SALES                          IONESCU                                  KING                           17-NOV-81                                                                                        
SALES                          IONESCU                                  TURNER                         08-SEP-81                                                                                        
SALES                          IONESCU                                  ADAMS                          23-MAY-87                                                                                        
SALES                          IONESCU                                  JAMES                          03-DEC-81                                                                                        
SALES                          IONESCU                                  FORD                           03-DEC-81                                                                                        
SALES                          IONESCU                                  MILLER                         23-JAN-82                                                                                        
SALES                          IONESCU                                  IONESCU                                                                                                                         
OPERATIONS                     SMITH                          17-DEC-80 SMITH                          17-DEC-80                                                                                        
OPERATIONS                     SMITH                          17-DEC-80 ALLEN                          20-FEB-81                                                                                        
OPERATIONS                     SMITH                          17-DEC-80 WARD                           22-FEB-81                                                                                        
OPERATIONS                     SMITH                          17-DEC-80 JONES                          02-APR-81                                                                                        

Den_depart_subalt              Nume_subalt                    Data_ang_ Nume_sef                       Data_ang_                                                                                        
------------------------------ ------------------------------ --------- ------------------------------ ---------                                                                                        
OPERATIONS                     SMITH                          17-DEC-80 MARTIN                         28-SEP-81                                                                                        
OPERATIONS                     SMITH                          17-DEC-80 BLAKE                          01-MAY-81                                                                                        
OPERATIONS                     SMITH                          17-DEC-80 CLARK                          09-JUN-81                                                                                        
OPERATIONS                     SMITH                          17-DEC-80 SCOTT                          19-APR-87                                                                                        
OPERATIONS                     SMITH                          17-DEC-80 KING                           17-NOV-81                                                                                        
OPERATIONS                     SMITH                          17-DEC-80 TURNER                         08-SEP-81                                                                                        
OPERATIONS                     SMITH                          17-DEC-80 ADAMS                          23-MAY-87                                                                                        
OPERATIONS                     SMITH                          17-DEC-80 JAMES                          03-DEC-81                                                                                        
OPERATIONS                     SMITH                          17-DEC-80 FORD                           03-DEC-81                                                                                        
OPERATIONS                     SMITH                          17-DEC-80 MILLER                         23-JAN-82                                                                                        
OPERATIONS                     SMITH                          17-DEC-80 IONESCU                                                                                                                         
OPERATIONS                     ALLEN                          20-FEB-81 SMITH                          17-DEC-80                                                                                        
OPERATIONS                     ALLEN                          20-FEB-81 ALLEN                          20-FEB-81                                                                                        
OPERATIONS                     ALLEN                          20-FEB-81 WARD                           22-FEB-81                                                                                        
OPERATIONS                     ALLEN                          20-FEB-81 JONES                          02-APR-81                                                                                        
OPERATIONS                     ALLEN                          20-FEB-81 MARTIN                         28-SEP-81                                                                                        
OPERATIONS                     ALLEN                          20-FEB-81 BLAKE                          01-MAY-81                                                                                        
OPERATIONS                     ALLEN                          20-FEB-81 CLARK                          09-JUN-81                                                                                        
OPERATIONS                     ALLEN                          20-FEB-81 SCOTT                          19-APR-87                                                                                        
OPERATIONS                     ALLEN                          20-FEB-81 KING                           17-NOV-81                                                                                        
OPERATIONS                     ALLEN                          20-FEB-81 TURNER                         08-SEP-81                                                                                        
OPERATIONS                     ALLEN                          20-FEB-81 ADAMS                          23-MAY-87                                                                                        
OPERATIONS                     ALLEN                          20-FEB-81 JAMES                          03-DEC-81                                                                                        
OPERATIONS                     ALLEN                          20-FEB-81 FORD                           03-DEC-81                                                                                        
OPERATIONS                     ALLEN                          20-FEB-81 MILLER                         23-JAN-82                                                                                        
OPERATIONS                     ALLEN                          20-FEB-81 IONESCU                                                                                                                         
OPERATIONS                     WARD                           22-FEB-81 SMITH                          17-DEC-80                                                                                        
OPERATIONS                     WARD                           22-FEB-81 ALLEN                          20-FEB-81                                                                                        
OPERATIONS                     WARD                           22-FEB-81 WARD                           22-FEB-81                                                                                        
OPERATIONS                     WARD                           22-FEB-81 JONES                          02-APR-81                                                                                        
OPERATIONS                     WARD                           22-FEB-81 MARTIN                         28-SEP-81                                                                                        
OPERATIONS                     WARD                           22-FEB-81 BLAKE                          01-MAY-81                                                                                        
OPERATIONS                     WARD                           22-FEB-81 CLARK                          09-JUN-81                                                                                        
OPERATIONS                     WARD                           22-FEB-81 SCOTT                          19-APR-87                                                                                        
OPERATIONS                     WARD                           22-FEB-81 KING                           17-NOV-81                                                                                        
OPERATIONS                     WARD                           22-FEB-81 TURNER                         08-SEP-81                                                                                        
OPERATIONS                     WARD                           22-FEB-81 ADAMS                          23-MAY-87                                                                                        
OPERATIONS                     WARD                           22-FEB-81 JAMES                          03-DEC-81                                                                                        
OPERATIONS                     WARD                           22-FEB-81 FORD                           03-DEC-81                                                                                        
OPERATIONS                     WARD                           22-FEB-81 MILLER                         23-JAN-82                                                                                        
OPERATIONS                     WARD                           22-FEB-81 IONESCU                                                                                                                         
OPERATIONS                     JONES                          02-APR-81 SMITH                          17-DEC-80                                                                                        
OPERATIONS                     JONES                          02-APR-81 ALLEN                          20-FEB-81                                                                                        
OPERATIONS                     JONES                          02-APR-81 WARD                           22-FEB-81                                                                                        
OPERATIONS                     JONES                          02-APR-81 JONES                          02-APR-81                                                                                        
OPERATIONS                     JONES                          02-APR-81 MARTIN                         28-SEP-81                                                                                        
OPERATIONS                     JONES                          02-APR-81 BLAKE                          01-MAY-81                                                                                        
OPERATIONS                     JONES                          02-APR-81 CLARK                          09-JUN-81                                                                                        
OPERATIONS                     JONES                          02-APR-81 SCOTT                          19-APR-87                                                                                        
OPERATIONS                     JONES                          02-APR-81 KING                           17-NOV-81                                                                                        
OPERATIONS                     JONES                          02-APR-81 TURNER                         08-SEP-81                                                                                        
OPERATIONS                     JONES                          02-APR-81 ADAMS                          23-MAY-87                                                                                        
OPERATIONS                     JONES                          02-APR-81 JAMES                          03-DEC-81                                                                                        
OPERATIONS                     JONES                          02-APR-81 FORD                           03-DEC-81                                                                                        
OPERATIONS                     JONES                          02-APR-81 MILLER                         23-JAN-82                                                                                        
OPERATIONS                     JONES                          02-APR-81 IONESCU                                                                                                                         
OPERATIONS                     MARTIN                         28-SEP-81 SMITH                          17-DEC-80                                                                                        
OPERATIONS                     MARTIN                         28-SEP-81 ALLEN                          20-FEB-81                                                                                        
OPERATIONS                     MARTIN                         28-SEP-81 WARD                           22-FEB-81                                                                                        
OPERATIONS                     MARTIN                         28-SEP-81 JONES                          02-APR-81                                                                                        
OPERATIONS                     MARTIN                         28-SEP-81 MARTIN                         28-SEP-81                                                                                        
OPERATIONS                     MARTIN                         28-SEP-81 BLAKE                          01-MAY-81                                                                                        
OPERATIONS                     MARTIN                         28-SEP-81 CLARK                          09-JUN-81                                                                                        
OPERATIONS                     MARTIN                         28-SEP-81 SCOTT                          19-APR-87                                                                                        
OPERATIONS                     MARTIN                         28-SEP-81 KING                           17-NOV-81                                                                                        
OPERATIONS                     MARTIN                         28-SEP-81 TURNER                         08-SEP-81                                                                                        
OPERATIONS                     MARTIN                         28-SEP-81 ADAMS                          23-MAY-87                                                                                        
OPERATIONS                     MARTIN                         28-SEP-81 JAMES                          03-DEC-81                                                                                        
OPERATIONS                     MARTIN                         28-SEP-81 FORD                           03-DEC-81                                                                                        
OPERATIONS                     MARTIN                         28-SEP-81 MILLER                         23-JAN-82                                                                                        
OPERATIONS                     MARTIN                         28-SEP-81 IONESCU                                                                                                                         
OPERATIONS                     BLAKE                          01-MAY-81 SMITH                          17-DEC-80                                                                                        
OPERATIONS                     BLAKE                          01-MAY-81 ALLEN                          20-FEB-81                                                                                        
OPERATIONS                     BLAKE                          01-MAY-81 WARD                           22-FEB-81                                                                                        
OPERATIONS                     BLAKE                          01-MAY-81 JONES                          02-APR-81                                                                                        
OPERATIONS                     BLAKE                          01-MAY-81 MARTIN                         28-SEP-81                                                                                        
OPERATIONS                     BLAKE                          01-MAY-81 BLAKE                          01-MAY-81                                                                                        
OPERATIONS                     BLAKE                          01-MAY-81 CLARK                          09-JUN-81                                                                                        
OPERATIONS                     BLAKE                          01-MAY-81 SCOTT                          19-APR-87                                                                                        
OPERATIONS                     BLAKE                          01-MAY-81 KING                           17-NOV-81                                                                                        
OPERATIONS                     BLAKE                          01-MAY-81 TURNER                         08-SEP-81                                                                                        
OPERATIONS                     BLAKE                          01-MAY-81 ADAMS                          23-MAY-87                                                                                        
OPERATIONS                     BLAKE                          01-MAY-81 JAMES                          03-DEC-81                                                                                        
OPERATIONS                     BLAKE                          01-MAY-81 FORD                           03-DEC-81                                                                                        
OPERATIONS                     BLAKE                          01-MAY-81 MILLER                         23-JAN-82                                                                                        
OPERATIONS                     BLAKE                          01-MAY-81 IONESCU                                                                                                                         
OPERATIONS                     CLARK                          09-JUN-81 SMITH                          17-DEC-80                                                                                        
OPERATIONS                     CLARK                          09-JUN-81 ALLEN                          20-FEB-81                                                                                        
OPERATIONS                     CLARK                          09-JUN-81 WARD                           22-FEB-81                                                                                        
OPERATIONS                     CLARK                          09-JUN-81 JONES                          02-APR-81                                                                                        
OPERATIONS                     CLARK                          09-JUN-81 MARTIN                         28-SEP-81                                                                                        
OPERATIONS                     CLARK                          09-JUN-81 BLAKE                          01-MAY-81                                                                                        
OPERATIONS                     CLARK                          09-JUN-81 CLARK                          09-JUN-81                                                                                        
OPERATIONS                     CLARK                          09-JUN-81 SCOTT                          19-APR-87                                                                                        
OPERATIONS                     CLARK                          09-JUN-81 KING                           17-NOV-81                                                                                        
OPERATIONS                     CLARK                          09-JUN-81 TURNER                         08-SEP-81                                                                                        
OPERATIONS                     CLARK                          09-JUN-81 ADAMS                          23-MAY-87                                                                                        

Den_depart_subalt              Nume_subalt                    Data_ang_ Nume_sef                       Data_ang_                                                                                        
------------------------------ ------------------------------ --------- ------------------------------ ---------                                                                                        
OPERATIONS                     CLARK                          09-JUN-81 JAMES                          03-DEC-81                                                                                        
OPERATIONS                     CLARK                          09-JUN-81 FORD                           03-DEC-81                                                                                        
OPERATIONS                     CLARK                          09-JUN-81 MILLER                         23-JAN-82                                                                                        
OPERATIONS                     CLARK                          09-JUN-81 IONESCU                                                                                                                         
OPERATIONS                     SCOTT                          19-APR-87 SMITH                          17-DEC-80                                                                                        
OPERATIONS                     SCOTT                          19-APR-87 ALLEN                          20-FEB-81                                                                                        
OPERATIONS                     SCOTT                          19-APR-87 WARD                           22-FEB-81                                                                                        
OPERATIONS                     SCOTT                          19-APR-87 JONES                          02-APR-81                                                                                        
OPERATIONS                     SCOTT                          19-APR-87 MARTIN                         28-SEP-81                                                                                        
OPERATIONS                     SCOTT                          19-APR-87 BLAKE                          01-MAY-81                                                                                        
OPERATIONS                     SCOTT                          19-APR-87 CLARK                          09-JUN-81                                                                                        
OPERATIONS                     SCOTT                          19-APR-87 SCOTT                          19-APR-87                                                                                        
OPERATIONS                     SCOTT                          19-APR-87 KING                           17-NOV-81                                                                                        
OPERATIONS                     SCOTT                          19-APR-87 TURNER                         08-SEP-81                                                                                        
OPERATIONS                     SCOTT                          19-APR-87 ADAMS                          23-MAY-87                                                                                        
OPERATIONS                     SCOTT                          19-APR-87 JAMES                          03-DEC-81                                                                                        
OPERATIONS                     SCOTT                          19-APR-87 FORD                           03-DEC-81                                                                                        
OPERATIONS                     SCOTT                          19-APR-87 MILLER                         23-JAN-82                                                                                        
OPERATIONS                     SCOTT                          19-APR-87 IONESCU                                                                                                                         
OPERATIONS                     KING                           17-NOV-81 SMITH                          17-DEC-80                                                                                        
OPERATIONS                     KING                           17-NOV-81 ALLEN                          20-FEB-81                                                                                        
OPERATIONS                     KING                           17-NOV-81 WARD                           22-FEB-81                                                                                        
OPERATIONS                     KING                           17-NOV-81 JONES                          02-APR-81                                                                                        
OPERATIONS                     KING                           17-NOV-81 MARTIN                         28-SEP-81                                                                                        
OPERATIONS                     KING                           17-NOV-81 BLAKE                          01-MAY-81                                                                                        
OPERATIONS                     KING                           17-NOV-81 CLARK                          09-JUN-81                                                                                        
OPERATIONS                     KING                           17-NOV-81 SCOTT                          19-APR-87                                                                                        
OPERATIONS                     KING                           17-NOV-81 KING                           17-NOV-81                                                                                        
OPERATIONS                     KING                           17-NOV-81 TURNER                         08-SEP-81                                                                                        
OPERATIONS                     KING                           17-NOV-81 ADAMS                          23-MAY-87                                                                                        
OPERATIONS                     KING                           17-NOV-81 JAMES                          03-DEC-81                                                                                        
OPERATIONS                     KING                           17-NOV-81 FORD                           03-DEC-81                                                                                        
OPERATIONS                     KING                           17-NOV-81 MILLER                         23-JAN-82                                                                                        
OPERATIONS                     KING                           17-NOV-81 IONESCU                                                                                                                         
OPERATIONS                     TURNER                         08-SEP-81 SMITH                          17-DEC-80                                                                                        
OPERATIONS                     TURNER                         08-SEP-81 ALLEN                          20-FEB-81                                                                                        
OPERATIONS                     TURNER                         08-SEP-81 WARD                           22-FEB-81                                                                                        
OPERATIONS                     TURNER                         08-SEP-81 JONES                          02-APR-81                                                                                        
OPERATIONS                     TURNER                         08-SEP-81 MARTIN                         28-SEP-81                                                                                        
OPERATIONS                     TURNER                         08-SEP-81 BLAKE                          01-MAY-81                                                                                        
OPERATIONS                     TURNER                         08-SEP-81 CLARK                          09-JUN-81                                                                                        
OPERATIONS                     TURNER                         08-SEP-81 SCOTT                          19-APR-87                                                                                        
OPERATIONS                     TURNER                         08-SEP-81 KING                           17-NOV-81                                                                                        
OPERATIONS                     TURNER                         08-SEP-81 TURNER                         08-SEP-81                                                                                        
OPERATIONS                     TURNER                         08-SEP-81 ADAMS                          23-MAY-87                                                                                        
OPERATIONS                     TURNER                         08-SEP-81 JAMES                          03-DEC-81                                                                                        
OPERATIONS                     TURNER                         08-SEP-81 FORD                           03-DEC-81                                                                                        
OPERATIONS                     TURNER                         08-SEP-81 MILLER                         23-JAN-82                                                                                        
OPERATIONS                     TURNER                         08-SEP-81 IONESCU                                                                                                                         
OPERATIONS                     ADAMS                          23-MAY-87 SMITH                          17-DEC-80                                                                                        
OPERATIONS                     ADAMS                          23-MAY-87 ALLEN                          20-FEB-81                                                                                        
OPERATIONS                     ADAMS                          23-MAY-87 WARD                           22-FEB-81                                                                                        
OPERATIONS                     ADAMS                          23-MAY-87 JONES                          02-APR-81                                                                                        
OPERATIONS                     ADAMS                          23-MAY-87 MARTIN                         28-SEP-81                                                                                        
OPERATIONS                     ADAMS                          23-MAY-87 BLAKE                          01-MAY-81                                                                                        
OPERATIONS                     ADAMS                          23-MAY-87 CLARK                          09-JUN-81                                                                                        
OPERATIONS                     ADAMS                          23-MAY-87 SCOTT                          19-APR-87                                                                                        
OPERATIONS                     ADAMS                          23-MAY-87 KING                           17-NOV-81                                                                                        
OPERATIONS                     ADAMS                          23-MAY-87 TURNER                         08-SEP-81                                                                                        
OPERATIONS                     ADAMS                          23-MAY-87 ADAMS                          23-MAY-87                                                                                        
OPERATIONS                     ADAMS                          23-MAY-87 JAMES                          03-DEC-81                                                                                        
OPERATIONS                     ADAMS                          23-MAY-87 FORD                           03-DEC-81                                                                                        
OPERATIONS                     ADAMS                          23-MAY-87 MILLER                         23-JAN-82                                                                                        
OPERATIONS                     ADAMS                          23-MAY-87 IONESCU                                                                                                                         
OPERATIONS                     JAMES                          03-DEC-81 SMITH                          17-DEC-80                                                                                        
OPERATIONS                     JAMES                          03-DEC-81 ALLEN                          20-FEB-81                                                                                        
OPERATIONS                     JAMES                          03-DEC-81 WARD                           22-FEB-81                                                                                        
OPERATIONS                     JAMES                          03-DEC-81 JONES                          02-APR-81                                                                                        
OPERATIONS                     JAMES                          03-DEC-81 MARTIN                         28-SEP-81                                                                                        
OPERATIONS                     JAMES                          03-DEC-81 BLAKE                          01-MAY-81                                                                                        
OPERATIONS                     JAMES                          03-DEC-81 CLARK                          09-JUN-81                                                                                        
OPERATIONS                     JAMES                          03-DEC-81 SCOTT                          19-APR-87                                                                                        
OPERATIONS                     JAMES                          03-DEC-81 KING                           17-NOV-81                                                                                        
OPERATIONS                     JAMES                          03-DEC-81 TURNER                         08-SEP-81                                                                                        
OPERATIONS                     JAMES                          03-DEC-81 ADAMS                          23-MAY-87                                                                                        
OPERATIONS                     JAMES                          03-DEC-81 JAMES                          03-DEC-81                                                                                        
OPERATIONS                     JAMES                          03-DEC-81 FORD                           03-DEC-81                                                                                        
OPERATIONS                     JAMES                          03-DEC-81 MILLER                         23-JAN-82                                                                                        
OPERATIONS                     JAMES                          03-DEC-81 IONESCU                                                                                                                         
OPERATIONS                     FORD                           03-DEC-81 SMITH                          17-DEC-80                                                                                        
OPERATIONS                     FORD                           03-DEC-81 ALLEN                          20-FEB-81                                                                                        
OPERATIONS                     FORD                           03-DEC-81 WARD                           22-FEB-81                                                                                        
OPERATIONS                     FORD                           03-DEC-81 JONES                          02-APR-81                                                                                        
OPERATIONS                     FORD                           03-DEC-81 MARTIN                         28-SEP-81                                                                                        
OPERATIONS                     FORD                           03-DEC-81 BLAKE                          01-MAY-81                                                                                        
OPERATIONS                     FORD                           03-DEC-81 CLARK                          09-JUN-81                                                                                        
OPERATIONS                     FORD                           03-DEC-81 SCOTT                          19-APR-87                                                                                        
OPERATIONS                     FORD                           03-DEC-81 KING                           17-NOV-81                                                                                        
OPERATIONS                     FORD                           03-DEC-81 TURNER                         08-SEP-81                                                                                        
OPERATIONS                     FORD                           03-DEC-81 ADAMS                          23-MAY-87                                                                                        
OPERATIONS                     FORD                           03-DEC-81 JAMES                          03-DEC-81                                                                                        
OPERATIONS                     FORD                           03-DEC-81 FORD                           03-DEC-81                                                                                        
OPERATIONS                     FORD                           03-DEC-81 MILLER                         23-JAN-82                                                                                        
OPERATIONS                     FORD                           03-DEC-81 IONESCU                                                                                                                         
OPERATIONS                     MILLER                         23-JAN-82 SMITH                          17-DEC-80                                                                                        
OPERATIONS                     MILLER                         23-JAN-82 ALLEN                          20-FEB-81                                                                                        
OPERATIONS                     MILLER                         23-JAN-82 WARD                           22-FEB-81                                                                                        

Den_depart_subalt              Nume_subalt                    Data_ang_ Nume_sef                       Data_ang_                                                                                        
------------------------------ ------------------------------ --------- ------------------------------ ---------                                                                                        
OPERATIONS                     MILLER                         23-JAN-82 JONES                          02-APR-81                                                                                        
OPERATIONS                     MILLER                         23-JAN-82 MARTIN                         28-SEP-81                                                                                        
OPERATIONS                     MILLER                         23-JAN-82 BLAKE                          01-MAY-81                                                                                        
OPERATIONS                     MILLER                         23-JAN-82 CLARK                          09-JUN-81                                                                                        
OPERATIONS                     MILLER                         23-JAN-82 SCOTT                          19-APR-87                                                                                        
OPERATIONS                     MILLER                         23-JAN-82 KING                           17-NOV-81                                                                                        
OPERATIONS                     MILLER                         23-JAN-82 TURNER                         08-SEP-81                                                                                        
OPERATIONS                     MILLER                         23-JAN-82 ADAMS                          23-MAY-87                                                                                        
OPERATIONS                     MILLER                         23-JAN-82 JAMES                          03-DEC-81                                                                                        
OPERATIONS                     MILLER                         23-JAN-82 FORD                           03-DEC-81                                                                                        
OPERATIONS                     MILLER                         23-JAN-82 MILLER                         23-JAN-82                                                                                        
OPERATIONS                     MILLER                         23-JAN-82 IONESCU                                                                                                                         
OPERATIONS                     IONESCU                                  SMITH                          17-DEC-80                                                                                        
OPERATIONS                     IONESCU                                  ALLEN                          20-FEB-81                                                                                        
OPERATIONS                     IONESCU                                  WARD                           22-FEB-81                                                                                        
OPERATIONS                     IONESCU                                  JONES                          02-APR-81                                                                                        
OPERATIONS                     IONESCU                                  MARTIN                         28-SEP-81                                                                                        
OPERATIONS                     IONESCU                                  BLAKE                          01-MAY-81                                                                                        
OPERATIONS                     IONESCU                                  CLARK                          09-JUN-81                                                                                        
OPERATIONS                     IONESCU                                  SCOTT                          19-APR-87                                                                                        
OPERATIONS                     IONESCU                                  KING                           17-NOV-81                                                                                        
OPERATIONS                     IONESCU                                  TURNER                         08-SEP-81                                                                                        
OPERATIONS                     IONESCU                                  ADAMS                          23-MAY-87                                                                                        
OPERATIONS                     IONESCU                                  JAMES                          03-DEC-81                                                                                        
OPERATIONS                     IONESCU                                  FORD                           03-DEC-81                                                                                        
OPERATIONS                     IONESCU                                  MILLER                         23-JAN-82                                                                                        
OPERATIONS                     IONESCU                                  IONESCU                                                                                                                         

900 rows selected.

SQL> 
SQL> 
SQL> 
SQL> 
SQL> 
SQL> 
SQL> SELECT
  2      d.den_dep AS "Den_depart_subalt",
  3      a1.nume AS "Nume_subalt",
  4      a1.data_ang AS "Data_ang_subalt",
  5      a2.nume AS "Nume_sef",
  6      a2.data_ang AS "Data_ang_sef"
  7  FROM
  8      angajati a1,
  9      angajati a2,
 10      departamente d
 11  WHERE
 12      nvl(a1.comision, 0) = 0 AND
 13      a1.data_ang < a2.data_ang;

Den_depart_subalt              Nume_subalt                    Data_ang_ Nume_sef                       Data_ang_                                                                                        
------------------------------ ------------------------------ --------- ------------------------------ ---------                                                                                        
ACCOUNTING                     SCOTT                          19-APR-87 ADAMS                          23-MAY-87                                                                                        
ACCOUNTING                     MILLER                         23-JAN-82 ADAMS                          23-MAY-87                                                                                        
ACCOUNTING                     FORD                           03-DEC-81 ADAMS                          23-MAY-87                                                                                        
ACCOUNTING                     JAMES                          03-DEC-81 ADAMS                          23-MAY-87                                                                                        
ACCOUNTING                     KING                           17-NOV-81 ADAMS                          23-MAY-87                                                                                        
ACCOUNTING                     TURNER                         08-SEP-81 ADAMS                          23-MAY-87                                                                                        
ACCOUNTING                     CLARK                          09-JUN-81 ADAMS                          23-MAY-87                                                                                        
ACCOUNTING                     BLAKE                          01-MAY-81 ADAMS                          23-MAY-87                                                                                        
ACCOUNTING                     JONES                          02-APR-81 ADAMS                          23-MAY-87                                                                                        
ACCOUNTING                     SMITH                          17-DEC-80 ADAMS                          23-MAY-87                                                                                        
RESEARCH                       SCOTT                          19-APR-87 ADAMS                          23-MAY-87                                                                                        
RESEARCH                       MILLER                         23-JAN-82 ADAMS                          23-MAY-87                                                                                        
RESEARCH                       FORD                           03-DEC-81 ADAMS                          23-MAY-87                                                                                        
RESEARCH                       JAMES                          03-DEC-81 ADAMS                          23-MAY-87                                                                                        
RESEARCH                       KING                           17-NOV-81 ADAMS                          23-MAY-87                                                                                        
RESEARCH                       TURNER                         08-SEP-81 ADAMS                          23-MAY-87                                                                                        
RESEARCH                       CLARK                          09-JUN-81 ADAMS                          23-MAY-87                                                                                        
RESEARCH                       BLAKE                          01-MAY-81 ADAMS                          23-MAY-87                                                                                        
RESEARCH                       JONES                          02-APR-81 ADAMS                          23-MAY-87                                                                                        
RESEARCH                       SMITH                          17-DEC-80 ADAMS                          23-MAY-87                                                                                        
SALES                          SCOTT                          19-APR-87 ADAMS                          23-MAY-87                                                                                        
SALES                          MILLER                         23-JAN-82 ADAMS                          23-MAY-87                                                                                        
SALES                          FORD                           03-DEC-81 ADAMS                          23-MAY-87                                                                                        
SALES                          JAMES                          03-DEC-81 ADAMS                          23-MAY-87                                                                                        
SALES                          KING                           17-NOV-81 ADAMS                          23-MAY-87                                                                                        
SALES                          TURNER                         08-SEP-81 ADAMS                          23-MAY-87                                                                                        
SALES                          CLARK                          09-JUN-81 ADAMS                          23-MAY-87                                                                                        
SALES                          BLAKE                          01-MAY-81 ADAMS                          23-MAY-87                                                                                        
SALES                          JONES                          02-APR-81 ADAMS                          23-MAY-87                                                                                        
SALES                          SMITH                          17-DEC-80 ADAMS                          23-MAY-87                                                                                        
OPERATIONS                     SCOTT                          19-APR-87 ADAMS                          23-MAY-87                                                                                        
OPERATIONS                     MILLER                         23-JAN-82 ADAMS                          23-MAY-87                                                                                        
OPERATIONS                     FORD                           03-DEC-81 ADAMS                          23-MAY-87                                                                                        
OPERATIONS                     JAMES                          03-DEC-81 ADAMS                          23-MAY-87                                                                                        
OPERATIONS                     KING                           17-NOV-81 ADAMS                          23-MAY-87                                                                                        
OPERATIONS                     TURNER                         08-SEP-81 ADAMS                          23-MAY-87                                                                                        
OPERATIONS                     CLARK                          09-JUN-81 ADAMS                          23-MAY-87                                                                                        
OPERATIONS                     BLAKE                          01-MAY-81 ADAMS                          23-MAY-87                                                                                        
OPERATIONS                     JONES                          02-APR-81 ADAMS                          23-MAY-87                                                                                        
OPERATIONS                     SMITH                          17-DEC-80 ADAMS                          23-MAY-87                                                                                        
RESEARCH                       MILLER                         23-JAN-82 SCOTT                          19-APR-87                                                                                        
RESEARCH                       FORD                           03-DEC-81 SCOTT                          19-APR-87                                                                                        
RESEARCH                       JAMES                          03-DEC-81 SCOTT                          19-APR-87                                                                                        
RESEARCH                       KING                           17-NOV-81 SCOTT                          19-APR-87                                                                                        
RESEARCH                       TURNER                         08-SEP-81 SCOTT                          19-APR-87                                                                                        
RESEARCH                       CLARK                          09-JUN-81 SCOTT                          19-APR-87                                                                                        
RESEARCH                       BLAKE                          01-MAY-81 SCOTT                          19-APR-87                                                                                        
RESEARCH                       JONES                          02-APR-81 SCOTT                          19-APR-87                                                                                        
RESEARCH                       SMITH                          17-DEC-80 SCOTT                          19-APR-87                                                                                        
ACCOUNTING                     MILLER                         23-JAN-82 SCOTT                          19-APR-87                                                                                        
ACCOUNTING                     FORD                           03-DEC-81 SCOTT                          19-APR-87                                                                                        
ACCOUNTING                     JAMES                          03-DEC-81 SCOTT                          19-APR-87                                                                                        
ACCOUNTING                     KING                           17-NOV-81 SCOTT                          19-APR-87                                                                                        
ACCOUNTING                     TURNER                         08-SEP-81 SCOTT                          19-APR-87                                                                                        
ACCOUNTING                     CLARK                          09-JUN-81 SCOTT                          19-APR-87                                                                                        
ACCOUNTING                     BLAKE                          01-MAY-81 SCOTT                          19-APR-87                                                                                        
ACCOUNTING                     JONES                          02-APR-81 SCOTT                          19-APR-87                                                                                        
ACCOUNTING                     SMITH                          17-DEC-80 SCOTT                          19-APR-87                                                                                        
OPERATIONS                     MILLER                         23-JAN-82 SCOTT                          19-APR-87                                                                                        
OPERATIONS                     FORD                           03-DEC-81 SCOTT                          19-APR-87                                                                                        
OPERATIONS                     JAMES                          03-DEC-81 SCOTT                          19-APR-87                                                                                        
OPERATIONS                     KING                           17-NOV-81 SCOTT                          19-APR-87                                                                                        
OPERATIONS                     TURNER                         08-SEP-81 SCOTT                          19-APR-87                                                                                        
OPERATIONS                     CLARK                          09-JUN-81 SCOTT                          19-APR-87                                                                                        
OPERATIONS                     BLAKE                          01-MAY-81 SCOTT                          19-APR-87                                                                                        
OPERATIONS                     JONES                          02-APR-81 SCOTT                          19-APR-87                                                                                        
OPERATIONS                     SMITH                          17-DEC-80 SCOTT                          19-APR-87                                                                                        
SALES                          MILLER                         23-JAN-82 SCOTT                          19-APR-87                                                                                        
SALES                          FORD                           03-DEC-81 SCOTT                          19-APR-87                                                                                        
SALES                          JAMES                          03-DEC-81 SCOTT                          19-APR-87                                                                                        
SALES                          KING                           17-NOV-81 SCOTT                          19-APR-87                                                                                        
SALES                          TURNER                         08-SEP-81 SCOTT                          19-APR-87                                                                                        
SALES                          CLARK                          09-JUN-81 SCOTT                          19-APR-87                                                                                        
SALES                          BLAKE                          01-MAY-81 SCOTT                          19-APR-87                                                                                        
SALES                          JONES                          02-APR-81 SCOTT                          19-APR-87                                                                                        
SALES                          SMITH                          17-DEC-80 SCOTT                          19-APR-87                                                                                        
OPERATIONS                     FORD                           03-DEC-81 MILLER                         23-JAN-82                                                                                        
OPERATIONS                     JAMES                          03-DEC-81 MILLER                         23-JAN-82                                                                                        
OPERATIONS                     KING                           17-NOV-81 MILLER                         23-JAN-82                                                                                        
OPERATIONS                     TURNER                         08-SEP-81 MILLER                         23-JAN-82                                                                                        
OPERATIONS                     CLARK                          09-JUN-81 MILLER                         23-JAN-82                                                                                        
OPERATIONS                     BLAKE                          01-MAY-81 MILLER                         23-JAN-82                                                                                        
OPERATIONS                     JONES                          02-APR-81 MILLER                         23-JAN-82                                                                                        
OPERATIONS                     SMITH                          17-DEC-80 MILLER                         23-JAN-82                                                                                        
SALES                          FORD                           03-DEC-81 MILLER                         23-JAN-82                                                                                        
SALES                          JAMES                          03-DEC-81 MILLER                         23-JAN-82                                                                                        
SALES                          KING                           17-NOV-81 MILLER                         23-JAN-82                                                                                        
SALES                          TURNER                         08-SEP-81 MILLER                         23-JAN-82                                                                                        
SALES                          CLARK                          09-JUN-81 MILLER                         23-JAN-82                                                                                        
SALES                          BLAKE                          01-MAY-81 MILLER                         23-JAN-82                                                                                        
SALES                          JONES                          02-APR-81 MILLER                         23-JAN-82                                                                                        
SALES                          SMITH                          17-DEC-80 MILLER                         23-JAN-82                                                                                        
RESEARCH                       FORD                           03-DEC-81 MILLER                         23-JAN-82                                                                                        
RESEARCH                       JAMES                          03-DEC-81 MILLER                         23-JAN-82                                                                                        
RESEARCH                       KING                           17-NOV-81 MILLER                         23-JAN-82                                                                                        
RESEARCH                       TURNER                         08-SEP-81 MILLER                         23-JAN-82                                                                                        
RESEARCH                       CLARK                          09-JUN-81 MILLER                         23-JAN-82                                                                                        

Den_depart_subalt              Nume_subalt                    Data_ang_ Nume_sef                       Data_ang_                                                                                        
------------------------------ ------------------------------ --------- ------------------------------ ---------                                                                                        
RESEARCH                       BLAKE                          01-MAY-81 MILLER                         23-JAN-82                                                                                        
RESEARCH                       JONES                          02-APR-81 MILLER                         23-JAN-82                                                                                        
RESEARCH                       SMITH                          17-DEC-80 MILLER                         23-JAN-82                                                                                        
ACCOUNTING                     FORD                           03-DEC-81 MILLER                         23-JAN-82                                                                                        
ACCOUNTING                     JAMES                          03-DEC-81 MILLER                         23-JAN-82                                                                                        
ACCOUNTING                     KING                           17-NOV-81 MILLER                         23-JAN-82                                                                                        
ACCOUNTING                     TURNER                         08-SEP-81 MILLER                         23-JAN-82                                                                                        
ACCOUNTING                     CLARK                          09-JUN-81 MILLER                         23-JAN-82                                                                                        
ACCOUNTING                     BLAKE                          01-MAY-81 MILLER                         23-JAN-82                                                                                        
ACCOUNTING                     JONES                          02-APR-81 MILLER                         23-JAN-82                                                                                        
ACCOUNTING                     SMITH                          17-DEC-80 MILLER                         23-JAN-82                                                                                        
ACCOUNTING                     KING                           17-NOV-81 FORD                           03-DEC-81                                                                                        
ACCOUNTING                     TURNER                         08-SEP-81 FORD                           03-DEC-81                                                                                        
ACCOUNTING                     CLARK                          09-JUN-81 FORD                           03-DEC-81                                                                                        
ACCOUNTING                     BLAKE                          01-MAY-81 FORD                           03-DEC-81                                                                                        
ACCOUNTING                     JONES                          02-APR-81 FORD                           03-DEC-81                                                                                        
ACCOUNTING                     SMITH                          17-DEC-80 FORD                           03-DEC-81                                                                                        
RESEARCH                       KING                           17-NOV-81 JAMES                          03-DEC-81                                                                                        
RESEARCH                       TURNER                         08-SEP-81 JAMES                          03-DEC-81                                                                                        
RESEARCH                       CLARK                          09-JUN-81 JAMES                          03-DEC-81                                                                                        
RESEARCH                       BLAKE                          01-MAY-81 JAMES                          03-DEC-81                                                                                        
RESEARCH                       JONES                          02-APR-81 JAMES                          03-DEC-81                                                                                        
RESEARCH                       SMITH                          17-DEC-80 JAMES                          03-DEC-81                                                                                        
ACCOUNTING                     KING                           17-NOV-81 JAMES                          03-DEC-81                                                                                        
ACCOUNTING                     TURNER                         08-SEP-81 JAMES                          03-DEC-81                                                                                        
ACCOUNTING                     CLARK                          09-JUN-81 JAMES                          03-DEC-81                                                                                        
ACCOUNTING                     BLAKE                          01-MAY-81 JAMES                          03-DEC-81                                                                                        
ACCOUNTING                     JONES                          02-APR-81 JAMES                          03-DEC-81                                                                                        
ACCOUNTING                     SMITH                          17-DEC-80 JAMES                          03-DEC-81                                                                                        
SALES                          KING                           17-NOV-81 FORD                           03-DEC-81                                                                                        
SALES                          TURNER                         08-SEP-81 FORD                           03-DEC-81                                                                                        
SALES                          CLARK                          09-JUN-81 FORD                           03-DEC-81                                                                                        
SALES                          BLAKE                          01-MAY-81 FORD                           03-DEC-81                                                                                        
SALES                          JONES                          02-APR-81 FORD                           03-DEC-81                                                                                        
SALES                          SMITH                          17-DEC-80 FORD                           03-DEC-81                                                                                        
OPERATIONS                     KING                           17-NOV-81 JAMES                          03-DEC-81                                                                                        
OPERATIONS                     TURNER                         08-SEP-81 JAMES                          03-DEC-81                                                                                        
OPERATIONS                     CLARK                          09-JUN-81 JAMES                          03-DEC-81                                                                                        
OPERATIONS                     BLAKE                          01-MAY-81 JAMES                          03-DEC-81                                                                                        
OPERATIONS                     JONES                          02-APR-81 JAMES                          03-DEC-81                                                                                        
OPERATIONS                     SMITH                          17-DEC-80 JAMES                          03-DEC-81                                                                                        
OPERATIONS                     KING                           17-NOV-81 FORD                           03-DEC-81                                                                                        
OPERATIONS                     TURNER                         08-SEP-81 FORD                           03-DEC-81                                                                                        
OPERATIONS                     CLARK                          09-JUN-81 FORD                           03-DEC-81                                                                                        
OPERATIONS                     BLAKE                          01-MAY-81 FORD                           03-DEC-81                                                                                        
OPERATIONS                     JONES                          02-APR-81 FORD                           03-DEC-81                                                                                        
OPERATIONS                     SMITH                          17-DEC-80 FORD                           03-DEC-81                                                                                        
RESEARCH                       KING                           17-NOV-81 FORD                           03-DEC-81                                                                                        
RESEARCH                       TURNER                         08-SEP-81 FORD                           03-DEC-81                                                                                        
RESEARCH                       CLARK                          09-JUN-81 FORD                           03-DEC-81                                                                                        
RESEARCH                       BLAKE                          01-MAY-81 FORD                           03-DEC-81                                                                                        
RESEARCH                       JONES                          02-APR-81 FORD                           03-DEC-81                                                                                        
RESEARCH                       SMITH                          17-DEC-80 FORD                           03-DEC-81                                                                                        
SALES                          KING                           17-NOV-81 JAMES                          03-DEC-81                                                                                        
SALES                          TURNER                         08-SEP-81 JAMES                          03-DEC-81                                                                                        
SALES                          CLARK                          09-JUN-81 JAMES                          03-DEC-81                                                                                        
SALES                          BLAKE                          01-MAY-81 JAMES                          03-DEC-81                                                                                        
SALES                          JONES                          02-APR-81 JAMES                          03-DEC-81                                                                                        
SALES                          SMITH                          17-DEC-80 JAMES                          03-DEC-81                                                                                        
ACCOUNTING                     TURNER                         08-SEP-81 KING                           17-NOV-81                                                                                        
ACCOUNTING                     CLARK                          09-JUN-81 KING                           17-NOV-81                                                                                        
ACCOUNTING                     BLAKE                          01-MAY-81 KING                           17-NOV-81                                                                                        
ACCOUNTING                     JONES                          02-APR-81 KING                           17-NOV-81                                                                                        
ACCOUNTING                     SMITH                          17-DEC-80 KING                           17-NOV-81                                                                                        
RESEARCH                       TURNER                         08-SEP-81 KING                           17-NOV-81                                                                                        
RESEARCH                       CLARK                          09-JUN-81 KING                           17-NOV-81                                                                                        
RESEARCH                       BLAKE                          01-MAY-81 KING                           17-NOV-81                                                                                        
RESEARCH                       JONES                          02-APR-81 KING                           17-NOV-81                                                                                        
RESEARCH                       SMITH                          17-DEC-80 KING                           17-NOV-81                                                                                        
SALES                          TURNER                         08-SEP-81 KING                           17-NOV-81                                                                                        
SALES                          CLARK                          09-JUN-81 KING                           17-NOV-81                                                                                        
SALES                          BLAKE                          01-MAY-81 KING                           17-NOV-81                                                                                        
SALES                          JONES                          02-APR-81 KING                           17-NOV-81                                                                                        
SALES                          SMITH                          17-DEC-80 KING                           17-NOV-81                                                                                        
OPERATIONS                     TURNER                         08-SEP-81 KING                           17-NOV-81                                                                                        
OPERATIONS                     CLARK                          09-JUN-81 KING                           17-NOV-81                                                                                        
OPERATIONS                     BLAKE                          01-MAY-81 KING                           17-NOV-81                                                                                        
OPERATIONS                     JONES                          02-APR-81 KING                           17-NOV-81                                                                                        
OPERATIONS                     SMITH                          17-DEC-80 KING                           17-NOV-81                                                                                        
RESEARCH                       TURNER                         08-SEP-81 MARTIN                         28-SEP-81                                                                                        
RESEARCH                       CLARK                          09-JUN-81 MARTIN                         28-SEP-81                                                                                        
RESEARCH                       BLAKE                          01-MAY-81 MARTIN                         28-SEP-81                                                                                        
RESEARCH                       JONES                          02-APR-81 MARTIN                         28-SEP-81                                                                                        
RESEARCH                       SMITH                          17-DEC-80 MARTIN                         28-SEP-81                                                                                        
ACCOUNTING                     TURNER                         08-SEP-81 MARTIN                         28-SEP-81                                                                                        
ACCOUNTING                     CLARK                          09-JUN-81 MARTIN                         28-SEP-81                                                                                        
ACCOUNTING                     BLAKE                          01-MAY-81 MARTIN                         28-SEP-81                                                                                        
ACCOUNTING                     JONES                          02-APR-81 MARTIN                         28-SEP-81                                                                                        
ACCOUNTING                     SMITH                          17-DEC-80 MARTIN                         28-SEP-81                                                                                        
SALES                          TURNER                         08-SEP-81 MARTIN                         28-SEP-81                                                                                        
SALES                          CLARK                          09-JUN-81 MARTIN                         28-SEP-81                                                                                        
SALES                          BLAKE                          01-MAY-81 MARTIN                         28-SEP-81                                                                                        
SALES                          JONES                          02-APR-81 MARTIN                         28-SEP-81                                                                                        
SALES                          SMITH                          17-DEC-80 MARTIN                         28-SEP-81                                                                                        
OPERATIONS                     TURNER                         08-SEP-81 MARTIN                         28-SEP-81                                                                                        
OPERATIONS                     CLARK                          09-JUN-81 MARTIN                         28-SEP-81                                                                                        
OPERATIONS                     BLAKE                          01-MAY-81 MARTIN                         28-SEP-81                                                                                        

Den_depart_subalt              Nume_subalt                    Data_ang_ Nume_sef                       Data_ang_                                                                                        
------------------------------ ------------------------------ --------- ------------------------------ ---------                                                                                        
OPERATIONS                     JONES                          02-APR-81 MARTIN                         28-SEP-81                                                                                        
OPERATIONS                     SMITH                          17-DEC-80 MARTIN                         28-SEP-81                                                                                        
RESEARCH                       CLARK                          09-JUN-81 TURNER                         08-SEP-81                                                                                        
RESEARCH                       BLAKE                          01-MAY-81 TURNER                         08-SEP-81                                                                                        
RESEARCH                       JONES                          02-APR-81 TURNER                         08-SEP-81                                                                                        
RESEARCH                       SMITH                          17-DEC-80 TURNER                         08-SEP-81                                                                                        
ACCOUNTING                     CLARK                          09-JUN-81 TURNER                         08-SEP-81                                                                                        
ACCOUNTING                     BLAKE                          01-MAY-81 TURNER                         08-SEP-81                                                                                        
ACCOUNTING                     JONES                          02-APR-81 TURNER                         08-SEP-81                                                                                        
ACCOUNTING                     SMITH                          17-DEC-80 TURNER                         08-SEP-81                                                                                        
OPERATIONS                     CLARK                          09-JUN-81 TURNER                         08-SEP-81                                                                                        
OPERATIONS                     BLAKE                          01-MAY-81 TURNER                         08-SEP-81                                                                                        
OPERATIONS                     JONES                          02-APR-81 TURNER                         08-SEP-81                                                                                        
OPERATIONS                     SMITH                          17-DEC-80 TURNER                         08-SEP-81                                                                                        
SALES                          CLARK                          09-JUN-81 TURNER                         08-SEP-81                                                                                        
SALES                          BLAKE                          01-MAY-81 TURNER                         08-SEP-81                                                                                        
SALES                          JONES                          02-APR-81 TURNER                         08-SEP-81                                                                                        
SALES                          SMITH                          17-DEC-80 TURNER                         08-SEP-81                                                                                        
SALES                          BLAKE                          01-MAY-81 CLARK                          09-JUN-81                                                                                        
SALES                          JONES                          02-APR-81 CLARK                          09-JUN-81                                                                                        
SALES                          SMITH                          17-DEC-80 CLARK                          09-JUN-81                                                                                        
OPERATIONS                     BLAKE                          01-MAY-81 CLARK                          09-JUN-81                                                                                        
OPERATIONS                     JONES                          02-APR-81 CLARK                          09-JUN-81                                                                                        
OPERATIONS                     SMITH                          17-DEC-80 CLARK                          09-JUN-81                                                                                        
ACCOUNTING                     BLAKE                          01-MAY-81 CLARK                          09-JUN-81                                                                                        
ACCOUNTING                     JONES                          02-APR-81 CLARK                          09-JUN-81                                                                                        
ACCOUNTING                     SMITH                          17-DEC-80 CLARK                          09-JUN-81                                                                                        
RESEARCH                       BLAKE                          01-MAY-81 CLARK                          09-JUN-81                                                                                        
RESEARCH                       JONES                          02-APR-81 CLARK                          09-JUN-81                                                                                        
RESEARCH                       SMITH                          17-DEC-80 CLARK                          09-JUN-81                                                                                        
SALES                          JONES                          02-APR-81 BLAKE                          01-MAY-81                                                                                        
SALES                          SMITH                          17-DEC-80 BLAKE                          01-MAY-81                                                                                        
RESEARCH                       JONES                          02-APR-81 BLAKE                          01-MAY-81                                                                                        
RESEARCH                       SMITH                          17-DEC-80 BLAKE                          01-MAY-81                                                                                        
ACCOUNTING                     JONES                          02-APR-81 BLAKE                          01-MAY-81                                                                                        
ACCOUNTING                     SMITH                          17-DEC-80 BLAKE                          01-MAY-81                                                                                        
OPERATIONS                     JONES                          02-APR-81 BLAKE                          01-MAY-81                                                                                        
OPERATIONS                     SMITH                          17-DEC-80 BLAKE                          01-MAY-81                                                                                        
ACCOUNTING                     SMITH                          17-DEC-80 JONES                          02-APR-81                                                                                        
OPERATIONS                     SMITH                          17-DEC-80 JONES                          02-APR-81                                                                                        
SALES                          SMITH                          17-DEC-80 JONES                          02-APR-81                                                                                        
RESEARCH                       SMITH                          17-DEC-80 JONES                          02-APR-81                                                                                        
OPERATIONS                     SMITH                          17-DEC-80 WARD                           22-FEB-81                                                                                        
RESEARCH                       SMITH                          17-DEC-80 WARD                           22-FEB-81                                                                                        
SALES                          SMITH                          17-DEC-80 WARD                           22-FEB-81                                                                                        
ACCOUNTING                     SMITH                          17-DEC-80 WARD                           22-FEB-81                                                                                        
OPERATIONS                     SMITH                          17-DEC-80 ALLEN                          20-FEB-81                                                                                        
ACCOUNTING                     SMITH                          17-DEC-80 ALLEN                          20-FEB-81                                                                                        
SALES                          SMITH                          17-DEC-80 ALLEN                          20-FEB-81                                                                                        
RESEARCH                       SMITH                          17-DEC-80 ALLEN                          20-FEB-81                                                                                        

244 rows selected.

SQL> 
SQL> 
SQL> 
SQL> 
SQL> SELECT
  2      d.den_dep AS "Den_depart_subalt",
  3      a1.nume AS "Nume_subalt",
  4      a1.data_ang AS "Data_ang_subalt",
  5      a2.nume AS "Nume_sef",
  6      a2.data_ang AS "Data_ang_sef"
  7  FROM
  8      angajati a1
  9          INNER JOIN angajati a2
 10                  ON a1.id_sef = a2.id_ang
 11          INNER JOIN departamente d
 12                  ON a1.id_dep = d.id_dep
 13  WHERE
 14      nvl(a1.comision, 0) = 0 AND
 15      a1.data_ang < a2.data_ang;

Den_depart_subalt              Nume_subalt                    Data_ang_ Nume_sef                       Data_ang_                                                                                        
------------------------------ ------------------------------ --------- ------------------------------ ---------                                                                                        
ACCOUNTING                     CLARK                          09-JUN-81 KING                           17-NOV-81                                                                                        
RESEARCH                       JONES                          02-APR-81 KING                           17-NOV-81                                                                                        
RESEARCH                       SMITH                          17-DEC-80 FORD                           03-DEC-81                                                                                        
SALES                          BLAKE                          01-MAY-81 KING                           17-NOV-81                                                                                        

SQL> SELECT
  2      d.den_dep AS "Den_depart_subalt",
  3      a1.nume AS "Nume_subalt",
  4      a1.data_ang AS "Data_ang_subalt",
  5      a2.nume AS "Nume_sef",
  6      a2.data_ang AS "Data_ang_sef"
  7  FROM
  8      angajati a1
  9          INNER JOIN angajati a2
 10                  ON a1.id_sef = a2.id_ang
 11          NATURAL JOIN departamente
 12  WHERE
 13      nvl(a1.comision, 0) = 0 AND
 14      a1.data_ang < a2.data_ang;
    d.den_dep AS "Den_depart_subalt",
    *
ERROR at line 2:
ORA-00904: "D"."DEN_DEP": invalid identifier 


SQL>     a1.data_ang < a2.data_ang;
  2*     d.den_dep AS "Den_depart_subalt",1.data_ang < a2.data_ang
SQL> SELECT
  2      -- d.den_dep AS "Den_depart_subalt",
  3      a1.nume AS "Nume_subalt",
  4      a1.data_ang AS "Data_ang_subalt",
  5      a2.nume AS "Nume_sef",
  6      a2.data_ang AS "Data_ang_sef"
  7  FROM
  8      angajati a1
  9          INNER JOIN angajati a2
 10                  ON a1.id_sef = a2.id_ang
 11          NATURAL JOIN departamente
 12  WHERE
 13      nvl(a1.comision, 0) = 0 AND
 14      a1.data_ang < a2.data_ang;

Nume_subalt                    Data_ang_ Nume_sef                       Data_ang_                                                                                                                       
------------------------------ --------- ------------------------------ ---------                                                                                                                       
JONES                          02-APR-81 KING                           17-NOV-81                                                                                                                       
JONES                          02-APR-81 KING                           17-NOV-81                                                                                                                       
JONES                          02-APR-81 KING                           17-NOV-81                                                                                                                       
JONES                          02-APR-81 KING                           17-NOV-81                                                                                                                       
BLAKE                          01-MAY-81 KING                           17-NOV-81                                                                                                                       
BLAKE                          01-MAY-81 KING                           17-NOV-81                                                                                                                       
BLAKE                          01-MAY-81 KING                           17-NOV-81                                                                                                                       
BLAKE                          01-MAY-81 KING                           17-NOV-81                                                                                                                       
CLARK                          09-JUN-81 KING                           17-NOV-81                                                                                                                       
CLARK                          09-JUN-81 KING                           17-NOV-81                                                                                                                       
CLARK                          09-JUN-81 KING                           17-NOV-81                                                                                                                       
CLARK                          09-JUN-81 KING                           17-NOV-81                                                                                                                       
SMITH                          17-DEC-80 FORD                           03-DEC-81                                                                                                                       
SMITH                          17-DEC-80 FORD                           03-DEC-81                                                                                                                       
SMITH                          17-DEC-80 FORD                           03-DEC-81                                                                                                                       
SMITH                          17-DEC-80 FORD                           03-DEC-81                                                                                                                       

16 rows selected.

SQL> SELECT
  2      d.den_dep AS "Den_depart_subalt",
  3      a1.nume AS "Nume_subalt",
  4      a1.data_ang AS "Data_ang_subalt",
  5      a2.nume AS "Nume_sef",
  6      a2.data_ang AS "Data_ang_sef"
  7  FROM
  8      angajati a1
  9          INNER JOIN angajati a2
 10                  ON a1.id_sef = a2.id_ang
 11          INNER JOIN departamente d
 12                  ON a1.id_dep = d.id_dep
 13  WHERE
 14      nvl(a1.comision, 0) = 0 AND
 15      a1.data_ang < a2.data_ang;

Den_depart_subalt              Nume_subalt                    Data_ang_ Nume_sef                       Data_ang_                                                                                        
------------------------------ ------------------------------ --------- ------------------------------ ---------                                                                                        
ACCOUNTING                     CLARK                          09-JUN-81 KING                           17-NOV-81                                                                                        
RESEARCH                       JONES                          02-APR-81 KING                           17-NOV-81                                                                                        
RESEARCH                       SMITH                          17-DEC-80 FORD                           03-DEC-81                                                                                        
SALES                          BLAKE                          01-MAY-81 KING                           17-NOV-81                                                                                        

SQL> SELECT
  2      departamente.den_dep AS "Den_depart_subalt",
  3      a1.nume AS "Nume_subalt",
  4      a1.data_ang AS "Data_ang_subalt",
  5      a2.nume AS "Nume_sef",
  6      a2.data_ang AS "Data_ang_sef"
  7  FROM
  8      angajati a1
  9          INNER JOIN angajati a2
 10                  ON a1.id_sef = a2.id_ang
 11          NATURAL JOIN departamente
 12  ;

Den_depart_subalt              Nume_subalt                    Data_ang_ Nume_sef                       Data_ang_                                                                                        
------------------------------ ------------------------------ --------- ------------------------------ ---------                                                                                        
ACCOUNTING                     SCOTT                          19-APR-87 JONES                          02-APR-81                                                                                        
ACCOUNTING                     FORD                           03-DEC-81 JONES                          02-APR-81                                                                                        
RESEARCH                       SCOTT                          19-APR-87 JONES                          02-APR-81                                                                                        
RESEARCH                       FORD                           03-DEC-81 JONES                          02-APR-81                                                                                        
SALES                          SCOTT                          19-APR-87 JONES                          02-APR-81                                                                                        
SALES                          FORD                           03-DEC-81 JONES                          02-APR-81                                                                                        
OPERATIONS                     SCOTT                          19-APR-87 JONES                          02-APR-81                                                                                        
OPERATIONS                     FORD                           03-DEC-81 JONES                          02-APR-81                                                                                        
ACCOUNTING                     ALLEN                          20-FEB-81 BLAKE                          01-MAY-81                                                                                        
ACCOUNTING                     WARD                           22-FEB-81 BLAKE                          01-MAY-81                                                                                        
ACCOUNTING                     MARTIN                         28-SEP-81 BLAKE                          01-MAY-81                                                                                        
ACCOUNTING                     TURNER                         08-SEP-81 BLAKE                          01-MAY-81                                                                                        
ACCOUNTING                     JAMES                          03-DEC-81 BLAKE                          01-MAY-81                                                                                        
RESEARCH                       ALLEN                          20-FEB-81 BLAKE                          01-MAY-81                                                                                        
RESEARCH                       WARD                           22-FEB-81 BLAKE                          01-MAY-81                                                                                        
RESEARCH                       MARTIN                         28-SEP-81 BLAKE                          01-MAY-81                                                                                        
RESEARCH                       TURNER                         08-SEP-81 BLAKE                          01-MAY-81                                                                                        
RESEARCH                       JAMES                          03-DEC-81 BLAKE                          01-MAY-81                                                                                        
SALES                          ALLEN                          20-FEB-81 BLAKE                          01-MAY-81                                                                                        
SALES                          WARD                           22-FEB-81 BLAKE                          01-MAY-81                                                                                        
SALES                          MARTIN                         28-SEP-81 BLAKE                          01-MAY-81                                                                                        
SALES                          TURNER                         08-SEP-81 BLAKE                          01-MAY-81                                                                                        
SALES                          JAMES                          03-DEC-81 BLAKE                          01-MAY-81                                                                                        
OPERATIONS                     ALLEN                          20-FEB-81 BLAKE                          01-MAY-81                                                                                        
OPERATIONS                     WARD                           22-FEB-81 BLAKE                          01-MAY-81                                                                                        
OPERATIONS                     MARTIN                         28-SEP-81 BLAKE                          01-MAY-81                                                                                        
OPERATIONS                     TURNER                         08-SEP-81 BLAKE                          01-MAY-81                                                                                        
OPERATIONS                     JAMES                          03-DEC-81 BLAKE                          01-MAY-81                                                                                        
ACCOUNTING                     MILLER                         23-JAN-82 CLARK                          09-JUN-81                                                                                        
RESEARCH                       MILLER                         23-JAN-82 CLARK                          09-JUN-81                                                                                        
SALES                          MILLER                         23-JAN-82 CLARK                          09-JUN-81                                                                                        
OPERATIONS                     MILLER                         23-JAN-82 CLARK                          09-JUN-81                                                                                        
ACCOUNTING                     ADAMS                          23-MAY-87 SCOTT                          19-APR-87                                                                                        
RESEARCH                       ADAMS                          23-MAY-87 SCOTT                          19-APR-87                                                                                        
SALES                          ADAMS                          23-MAY-87 SCOTT                          19-APR-87                                                                                        
OPERATIONS                     ADAMS                          23-MAY-87 SCOTT                          19-APR-87                                                                                        
ACCOUNTING                     JONES                          02-APR-81 KING                           17-NOV-81                                                                                        
ACCOUNTING                     BLAKE                          01-MAY-81 KING                           17-NOV-81                                                                                        
ACCOUNTING                     CLARK                          09-JUN-81 KING                           17-NOV-81                                                                                        
RESEARCH                       JONES                          02-APR-81 KING                           17-NOV-81                                                                                        
RESEARCH                       BLAKE                          01-MAY-81 KING                           17-NOV-81                                                                                        
RESEARCH                       CLARK                          09-JUN-81 KING                           17-NOV-81                                                                                        
SALES                          JONES                          02-APR-81 KING                           17-NOV-81                                                                                        
SALES                          BLAKE                          01-MAY-81 KING                           17-NOV-81                                                                                        
SALES                          CLARK                          09-JUN-81 KING                           17-NOV-81                                                                                        
OPERATIONS                     JONES                          02-APR-81 KING                           17-NOV-81                                                                                        
OPERATIONS                     BLAKE                          01-MAY-81 KING                           17-NOV-81                                                                                        
OPERATIONS                     CLARK                          09-JUN-81 KING                           17-NOV-81                                                                                        
ACCOUNTING                     SMITH                          17-DEC-80 FORD                           03-DEC-81                                                                                        
RESEARCH                       SMITH                          17-DEC-80 FORD                           03-DEC-81                                                                                        
SALES                          SMITH                          17-DEC-80 FORD                           03-DEC-81                                                                                        
OPERATIONS                     SMITH                          17-DEC-80 FORD                           03-DEC-81                                                                                        

52 rows selected.

SQL> 
SQL> 
SQL> SELECT
  2      departamente.den_dep AS "Den_depart_subalt",
  3      a1.nume AS "Nume_subalt",
  4      a1.data_ang AS "Data_ang_subalt",
  5      a2.nume AS "Nume_sef",
  6      a2.data_ang AS "Data_ang_sef"
  7  FROM
  8      angajati a1
  9          INNER JOIN angajati a2
 10                  ON a1.id_sef = a2.id_ang
 11          NATURAL JOIN departamente
 12  WHERE
 13      nvl(a1.comision, 0) = 0 AND
 14      a1.data_ang < a2.data_ang;

Den_depart_subalt              Nume_subalt                    Data_ang_ Nume_sef                       Data_ang_                                                                                        
------------------------------ ------------------------------ --------- ------------------------------ ---------                                                                                        
ACCOUNTING                     JONES                          02-APR-81 KING                           17-NOV-81                                                                                        
RESEARCH                       JONES                          02-APR-81 KING                           17-NOV-81                                                                                        
SALES                          JONES                          02-APR-81 KING                           17-NOV-81                                                                                        
OPERATIONS                     JONES                          02-APR-81 KING                           17-NOV-81                                                                                        
ACCOUNTING                     BLAKE                          01-MAY-81 KING                           17-NOV-81                                                                                        
RESEARCH                       BLAKE                          01-MAY-81 KING                           17-NOV-81                                                                                        
SALES                          BLAKE                          01-MAY-81 KING                           17-NOV-81                                                                                        
OPERATIONS                     BLAKE                          01-MAY-81 KING                           17-NOV-81                                                                                        
ACCOUNTING                     CLARK                          09-JUN-81 KING                           17-NOV-81                                                                                        
RESEARCH                       CLARK                          09-JUN-81 KING                           17-NOV-81                                                                                        
SALES                          CLARK                          09-JUN-81 KING                           17-NOV-81                                                                                        
OPERATIONS                     CLARK                          09-JUN-81 KING                           17-NOV-81                                                                                        
ACCOUNTING                     SMITH                          17-DEC-80 FORD                           03-DEC-81                                                                                        
RESEARCH                       SMITH                          17-DEC-80 FORD                           03-DEC-81                                                                                        
SALES                          SMITH                          17-DEC-80 FORD                           03-DEC-81                                                                                        
OPERATIONS                     SMITH                          17-DEC-80 FORD                           03-DEC-81                                                                                        

16 rows selected.

SQL> SELECT
  2      departamente.den_dep AS "Den_depart_subalt",
  3      a1.nume AS "Nume_subalt",
  4      a1.data_ang AS "Data_ang_subalt",
  5      a2.nume AS "Nume_sef",
  6      a2.data_ang AS "Data_ang_sef"
  7  FROM
  8      angajati a1
  9          NATURAL JOIN departamente
 10          INNER JOIN angajati a2
 11                  ON a1.id_sef = a2.id_ang
 12  WHERE
 13      nvl(a1.comision, 0) = 0 AND
 14      a1.data_ang < a2.data_ang;

Den_depart_subalt              Nume_subalt                    Data_ang_ Nume_sef                       Data_ang_                                                                                        
------------------------------ ------------------------------ --------- ------------------------------ ---------                                                                                        
ACCOUNTING                     CLARK                          09-JUN-81 KING                           17-NOV-81                                                                                        
RESEARCH                       JONES                          02-APR-81 KING                           17-NOV-81                                                                                        
RESEARCH                       SMITH                          17-DEC-80 FORD                           03-DEC-81                                                                                        
SALES                          BLAKE                          01-MAY-81 KING                           17-NOV-81                                                                                        

SQL> SELECT
  2      d.den_dep AS "Den_depart_subalt",
  3      a1.nume AS "Nume_subalt",
  4      a1.data_ang AS "Data_ang_subalt",
  5      a2.nume AS "Nume_sef",
  6      a2.data_ang AS "Data_ang_sef"
  7  FROM
  8      angajati a1
  9      angajati a2,
 10      departamente d
 11  WHERE
 12      a1.id_sef = a2.id_ang AND
 13      a1.id_dep = d.id_dep AND
 14      nvl(a1.comision, 0) = 0 AND
 15      a1.data_ang < a2.data_ang;
    angajati a2,
    *
ERROR at line 9:
ORA-00933: SQL command not properly ended 


SQL> SELECT
  2      d.den_dep AS "Den_depart_subalt",
  3      a1.nume AS "Nume_subalt",
  4      a1.data_ang AS "Data_ang_subalt",
  5      a2.nume AS "Nume_sef",
  6      a2.data_ang AS "Data_ang_sef"
  7  FROM
  8      angajati a1,
  9      angajati a2,
 10      departamente d
 11  WHERE
 12      a1.id_sef = a2.id_ang AND
 13      a1.id_dep = d.id_dep AND
 14      nvl(a1.comision, 0) = 0 AND
 15      a1.data_ang < a2.data_ang;

Den_depart_subalt              Nume_subalt                    Data_ang_ Nume_sef                       Data_ang_                                                                                        
------------------------------ ------------------------------ --------- ------------------------------ ---------                                                                                        
ACCOUNTING                     CLARK                          09-JUN-81 KING                           17-NOV-81                                                                                        
RESEARCH                       JONES                          02-APR-81 KING                           17-NOV-81                                                                                        
RESEARCH                       SMITH                          17-DEC-80 FORD                           03-DEC-81                                                                                        
SALES                          BLAKE                          01-MAY-81 KING                           17-NOV-81                                                                                        

SQL> SELECT
  2      departamente.den_dep AS "Den_depart_subalt",
  3      a1.nume AS "Nume_subalt",
  4      a1.data_ang AS "Data_ang_subalt",
  5      a2.nume AS "Nume_sef",
  6      a2.data_ang AS "Data_ang_sef"
  7  FROM
  8      angajati a1
  9          NATURAL JOIN departamente
 10          INNER JOIN angajati a2
 11                  ON a1.id_sef = a2.id_ang
 12  WHERE
 13      a1.data_ang < a2.data_ang
 14  
SQL> MINUS
SP2-0042: unknown command "MINUS" - rest of line ignored.
SQL> 
SQL> SELECT
  2      departamente.den_dep AS "Den_depart_subalt",
  3      a1.nume AS "Nume_subalt",
  4      a1.data_ang AS "Data_ang_subalt",
  5      a2.nume AS "Nume_sef",
  6      a2.data_ang AS "Data_ang_sef"
  7  FROM
  8      angajati a1
  9          NATURAL JOIN departamente
 10          INNER JOIN angajati a2
 11                  ON a1.id_sef = a2.id_ang
 12  WHERE
 13      nvl(a1.comision, 0) <> 0;

Den_depart_subalt              Nume_subalt                    Data_ang_ Nume_sef                       Data_ang_                                                                                        
------------------------------ ------------------------------ --------- ------------------------------ ---------                                                                                        
SALES                          ALLEN                          20-FEB-81 BLAKE                          01-MAY-81                                                                                        
SALES                          WARD                           22-FEB-81 BLAKE                          01-MAY-81                                                                                        
SALES                          MARTIN                         28-SEP-81 BLAKE                          01-MAY-81                                                                                        

SQL> SELECT
  2      departamente.den_dep AS "Den_depart_subalt",
  3      a1.nume AS "Nume_subalt",
  4      a1.data_ang AS "Data_ang_subalt",
  5      a2.nume AS "Nume_sef",
  6      a2.data_ang AS "Data_ang_sef"
  7  FROM
  8      angajati a1
  9          NATURAL JOIN departamente
 10          INNER JOIN angajati a2
 11                  ON a1.id_sef = a2.id_ang
 12  WHERE
 13      nvl(a1.comision, 0) = 0 AND
 14      a1.data_ang < a2.data_ang;

Den_depart_subalt              Nume_subalt                    Data_ang_ Nume_sef                       Data_ang_                                                                                        
------------------------------ ------------------------------ --------- ------------------------------ ---------                                                                                        
ACCOUNTING                     CLARK                          09-JUN-81 KING                           17-NOV-81                                                                                        
RESEARCH                       JONES                          02-APR-81 KING                           17-NOV-81                                                                                        
RESEARCH                       SMITH                          17-DEC-80 FORD                           03-DEC-81                                                                                        
SALES                          BLAKE                          01-MAY-81 KING                           17-NOV-81                                                                                        

SQL> SELECT
  2      departamente.den_dep AS "Den_depart_subalt",
  3      a1.nume AS "Nume_subalt",
  4      a1.data_ang AS "Data_ang_subalt",
  5      a2.nume AS "Nume_sef",
  6      a2.data_ang AS "Data_ang_sef"
  7  FROM
  8      angajati a1
  9          INNER JOIN angajati a2
 10                  ON a1.id_sef = a2.id_ang
 11          INNER JOIN departamente d
 12                  ON a1.id_dep = d.id_dep
 13  WHERE
 14      a1.data_ang < a2.data_ang
 15  
SQL> MINUS
SP2-0042: unknown command "MINUS" - rest of line ignored.
SQL> 
SQL> SELECT
  2      departamente.den_dep AS "Den_depart_subalt",
  3      a1.nume AS "Nume_subalt",
  4      a1.data_ang AS "Data_ang_subalt",
  5      a2.nume AS "Nume_sef",
  6      a2.data_ang AS "Data_ang_sef"
  7  FROM
  8      angajati a1
  9          INNER JOIN angajati a2
 10                  ON a1.id_sef = a2.id_ang
 11          INNER JOIN departamente d
 12                  ON a1.id_dep = d.id_dep
 13  WHERE
 14      nvl(a1.comision, 0) <> 0;
    departamente.den_dep AS "Den_depart_subalt",
    *
ERROR at line 2:
ORA-00904: "DEPARTAMENTE"."DEN_DEP": invalid identifier 


SQL> SELECT
  2      d.den_dep AS "Den_depart_subalt",
  3      a1.nume AS "Nume_subalt",
  4      a1.data_ang AS "Data_ang_subalt",
  5      a2.nume AS "Nume_sef",
  6      a2.data_ang AS "Data_ang_sef"
  7  FROM
  8      angajati a1
  9          INNER JOIN angajati a2
 10                  ON a1.id_sef = a2.id_ang
 11          INNER JOIN departamente d
 12                  ON a1.id_dep = d.id_dep
 13  WHERE
 14      a1.data_ang < a2.data_ang
 15  
SQL> MINUS
SP2-0042: unknown command "MINUS" - rest of line ignored.
SQL> 
SQL> SELECT
  2      d.den_dep AS "Den_depart_subalt",
  3      a1.nume AS "Nume_subalt",
  4      a1.data_ang AS "Data_ang_subalt",
  5      a2.nume AS "Nume_sef",
  6      a2.data_ang AS "Data_ang_sef"
  7  FROM
  8      angajati a1
  9          INNER JOIN angajati a2
 10                  ON a1.id_sef = a2.id_ang
 11          INNER JOIN departamente d
 12                  ON a1.id_dep = d.id_dep
 13  WHERE
 14      nvl(a1.comision, 0) <> 0;

Den_depart_subalt              Nume_subalt                    Data_ang_ Nume_sef                       Data_ang_                                                                                        
------------------------------ ------------------------------ --------- ------------------------------ ---------                                                                                        
SALES                          ALLEN                          20-FEB-81 BLAKE                          01-MAY-81                                                                                        
SALES                          WARD                           22-FEB-81 BLAKE                          01-MAY-81                                                                                        
SALES                          MARTIN                         28-SEP-81 BLAKE                          01-MAY-81                                                                                        

SQL> SELECT
  2      d.den_dep AS "Den_depart_subalt",
  3      a1.nume AS "Nume_subalt",
  4      a1.data_ang AS "Data_ang_subalt",
  5      a2.nume AS "Nume_sef",
  6      a2.data_ang AS "Data_ang_sef"
  7  FROM
  8      angajati a1
  9          INNER JOIN angajati a2
 10                  ON a1.id_sef = a2.id_ang
 11          INNER JOIN departamente d
 12                  ON a1.id_dep = d.id_dep
 13  WHERE
 14      a1.data_ang < a2.data_ang
 15  
SQL> MINUS
SP2-0042: unknown command "MINUS" - rest of line ignored.
SQL> 
SQL> SELECT
  2      d.den_dep AS "Den_depart_subalt",
  3      a1.nume AS "Nume_subalt",
  4      a1.data_ang AS "Data_ang_subalt",
  5      a2.nume AS "Nume_sef",
  6      a2.data_ang AS "Data_ang_sef"
  7  FROM
  8      angajati a1
  9          INNER JOIN angajati a2
 10                  ON a1.id_sef = a2.id_ang
 11          INNER JOIN departamente d
 12                  ON a1.id_dep = d.id_dep
 13  WHERE
 14      nvl(a1.comision, 0) != 0;

Den_depart_subalt              Nume_subalt                    Data_ang_ Nume_sef                       Data_ang_                                                                                        
------------------------------ ------------------------------ --------- ------------------------------ ---------                                                                                        
SALES                          ALLEN                          20-FEB-81 BLAKE                          01-MAY-81                                                                                        
SALES                          WARD                           22-FEB-81 BLAKE                          01-MAY-81                                                                                        
SALES                          MARTIN                         28-SEP-81 BLAKE                          01-MAY-81                                                                                        

SQL> SELECT
  2      d.den_dep AS "Den_depart_subalt",
  3      a1.nume AS "Nume_subalt",
  4      a1.data_ang AS "Data_ang_subalt",
  5      a2.nume AS "Nume_sef",
  6      a2.data_ang AS "Data_ang_sef"
  7  FROM
  8      angajati a1
  9          INNER JOIN angajati a2
 10                  ON a1.id_sef = a2.id_ang
 11          INNER JOIN departamente d
 12                  ON a1.id_dep = d.id_dep
 13  WHERE
 14      nvl(a1.comision, 0) > 0
 15  
SQL> MINUS
SP2-0042: unknown command "MINUS" - rest of line ignored.
SQL> 
SQL> SELECT
  2      d.den_dep AS "Den_depart_subalt",
  3      a1.nume AS "Nume_subalt",
  4      a1.data_ang AS "Data_ang_subalt",
  5      a2.nume AS "Nume_sef",
  6      a2.data_ang AS "Data_ang_sef"
  7  FROM
  8      angajati a1
  9          INNER JOIN angajati a2
 10                  ON a1.id_sef = a2.id_ang
 11          INNER JOIN departamente d
 12                  ON a1.id_dep = d.id_dep
 13  WHERE
 14      a1.data_ang < a2.data_ang;

Den_depart_subalt              Nume_subalt                    Data_ang_ Nume_sef                       Data_ang_                                                                                        
------------------------------ ------------------------------ --------- ------------------------------ ---------                                                                                        
ACCOUNTING                     CLARK                          09-JUN-81 KING                           17-NOV-81                                                                                        
RESEARCH                       JONES                          02-APR-81 KING                           17-NOV-81                                                                                        
RESEARCH                       SMITH                          17-DEC-80 FORD                           03-DEC-81                                                                                        
SALES                          ALLEN                          20-FEB-81 BLAKE                          01-MAY-81                                                                                        
SALES                          WARD                           22-FEB-81 BLAKE                          01-MAY-81                                                                                        
SALES                          BLAKE                          01-MAY-81 KING                           17-NOV-81                                                                                        

6 rows selected.

SQL> SELECT
  2      d.den_dep AS "Den_depart_subalt",
  3      a1.nume AS "Nume_subalt",
  4      a1.data_ang AS "Data_ang_subalt",
  5      a2.nume AS "Nume_sef",
  6      a2.data_ang AS "Data_ang_sef"
  7  FROM
  8      angajati a1
  9          INNER JOIN angajati a2
 10                  ON a1.id_sef = a2.id_ang
 11          INNER JOIN departamente d
 12                  ON a1.id_dep = d.id_dep
 13  WHERE
 14      nvl(a1.comision, 0) = 0
 15  
SQL> MINUS
SP2-0042: unknown command "MINUS" - rest of line ignored.
SQL> 
SQL> SELECT
  2      d.den_dep AS "Den_depart_subalt",
  3      a1.nume AS "Nume_subalt",
  4      a1.data_ang AS "Data_ang_subalt",
  5      a2.nume AS "Nume_sef",
  6      a2.data_ang AS "Data_ang_sef"
  7  FROM
  8      angajati a1
  9          INNER JOIN angajati a2
 10                  ON a1.id_sef = a2.id_ang
 11          INNER JOIN departamente d
 12                  ON a1.id_dep = d.id_dep
 13  WHERE
 14      a1.data_ang < a2.data_ang;

Den_depart_subalt              Nume_subalt                    Data_ang_ Nume_sef                       Data_ang_                                                                                        
------------------------------ ------------------------------ --------- ------------------------------ ---------                                                                                        
ACCOUNTING                     CLARK                          09-JUN-81 KING                           17-NOV-81                                                                                        
RESEARCH                       JONES                          02-APR-81 KING                           17-NOV-81                                                                                        
RESEARCH                       SMITH                          17-DEC-80 FORD                           03-DEC-81                                                                                        
SALES                          ALLEN                          20-FEB-81 BLAKE                          01-MAY-81                                                                                        
SALES                          WARD                           22-FEB-81 BLAKE                          01-MAY-81                                                                                        
SALES                          BLAKE                          01-MAY-81 KING                           17-NOV-81                                                                                        

6 rows selected.

SQL> SELECT
  2      departamente.den_dep AS "Den_depart_subalt",
  3      a1.nume AS "Nume_subalt",
  4      a1.data_ang AS "Data_ang_subalt",
  5      a2.nume AS "Nume_sef",
  6      a2.data_ang AS "Data_ang_sef"
  7  FROM
  8      angajati a1
  9          NATURAL JOIN departamente
 10          INNER JOIN angajati a2
 11                  ON a1.id_sef = a2.id_ang
 12  WHERE
 13      nvl(a1.comision, 0) = 0 AND
 14      a1.data_ang < a2.data_ang;

Den_depart_subalt              Nume_subalt                    Data_ang_ Nume_sef                       Data_ang_                                                                                        
------------------------------ ------------------------------ --------- ------------------------------ ---------                                                                                        
ACCOUNTING                     CLARK                          09-JUN-81 KING                           17-NOV-81                                                                                        
RESEARCH                       JONES                          02-APR-81 KING                           17-NOV-81                                                                                        
RESEARCH                       SMITH                          17-DEC-80 FORD                           03-DEC-81                                                                                        
SALES                          BLAKE                          01-MAY-81 KING                           17-NOV-81                                                                                        

SQL> SELECT
  2      d.den_dep AS "Den_depart_subalt",
  3      a1.nume AS "Nume_subalt",
  4      a1.data_ang AS "Data_ang_subalt",
  5      a2.nume AS "Nume_sef",
  6      a2.data_ang AS "Data_ang_sef"
  7  FROM
  8      angajati a1
  9          INNER JOIN angajati a2
 10                  ON a1.id_sef = a2.id_ang
 11          INNER JOIN departamente d
 12                  ON a1.id_dep = d.id_dep
 13  WHERE
 14      a1.data_ang < a2.data_ang
 15  
SQL> MINUS
SP2-0042: unknown command "MINUS" - rest of line ignored.
SQL> 
SQL> SELECT
  2      d.den_dep AS "Den_depart_subalt",
  3      a1.nume AS "Nume_subalt",
  4      a1.data_ang AS "Data_ang_subalt",
  5      a2.nume AS "Nume_sef",
  6      a2.data_ang AS "Data_ang_sef"
  7  FROM
  8      angajati a1
  9          INNER JOIN angajati a2
 10                  ON a1.id_sef = a2.id_ang
 11          INNER JOIN departamente d
 12                  ON a1.id_dep = d.id_dep
 13  WHERE
 14      nvl(a1.comision, 0) > 0;

Den_depart_subalt              Nume_subalt                    Data_ang_ Nume_sef                       Data_ang_                                                                                        
------------------------------ ------------------------------ --------- ------------------------------ ---------                                                                                        
SALES                          ALLEN                          20-FEB-81 BLAKE                          01-MAY-81                                                                                        
SALES                          WARD                           22-FEB-81 BLAKE                          01-MAY-81                                                                                        
SALES                          MARTIN                         28-SEP-81 BLAKE                          01-MAY-81                                                                                        

SQL> SELECT
  2      d.den_dep AS "Den_depart_subalt",
  3      a1.nume AS "Nume_subalt",
  4      a1.data_ang AS "Data_ang_subalt",
  5      a2.nume AS "Nume_sef",
  6      a2.data_ang AS "Data_ang_sef"
  7  FROM
  8      angajati a1
  9          INNER JOIN angajati a2
 10                  ON a1.id_sef = a2.id_ang
 11          INNER JOIN departamente d
 12                  ON a1.id_dep = d.id_dep
 13  WHERE
 14      a1.data_ang < a2.data_ang
 15  
SQL> UNION
SP2-0042: unknown command "UNION" - rest of line ignored.
SQL> 
SQL> SELECT
  2      d.den_dep AS "Den_depart_subalt",
  3      a1.nume AS "Nume_subalt",
  4      a1.data_ang AS "Data_ang_subalt",
  5      a2.nume AS "Nume_sef",
  6      a2.data_ang AS "Data_ang_sef"
  7  FROM
  8      angajati a1
  9          INNER JOIN angajati a2
 10                  ON a1.id_sef = a2.id_ang
 11          INNER JOIN departamente d
 12                  ON a1.id_dep = d.id_dep
 13  WHERE
 14      nvl(a1.comision, 0) = 0;

Den_depart_subalt              Nume_subalt                    Data_ang_ Nume_sef                       Data_ang_                                                                                        
------------------------------ ------------------------------ --------- ------------------------------ ---------                                                                                        
RESEARCH                       SCOTT                          19-APR-87 JONES                          02-APR-81                                                                                        
RESEARCH                       FORD                           03-DEC-81 JONES                          02-APR-81                                                                                        
SALES                          TURNER                         08-SEP-81 BLAKE                          01-MAY-81                                                                                        
SALES                          JAMES                          03-DEC-81 BLAKE                          01-MAY-81                                                                                        
ACCOUNTING                     MILLER                         23-JAN-82 CLARK                          09-JUN-81                                                                                        
RESEARCH                       ADAMS                          23-MAY-87 SCOTT                          19-APR-87                                                                                        
RESEARCH                       JONES                          02-APR-81 KING                           17-NOV-81                                                                                        
SALES                          BLAKE                          01-MAY-81 KING                           17-NOV-81                                                                                        
ACCOUNTING                     CLARK                          09-JUN-81 KING                           17-NOV-81                                                                                        
RESEARCH                       SMITH                          17-DEC-80 FORD                           03-DEC-81                                                                                        

10 rows selected.

SQL> SELECT
  2      d.den_dep AS "Den_depart_subalt",
  3      a1.nume AS "Nume_subalt",
  4      a1.data_ang AS "Data_ang_subalt",
  5      a2.nume AS "Nume_sef",
  6      a2.data_ang AS "Data_ang_sef"
  7  FROM
  8      angajati a1
  9          INNER JOIN angajati a2
 10                  ON a1.id_sef = a2.id_ang
 11          INNER JOIN departamente d
 12                  ON a1.id_dep = d.id_dep
 13  WHERE
 14      a1.data_ang < a2.data_ang
 15  
SQL> intersect
SP2-0042: unknown command "intersect" - rest of line ignored.
SQL> 
SQL> SELECT
  2      d.den_dep AS "Den_depart_subalt",
  3      a1.nume AS "Nume_subalt",
  4      a1.data_ang AS "Data_ang_subalt",
  5      a2.nume AS "Nume_sef",
  6      a2.data_ang AS "Data_ang_sef"
  7  FROM
  8      angajati a1
  9          INNER JOIN angajati a2
 10                  ON a1.id_sef = a2.id_ang
 11          INNER JOIN departamente d
 12                  ON a1.id_dep = d.id_dep
 13  WHERE
 14      nvl(a1.comision, 0) = 0;

Den_depart_subalt              Nume_subalt                    Data_ang_ Nume_sef                       Data_ang_                                                                                        
------------------------------ ------------------------------ --------- ------------------------------ ---------                                                                                        
RESEARCH                       SCOTT                          19-APR-87 JONES                          02-APR-81                                                                                        
RESEARCH                       FORD                           03-DEC-81 JONES                          02-APR-81                                                                                        
SALES                          TURNER                         08-SEP-81 BLAKE                          01-MAY-81                                                                                        
SALES                          JAMES                          03-DEC-81 BLAKE                          01-MAY-81                                                                                        
ACCOUNTING                     MILLER                         23-JAN-82 CLARK                          09-JUN-81                                                                                        
RESEARCH                       ADAMS                          23-MAY-87 SCOTT                          19-APR-87                                                                                        
RESEARCH                       JONES                          02-APR-81 KING                           17-NOV-81                                                                                        
SALES                          BLAKE                          01-MAY-81 KING                           17-NOV-81                                                                                        
ACCOUNTING                     CLARK                          09-JUN-81 KING                           17-NOV-81                                                                                        
RESEARCH                       SMITH                          17-DEC-80 FORD                           03-DEC-81                                                                                        

10 rows selected.

SQL> SELECT
  2      d.den_dep AS "Den_depart_subalt",
  3      a1.nume AS "Nume_subalt",
  4      a1.data_ang AS "Data_ang_subalt",
  5      a2.nume AS "Nume_sef",
  6      a2.data_ang AS "Data_ang_sef"
  7  FROM
  8      angajati a1
  9          INNER JOIN angajati a2
 10                  ON a1.id_sef = a2.id_ang
 11          INNER JOIN departamente d
 12                  ON a1.id_dep = d.id_dep
 13  WHERE
 14      a1.data_ang < a2.data_ang;

Den_depart_subalt              Nume_subalt                    Data_ang_ Nume_sef                       Data_ang_                                                                                        
------------------------------ ------------------------------ --------- ------------------------------ ---------                                                                                        
ACCOUNTING                     CLARK                          09-JUN-81 KING                           17-NOV-81                                                                                        
RESEARCH                       JONES                          02-APR-81 KING                           17-NOV-81                                                                                        
RESEARCH                       SMITH                          17-DEC-80 FORD                           03-DEC-81                                                                                        
SALES                          ALLEN                          20-FEB-81 BLAKE                          01-MAY-81                                                                                        
SALES                          WARD                           22-FEB-81 BLAKE                          01-MAY-81                                                                                        
SALES                          BLAKE                          01-MAY-81 KING                           17-NOV-81                                                                                        

6 rows selected.

SQL> SELECT
  2      d.den_dep AS "Den_depart_subalt",
  3      a1.nume AS "Nume_subalt",
  4      a1.data_ang AS "Data_ang_subalt",
  5      a2.nume AS "Nume_sef",
  6      a2.data_ang AS "Data_ang_sef"
  7  FROM
  8      angajati a1
  9          INNER JOIN angajati a2
 10                  ON a1.id_sef = a2.id_ang
 11          INNER JOIN departamente d
 12                  ON a1.id_dep = d.id_dep
 13  WHERE
 14      nvl(a1.comision, 0) = 0;

Den_depart_subalt              Nume_subalt                    Data_ang_ Nume_sef                       Data_ang_                                                                                        
------------------------------ ------------------------------ --------- ------------------------------ ---------                                                                                        
RESEARCH                       SCOTT                          19-APR-87 JONES                          02-APR-81                                                                                        
RESEARCH                       FORD                           03-DEC-81 JONES                          02-APR-81                                                                                        
SALES                          TURNER                         08-SEP-81 BLAKE                          01-MAY-81                                                                                        
SALES                          JAMES                          03-DEC-81 BLAKE                          01-MAY-81                                                                                        
ACCOUNTING                     MILLER                         23-JAN-82 CLARK                          09-JUN-81                                                                                        
RESEARCH                       ADAMS                          23-MAY-87 SCOTT                          19-APR-87                                                                                        
RESEARCH                       JONES                          02-APR-81 KING                           17-NOV-81                                                                                        
SALES                          BLAKE                          01-MAY-81 KING                           17-NOV-81                                                                                        
ACCOUNTING                     CLARK                          09-JUN-81 KING                           17-NOV-81                                                                                        
RESEARCH                       SMITH                          17-DEC-80 FORD                           03-DEC-81                                                                                        

10 rows selected.

SQL> SELECT
  2      d.den_dep AS "Den_depart_subalt",
  3      a1.nume AS "Nume_subalt",
  4      a1.data_ang AS "Data_ang_subalt",
  5      a2.nume AS "Nume_sef",
  6      a2.data_ang AS "Data_ang_sef"
  7  FROM
  8      angajati a1
  9          INNER JOIN angajati a2
 10                  ON a1.id_sef = a2.id_ang
 11          INNER JOIN departamente d
 12                  ON a1.id_dep = d.id_dep
 13  WHERE
 14      a1.data_ang < a2.data_ang
 15  
SQL> intersect
SP2-0042: unknown command "intersect" - rest of line ignored.
SQL> 
SQL> SELECT
  2      d.den_dep AS "Den_depart_subalt",
  3      a1.nume AS "Nume_subalt",
  4      a1.data_ang AS "Data_ang_subalt",
  5      a2.nume AS "Nume_sef",
  6      a2.data_ang AS "Data_ang_sef"
  7  FROM
  8      angajati a1
  9          INNER JOIN angajati a2
 10                  ON a1.id_sef = a2.id_ang
 11          INNER JOIN departamente d
 12                  ON a1.id_dep = d.id_dep
 13  WHERE
 14      nvl(a1.comision, 0) = 0;

Den_depart_subalt              Nume_subalt                    Data_ang_ Nume_sef                       Data_ang_                                                                                        
------------------------------ ------------------------------ --------- ------------------------------ ---------                                                                                        
RESEARCH                       SCOTT                          19-APR-87 JONES                          02-APR-81                                                                                        
RESEARCH                       FORD                           03-DEC-81 JONES                          02-APR-81                                                                                        
SALES                          TURNER                         08-SEP-81 BLAKE                          01-MAY-81                                                                                        
SALES                          JAMES                          03-DEC-81 BLAKE                          01-MAY-81                                                                                        
ACCOUNTING                     MILLER                         23-JAN-82 CLARK                          09-JUN-81                                                                                        
RESEARCH                       ADAMS                          23-MAY-87 SCOTT                          19-APR-87                                                                                        
RESEARCH                       JONES                          02-APR-81 KING                           17-NOV-81                                                                                        
SALES                          BLAKE                          01-MAY-81 KING                           17-NOV-81                                                                                        
ACCOUNTING                     CLARK                          09-JUN-81 KING                           17-NOV-81                                                                                        
RESEARCH                       SMITH                          17-DEC-80 FORD                           03-DEC-81                                                                                        

10 rows selected.

SQL> SELECT
  2      d.den_dep AS "Den_depart_subalt",
  3      a1.nume AS "Nume_subalt",
  4      a1.data_ang AS "Data_ang_subalt",
  5      a2.nume AS "Nume_sef",
  6      a2.data_ang AS "Data_ang_sef"
  7  FROM
  8      angajati a1
  9          INNER JOIN angajati a2
 10                  ON a1.id_sef = a2.id_ang
 11          INNER JOIN departamente d
 12                  ON a1.id_dep = d.id_dep
 13  WHERE
 14      a1.data_ang < a2.data_ang
 15  INTERSECT
 16  SELECT
 17      d.den_dep AS "Den_depart_subalt",
 18      a1.nume AS "Nume_subalt",
 19      a1.data_ang AS "Data_ang_subalt",
 20      a2.nume AS "Nume_sef",
 21      a2.data_ang AS "Data_ang_sef"
 22  FROM
 23      angajati a1
 24          INNER JOIN angajati a2
 25                  ON a1.id_sef = a2.id_ang
 26          INNER JOIN departamente d
 27                  ON a1.id_dep = d.id_dep
 28  WHERE
 29      nvl(a1.comision, 0) = 0;

Den_depart_subalt              Nume_subalt                    Data_ang_ Nume_sef                       Data_ang_                                                                                        
------------------------------ ------------------------------ --------- ------------------------------ ---------                                                                                        
ACCOUNTING                     CLARK                          09-JUN-81 KING                           17-NOV-81                                                                                        
RESEARCH                       JONES                          02-APR-81 KING                           17-NOV-81                                                                                        
RESEARCH                       SMITH                          17-DEC-80 FORD                           03-DEC-81                                                                                        
SALES                          BLAKE                          01-MAY-81 KING                           17-NOV-81                                                                                        

SQL> SELECT
  2      d.den_dep AS "Den_depart_subalt",
  3      a1.nume AS "Nume_subalt",
  4      a1.data_ang AS "Data_ang_subalt",
  5      a2.nume AS "Nume_sef",
  6      a2.data_ang AS "Data_ang_sef"
  7  FROM
  8      angajati a1,
  9      angajati a2,
 10      departamente d
 11  WHERE
 12      a1.id_sef = a2.id_ang AND
 13      a1.id_dep = d.id_dep AND
 14      nvl(a1.comision, 0) = 0 AND
 15      a1.data_ang < a2.data_ang;

Den_depart_subalt              Nume_subalt                    Data_ang_ Nume_sef                       Data_ang_                                                                                        
------------------------------ ------------------------------ --------- ------------------------------ ---------                                                                                        
ACCOUNTING                     CLARK                          09-JUN-81 KING                           17-NOV-81                                                                                        
RESEARCH                       JONES                          02-APR-81 KING                           17-NOV-81                                                                                        
RESEARCH                       SMITH                          17-DEC-80 FORD                           03-DEC-81                                                                                        
SALES                          BLAKE                          01-MAY-81 KING                           17-NOV-81                                                                                        

SQL> SELECT
  2      d.den_dep AS "Den_depart_subalt",
  3      a1.nume AS "Nume_subalt",
  4      a1.data_ang AS "Data_ang_subalt",
  5      a2.nume AS "Nume_sef",
  6      a2.data_ang AS "Data_ang_sef"
  7  FROM
  8      angajati a1
  9          INNER JOIN angajati a2
 10                  ON a1.id_sef = a2.id_ang
 11          JOIN departamente d
 12                  USING (id_dep)
 13  WHERE
 14      nvl(a1.comision, 0) = 0 AND
 15      a1.data_ang < a2.data_ang;
                USING (id_dep)
                       *
ERROR at line 12:
ORA-00918: column ambiguously defined 


SQL> SELECT
  2      d.den_dep AS "Den_depart_subalt",
  3      a1.nume AS "Nume_subalt",
  4      a1.data_ang AS "Data_ang_subalt",
  5      a2.nume AS "Nume_sef",
  6      a2.data_ang AS "Data_ang_sef"
  7  FROM
  8      angajati a1
  9          INNER JOIN angajati a2
 10                  ON a1.id_sef = a2.id_ang
 11          INNER JOIN departamente d
 12                  USING (id_dep)
 13  WHERE
 14      nvl(a1.comision, 0) = 0 AND
 15      a1.data_ang < a2.data_ang;
                USING (id_dep)
                       *
ERROR at line 12:
ORA-00918: column ambiguously defined 


SQL> SELECT
  2      d.den_dep AS "Den_depart_subalt",
  3      a1.nume AS "Nume_subalt",
  4      a1.data_ang AS "Data_ang_subalt",
  5      a2.nume AS "Nume_sef",
  6      a2.data_ang AS "Data_ang_sef"
  7  FROM
  8      angajati a1
  9          INNER JOIN departamente d
 10                  USING (id_dep)
 11          INNER JOIN angajati a2
 12                  ON a1.id_sef = a2.id_ang
 13  WHERE
 14      nvl(a1.comision, 0) = 0 AND
 15      a1.data_ang < a2.data_ang;

Den_depart_subalt              Nume_subalt                    Data_ang_ Nume_sef                       Data_ang_                                                                                        
------------------------------ ------------------------------ --------- ------------------------------ ---------                                                                                        
ACCOUNTING                     CLARK                          09-JUN-81 KING                           17-NOV-81                                                                                        
RESEARCH                       JONES                          02-APR-81 KING                           17-NOV-81                                                                                        
RESEARCH                       SMITH                          17-DEC-80 FORD                           03-DEC-81                                                                                        
SALES                          BLAKE                          01-MAY-81 KING                           17-NOV-81                                                                                        

SQL> SELECT
  2      d.den_dep AS "Den_depart_subalt",
  3      a1.nume AS "Nume_subalt",
  4      a1.data_ang AS "Data_ang_subalt",
  5      a2.nume AS "Nume_sef",
  6      a2.data_ang AS "Data_ang_sef"
  7  FROM
  8      angajati a1
  9          INNER JOIN angajati a2
 10                  ON a1.id_sef = a2.id_ang
 11          INNER JOIN departamente d
 12                  ON a1.id_dep = d.id_dep
 13  WHERE
 14      a1.data_ang < a2.data_ang
 15  MINUS
 16  SELECT
 17      d.den_dep AS "Den_depart_subalt",
 18      a1.nume AS "Nume_subalt",
 19      a1.data_ang AS "Data_ang_subalt",
 20      a2.nume AS "Nume_sef",
 21      a2.data_ang AS "Data_ang_sef"
 22  FROM
 23      angajati a1
 24          INNER JOIN angajati a2
 25                  ON a1.id_sef = a2.id_ang
 26          INNER JOIN departamente d
 27                  ON a1.id_dep = d.id_dep
 28  WHERE
 29      nvl(a1.comision, 0) > 0;

Den_depart_subalt              Nume_subalt                    Data_ang_ Nume_sef                       Data_ang_                                                                                        
------------------------------ ------------------------------ --------- ------------------------------ ---------                                                                                        
ACCOUNTING                     CLARK                          09-JUN-81 KING                           17-NOV-81                                                                                        
RESEARCH                       JONES                          02-APR-81 KING                           17-NOV-81                                                                                        
RESEARCH                       SMITH                          17-DEC-80 FORD                           03-DEC-81                                                                                        
SALES                          BLAKE                          01-MAY-81 KING                           17-NOV-81                                                                                        

SQL> update login_lab_bd set data_sf= sysdate where laborator='Lab5';

1 row updated.

SQL> update login_lab_bd set durata= round((data_sf-data_in)*24*60) where laborator='Lab5';

1 row updated.

SQL> commit;

Commit complete.

SQL> select instance_number,instance_name, to_char(startup_time, 'dd-mm-yyyy hh:mi:ss'), host_name
  2  from v$instance;

INSTANCE_NUMBER INSTANCE_NAME    TO_CHAR(STARTUP_TIM HOST_NAME                                                                                                                                          
--------------- ---------------- ------------------- ----------------------------------------------------------------                                                                                   
              1 db19c            01-04-2021 05:45:50 DESKTOP-04HOUK7                                                                                                                                    

SQL> select nume_stud, grupa, laborator, to_char(data_in, 'dd-mm-yyyy hh:mi:ss') data_inceput,
  2  to_char(data_sf, 'dd-mm-yyyy hh:mi:ss') data_sfarsit, durata minute_lucrate from login_lab_bd;

NUME_STUD                      GRUPA      LABORATOR  DATA_INCEPUT        DATA_SFARSIT        MINUTE_LUCRATE                                                                                             
------------------------------ ---------- ---------- ------------------- ------------------- --------------                                                                                             
Filimon Adrian                 334CC      Lab5       01-04-2021 10:34:47 01-04-2021 12:20:40            106                                                                                             
Filimon Adrian                 334CC      Lab2       12-03-2021 12:12:12 12-03-2021 02:48:03            156                                                                                             
Filimon Adrian                 334CC      Lab3       18-03-2021 10:13:27 18-03-2021 12:01:56            108                                                                                             
Filimon Adrian                 334CC      Lab3       18-03-2021 11:25:15 18-03-2021 12:01:56             37                                                                                             
Filimon Adrian                 334CC      Lab4       26-03-2021 10:23:25 26-03-2021 12:30:51            127                                                                                             

SQL> spool off;
